<html>
<body>
<pre>
<h1>µVision Build Log</h1>
<h2>Tool Versions:</h2>
IDE-Version: µVision V5.24.2.0
Copyright (C) 2017 ARM Ltd and ARM Germany GmbH. All rights reserved.
License Information: Simon Biwer, Hochschule Bonn-Rhein-Sieg, LIC=----
 
Tool Versions:
Toolchain:       MDK-Lite  Version: 5.24.1
Toolchain Path:  C:\Bin\Keil_v5\ARM\ARMCC\Bin
C Compiler:      Armcc.exe V5.06 update 5 (build 528)
Assembler:       Armasm.exe V5.06 update 5 (build 528)
Linker/Locator:  ArmLink.exe V5.06 update 5 (build 528)
Library Manager: ArmAr.exe V5.06 update 5 (build 528)
Hex Converter:   FromElf.exe V5.06 update 5 (build 528)
CPU DLL:         SARMCM3.DLL V5.24.1
Dialog DLL:      DCM.DLL V1.16.0.0
Target DLL:      STLink\ST-LINKIII-KEIL_SWO.dll V3.0.1.0
Dialog DLL:      TCM.DLL V1.32.0.0
 
<h2>Project:</h2>
C:\dev\projectMicroV\Template_Project\main_STM32F7xx.uvprojx
Project File Date:  06/04/2022

<h2>Output:</h2>
*** Using Compiler 'V5.06 update 5 (build 528)', folder: 'C:\Bin\Keil_v5\ARM\ARMCC\Bin'
Build target 'Target'
creating preprocessor file for main.cpp...
compiling main.cpp...
Src\Button.h(45): warning:  #1-D: last line of file ends without a newline
  };
Src\Coordinate.h(16): warning:  #1-D: last line of file ends without a newline
  };
Src\View.h(55): warning:  #1-D: last line of file ends without a newline
  //EOF
Src\Square.h(31): warning:  #1-D: last line of file ends without a newline
  };
Src\Controller.h(107): warning:  #1-D: last line of file ends without a newline
  //EOF
Src\main.cpp: 5 warnings, 0 errors
linking...
Program Size: Code=25334 RO-data=3602 RW-data=496 ZI-data=24416  
FromELF: creating hex file...
".\Bin\Keil\STM32F7xx\main.axf" - 0 Error(s), 5 Warning(s).

<h2>Software Packages used:</h2>

Package Vendor: Keil
                http://www.keil.com/pack/Keil.STM32F7xx_DFP.2.14.1.pack
                Keil.STM32F7xx_DFP.2.14.1
                STMicroelectronics STM32F7 Series Device Support, Drivers and Examples

<h2>Collection of Component include folders:</h2>
  .\RTE\_Target
  C:\Bin\Keil_v5\ARM\PACK\Keil\STM32F7xx_DFP\2.14.1\Drivers\CMSIS\Device\ST\STM32F7xx\Include

<h2>Collection of Component Files used:</h2>
Build Time Elapsed:  00:00:03
</pre>
</body>
</html>
