Component: ARM Compiler 5.06 update 5 (build 528) Tool: armlink [4d35e2]

==============================================================================

Section Cross References

    main.o(i.__sti___8_main_cpp_sys) refers to lib.o(i._ZN7cSystemC1Eh) for cSystem::cSystem(unsigned char)
    main.o(i.__sti___8_main_cpp_sys) refers to lib.o(i._ZN10cHwTimer_NC1ENS_7TimerIdEj) for cHwTimer_N::cHwTimer_N(cHwTimer_N::TimerId, unsigned)
    main.o(i.__sti___8_main_cpp_sys) refers to lib.o(i._ZN9cHwPort_NC1ENS_6PortIdE) for cHwPort_N::cHwPort_N(cHwPort_N::PortId)
    main.o(i.__sti___8_main_cpp_sys) refers to lib.o(i._ZN8cHwADC_0C1EP8cHwTimer) for cHwADC_0::cHwADC_0(cHwTimer*)
    main.o(i.__sti___8_main_cpp_sys) refers to lib.o(i._ZN15cDevAnalogInADCC1ER6cHwADChffh) for cDevAnalogInADC::cDevAnalogInADC(cHwADC&, unsigned char, float, float, unsigned char)
    main.o(i.__sti___8_main_cpp_sys) refers to lib.o(i._ZN8cHwDAC_0C1Ev) for cHwDAC_0::cHwDAC_0()
    main.o(i.__sti___8_main_cpp_sys) refers to lib.o(i._ZN16cDevAnalogOutDACC1ER6cHwDAChff) for cDevAnalogOutDAC::cDevAnalogOutDAC(cHwDAC&, unsigned char, float, float)
    main.o(i.__sti___8_main_cpp_sys) refers to main.o(i._ZN6cHwFMCC1ENS_7FMCtypeEb) for cHwFMC::cHwFMC(cHwFMC::FMCtype, bool)
    main.o(i.__sti___8_main_cpp_sys) refers to lib.o(i._ZN7cHwPort3PinC1ERS_h) for cHwPort::Pin::Pin(cHwPort&, unsigned char)
    main.o(i.__sti___8_main_cpp_sys) refers to lib.o(i._ZN14cHwDisplayFontC1EPK24cHwDisplayFontPropertiesPKh) for cHwDisplayFont::cHwDisplayFont(const cHwDisplayFontProperties*, const unsigned char*)
    main.o(i.__sti___8_main_cpp_sys) refers to disp_otm8009a.o(i._ZN19cHwDisp_OTM8009AramC1ER6cHwDSIRN7cHwPort3PinEN16cHwDisp_OTM8009A11OrientationE14cHwDisplayFonth) for cHwDisp_OTM8009Aram::cHwDisp_OTM8009Aram(cHwDSI&, cHwPort::Pin&, cHwDisp_OTM8009A::Orientation, cHwDisplayFont, unsigned char)
    main.o(i.__sti___8_main_cpp_sys) refers to lib.o(i._ZN18cDevDisplayGraphicC1ER17cHwDisplayGraphic) for cDevDisplayGraphic::cDevDisplayGraphic(cHwDisplayGraphic&)
    main.o(i.__sti___8_main_cpp_sys) refers to lib.o(i._ZN14cHwI2Cmaster_NC1ENS_6I2C_IDEN12cHwI2Cmaster4MODEEh) for cHwI2Cmaster_N::cHwI2Cmaster_N(cHwI2Cmaster_N::I2C_ID, cHwI2Cmaster::MODE, unsigned char)
    main.o(i.__sti___8_main_cpp_sys) refers to touch_ft6206.o(i._ZN15cHwTouch_FT6206C1ER12cHwI2Cmaster) for cHwTouch_FT6206::cHwTouch_FT6206(cHwI2Cmaster&)
    main.o(i.__sti___8_main_cpp_sys) refers to lib.o(i._ZN18cDevControlPointerC1ER8cHwTouch) for cDevControlPointer::cDevControlPointer(cHwTouch&)
    main.o(i.__sti___8_main_cpp_sys) refers to lib.o(i._ZN11cDevDigitalC1ER7cHwPorthNS_4ModeEb) for cDevDigital::cDevDigital(cHwPort&, unsigned char, cDevDigital::Mode, bool)
    main.o(i.__sti___8_main_cpp_sys) refers to lib.o(i._ZN26cDevControlEncoderJoystickC1EP11cDevDigitalS1_S1_P8cHwTimert) for cDevControlEncoderJoystick::cDevControlEncoderJoystick(cDevDigital*, cDevDigital*, cDevDigital*, cHwTimer*, unsigned short)
    main.o(i.__sti___8_main_cpp_sys) refers to lib.o(i._ZN8cHwRTC_0C1ENS_17RTC_ClockConfig_tE) for cHwRTC_0::cHwRTC_0(cHwRTC_0::RTC_ClockConfig_t)
    main.o(i.__sti___8_main_cpp_sys) refers to lib.o(i._ZN12cTaskHandlerC1EP8cHwTimer) for cTaskHandler::cTaskHandler(cHwTimer*)
    main.o(i.__sti___8_main_cpp_sys) refers to lib.o(i._ZN12cTaskHandler4TaskC2ERS_) for cTaskHandler::Task::Task__sub_object(cTaskHandler&)
    main.o(i.__sti___8_main_cpp_sys) refers to rtos.o(i._ZN5cRTOSC2Ev) for cRTOS::cRTOS__sub_object()
    main.o(i.__sti___8_main_cpp_sys) refers to dflt_clz.o(x$fpl$dfltu) for __aeabi_ui2d
    main.o(i.__sti___8_main_cpp_sys) refers to dmul.o(x$fpl$dmul) for __aeabi_dmul
    main.o(i.__sti___8_main_cpp_sys) refers to daddsub_clz.o(x$fpl$dsub) for __aeabi_dsub
    main.o(i.__sti___8_main_cpp_sys) refers to dfixu.o(x$fpl$dfixu) for __aeabi_d2uiz
    main.o(i.__sti___8_main_cpp_sys) refers to rtos.o(i._ZN5cRTOS4TaskC2ERS_j) for cRTOS::Task::Task__sub_object(cRTOS&, unsigned)
    main.o(i.__sti___8_main_cpp_sys) refers to rtos.o(i._ZN5cRTOS5TimerC1Et) for cRTOS::Timer::Timer(unsigned short)
    main.o(i.__sti___8_main_cpp_sys) refers to rtos.o(i._ZN5cRTOS4Task5StartEv) for cRTOS::Task::Start()
    main.o(i.__sti___8_main_cpp_sys) refers to aeabi_atexit.o(.text) for __aeabi_atexit
    main.o(i.__sti___8_main_cpp_sys) refers to main.o(.data) for .data
    main.o(i.__sti___8_main_cpp_sys) refers to main.o(.bss) for .bss
    main.o(i.__sti___8_main_cpp_sys) refers to main.o(.constdata__ZTV6cHwDSI) for vtable for cHwDSI
    main.o(i.__sti___8_main_cpp_sys) refers to main.o(.constdata) for .constdata
    main.o(i.__sti___8_main_cpp_sys) refers to main.o(.constdata__ZTV13cTask_Example) for vtable for cTask_Example
    main.o(i.__sti___8_main_cpp_sys) refers to main.o(.constdata__ZTV8cRTOS_RRILh3EE) for vtable for cRTOS_RR<(unsigned char)3>
    main.o(i.__sti___8_main_cpp_sys) refers to main.o(i._ZN5cRTOS8scheduleEjh) for cRTOS::schedule(unsigned, unsigned char)
[...]
    cHwDisp_OTM8009Aram::setArea(unsigned short, unsigned short, unsigned short, unsigned short) 0x08003ca9   Thumb Code    38  disp_otm8009a.o(i._ZN19cHwDisp_OTM8009Aram7setAreaEtttt)
    cHwDisp_OTM8009Aram::setPixel(unsigned short) 0x08003ccf   Thumb Code    52  disp_otm8009a.o(i._ZN19cHwDisp_OTM8009Aram8setPixelEt)
    cHwDisp_OTM8009Aram::setPixel(unsigned short, unsigned short, unsigned short) 0x08003d03   Thumb Code    22  disp_otm8009a.o(i._ZN19cHwDisp_OTM8009Aram8setPixelEttt)
    cHwDisp_OTM8009Aram::cHwDisp_OTM8009Aram(cHwDSI&, cHwPort::Pin&, cHwDisp_OTM8009A::Orientation, cHwDisplayFont, unsigned char) 0x08003d19   Thumb Code   206  disp_otm8009a.o(i._ZN19cHwDisp_OTM8009AramC1ER6cHwDSIRN7cHwPort3PinEN16cHwDisp_OTM8009A11OrientationE14cHwDisplayFonth)
    cHwDisp_OTM8009Aram::cHwDisp_OTM8009Aram__sub_object(cHwDSI&, cHwPort::Pin&, cHwDisp_OTM8009A::Orientation, cHwDisplayFont, unsigned char) 0x08003d19   Thumb Code     0  disp_otm8009a.o(i._ZN19cHwDisp_OTM8009AramC1ER6cHwDSIRN7cHwPort3PinEN16cHwDisp_OTM8009A11OrientationE14cHwDisplayFonth)
    cDevControlEncoderJoystick::getIncrement() 0x08003df5   Thumb Code    98  lib.o(i._ZN26cDevControlEncoderJoystick12getIncrementEv)
    cDevControlEncoderJoystick::cDevControlEncoderJoystick(cDevDigital*, cDevDigital*, cDevDigital*, cHwTimer*, unsigned short) 0x08003e59   Thumb Code    80  lib.o(i._ZN26cDevControlEncoderJoystickC1EP11cDevDigitalS1_S1_P8cHwTimert)
    cDevControlEncoderJoystick::cDevControlEncoderJoystick__sub_object(cDevDigital*, cDevDigital*, cDevDigital*, cHwTimer*, unsigned short) 0x08003e59   Thumb Code     0  lib.o(i._ZN26cDevControlEncoderJoystickC1EP11cDevDigitalS1_S1_P8cHwTimert)
    View::createStartView(Button, Button)    0x08003ead   Thumb Code   304  main.o(i._ZN4View15createStartViewE6ButtonS0_)
    View::drawCross(Coordinate)              0x08003fe9   Thumb Code    94  main.o(i._ZN4View9drawCrossE10Coordinate)
    cList::add(cList::Item*)                 0x08004047   Thumb Code    34  lib.o(i._ZN5cList3addEPNS_4ItemE)
    cList::Item::update()                    0x08004069   Thumb Code     2  lib.o(i._ZN5cList4Item6updateEv)
    cList::Item::Item(cList*)                0x0800406d   Thumb Code    28  lib.o(i._ZN5cList4ItemC1EPS_)
    cList::Item::Item__sub_object(cList*)    0x0800406d   Thumb Code     0  lib.o(i._ZN5cList4ItemC1EPS_)
    cList::updateAll()                       0x0800408d   Thumb Code    22  lib.o(i._ZN5cList9updateAllEv)
    cList::cList()                           0x080040a3   Thumb Code     6  lib.o(i._ZN5cListC1Ev)
    cList::cList__sub_object()               0x080040a3   Thumb Code     0  lib.o(i._ZN5cListC1Ev)
    cRTOS::Stop(cRTOS::Task&)                0x080040a9   Thumb Code    40  rtos.o(i._ZN5cRTOS4StopERNS_4TaskE)
    cRTOS::Task::Stop()                      0x080040d5   Thumb Code    36  rtos.o(i._ZN5cRTOS4Task4StopEv)
    cRTOS::Task::Pause(unsigned short)       0x080040f9   Thumb Code    30  rtos.o(i._ZN5cRTOS4Task5PauseEt)
    cRTOS::Task::Start()                     0x08004117   Thumb Code    36  rtos.o(i._ZN5cRTOS4Task5StartEv)
    cRTOS::Task::Finish()                    0x0800413b   Thumb Code    34  rtos.o(i._ZN5cRTOS4Task6FinishEv)
    cRTOS::Task::OnStop()                    0x0800415d   Thumb Code     2  rtos.o(i._ZN5cRTOS4Task6OnStopEv)
    cRTOS::Task::OnStart()                   0x0800415f   Thumb Code     2  rtos.o(i._ZN5cRTOS4Task7OnStartEv)
    cRTOS::Task::starter(void*)              0x08004161   Thumb Code    24  rtos.o(i._ZN5cRTOS4Task7starterEPv)
    cRTOS::Task::Task__sub_object(cRTOS&, unsigned) 0x08004179   Thumb Code    28  rtos.o(i._ZN5cRTOS4TaskC2ERS_j)
    cRTOS::Task::~Task()                     0x08004199   Thumb Code     0  rtos.o(i._ZN5cRTOS4TaskD2Ev)
    cRTOS::Task::~Task__sub_object()         0x08004199   Thumb Code    30  rtos.o(i._ZN5cRTOS4TaskD2Ev)
    cRTOS::Pause(cRTOS::Task&)               0x080041bd   Thumb Code    12  rtos.o(i._ZN5cRTOS5PauseERNS_4TaskE)
    cRTOS::Start(cRTOS::Task&)               0x080041cd   Thumb Code   128  rtos.o(i._ZN5cRTOS5StartERNS_4TaskE)
    cRTOS::Timer::getTimeOfTic()             0x08004259   Thumb Code     6  rtos.o(i._ZN5cRTOS5Timer12getTimeOfTicEv)
    cRTOS::Timer::getTics()                  0x0800425f   Thumb Code     4  rtos.o(i._ZN5cRTOS5Timer7getTicsEv)
    cRTOS::Timer::Timer(unsigned short)      0x08004265   Thumb Code    28  rtos.o(i._ZN5cRTOS5TimerC1Et)
    cRTOS::Timer::Timer__sub_object(unsigned short) 0x08004265   Thumb Code     0  rtos.o(i._ZN5cRTOS5TimerC1Et)
    cRTOS::schedule(unsigned, unsigned char) 0x08004285   Thumb Code    28  main.o(i._ZN5cRTOS8scheduleEjh)
    cRTOS::cRTOS__sub_object()               0x080042a5   Thumb Code    10  rtos.o(i._ZN5cRTOSC2Ev)
    Button::contains(int, int)               0x080042b9   Thumb Code    38  main.o(i._ZN6Button8containsEii)
    Button::Button(int, int, int, int)       0x080042df   Thumb Code    14  main.o(i._ZN6ButtonC1Eiiii)
    Button::Button__sub_object(int, int, int, int) 0x080042df   Thumb Code     0  main.o(i._ZN6ButtonC1Eiiii)
    cHwADC::get(unsigned char)               0x080042ed   Thumb Code    38  lib.o(i._ZN6cHwADC3getEh)
    cHwADC::isr()                            0x08004313   Thumb Code    82  lib.o(i._ZN6cHwADC3isrEv)
    cHwADC::enable(unsigned char, unsigned char) 0x08004365   Thumb Code    78  lib.o(i._ZN6cHwADC6enableEhh)
    cHwADC::update()                         0x080043b3   Thumb Code    44  lib.o(i._ZN6cHwADC6updateEv)
    cHwADC::cHwADC__sub_object(unsigned char, cHwTimer*) 0x080043e1   Thumb Code    78  lib.o(i._ZN6cHwADCC2EhP8cHwTimer)
    cHwDAC::cHwDAC__sub_object(unsigned char) 0x08004435   Thumb Code     8  lib.o(i._ZN6cHwDACC2Eh)
    cHwDSI::writeShort(unsigned char, unsigned char) 0x08004441   Thumb Code    26  main.o(i._ZN6cHwDSI10writeShortEhh)
    cHwDSI::DisplayRefresh()                 0x08004461   Thumb Code    12  disp_otm8009a.o(i._ZN6cHwDSI14DisplayRefreshEv)
    cHwDSI::Init(unsigned short, unsigned short, bool) 0x08004471   Thumb Code   356  disp_otm8009a.o(i._ZN6cHwDSI4InitEttb)
    cHwDSI::writeLong(unsigned char*, unsigned) 0x08004605   Thumb Code    64  main.o(i._ZN6cHwDSI9writeLongEPhj)
    cHwFMC::SDRAM_Init()                     0x08004649   Thumb Code   146  main.o(i._ZN6cHwFMC10SDRAM_InitEv)
    cHwFMC::SendCommand(unsigned, unsigned, unsigned) 0x080046ed   Thumb Code    62  main.o(i._ZN6cHwFMC11SendCommandEjjj)
    cHwFMC::cHwFMC(cHwFMC::FMCtype, bool)    0x0800472d   Thumb Code   510  main.o(i._ZN6cHwFMCC1ENS_7FMCtypeEb)
    cHwFMC::cHwFMC__sub_object(cHwFMC::FMCtype, bool) 0x0800472d   Thumb Code     0  main.o(i._ZN6cHwFMCC1ENS_7FMCtypeEb)
    cHwRTC::cHwRTC__sub_object()             0x08004931   Thumb Code     6  lib.o(i._ZN6cHwRTCC2Ev)
    cTimer::set(unsigned short, unsigned short) 0x0800493d   Thumb Code    36  lib.o(i._ZN6cTimer3setEtt)
    cTimer::start(unsigned short, unsigned short) 0x08004961   Thumb Code    20  lib.o(i._ZN6cTimer5startEtt)
    cTimer::start()                          0x08004975   Thumb Code    20  lib.o(i._ZN6cTimer5startEv)
    cTimer::timeout()                        0x08004989   Thumb Code    60  lib.o(i._ZN6cTimer7timeoutEv)
    cTimer::cTimer__sub_object()             0x080049c5   Thumb Code    12  lib.o(i._ZN6cTimerC2Ev)
    cHwPort::Pin::clr()                      0x080049d5   Thumb Code    10  lib.o(i._ZN7cHwPort3Pin3clrEv)
    cHwPort::Pin::get()                      0x080049df   Thumb Code    26  lib.o(i._ZN7cHwPort3Pin3getEv)
    cHwPort::Pin::set(bool)                  0x080049f9   Thumb Code    26  lib.o(i._ZN7cHwPort3Pin3setEb)
    cHwPort::Pin::set()                      0x08004a13   Thumb Code    10  lib.o(i._ZN7cHwPort3Pin3setEv)
    cHwPort::Pin::setMode(cHwPort::Mode)     0x08004a1d   Thumb Code    12  lib.o(i._ZN7cHwPort3Pin7setModeENS_4ModeE)
    cHwPort::Pin::Pin(cHwPort&, unsigned char) 0x08004a29   Thumb Code    16  lib.o(i._ZN7cHwPort3PinC1ERS_h)
    cHwPort::Pin::Pin__sub_object(cHwPort&, unsigned char) 0x08004a29   Thumb Code     0  lib.o(i._ZN7cHwPort3PinC1ERS_h)
    cSystem::delayMicroSec(unsigned short)   0x08004a3d   Thumb Code    22  lib.o(i._ZN7cSystem13delayMicroSecEt)
    cSystem::delayMilliSec(unsigned short)   0x08004a53   Thumb Code    26  lib.o(i._ZN7cSystem13delayMilliSecEt)
    cSystem::disableWatchdog()               0x08004a6d   Thumb Code     2  lib.o(i._ZN7cSystem15disableWatchdogEv)
    cSystem::enableInterrupt()               0x08004a71   Thumb Code    22  lib.o(i._ZN7cSystem15enableInterruptEv)
    cSystem::disableInterrupt()              0x08004a8d   Thumb Code    12  lib.o(i._ZN7cSystem16disableInterruptEv)
    cSystem::cSystem(unsigned char)          0x08004a9d   Thumb Code    18  lib.o(i._ZN7cSystemC1Eh)
    cSystem::cSystem__sub_object(unsigned char) 0x08004a9d   Thumb Code     0  lib.o(i._ZN7cSystemC1Eh)
    cHwADC_0::startCh(unsigned char)         0x08004ab1   Thumb Code    18  lib.o(i._ZN8cHwADC_07startChEh)
    cHwADC_0::configCh(unsigned char, unsigned char) 0x08004ac9   Thumb Code    60  lib.o(i._ZN8cHwADC_08configChEhh)
    cHwADC_0::getResult()                    0x08004b09   Thumb Code     8  lib.o(i._ZN8cHwADC_09getResultEv)
    cHwADC_0::cHwADC_0(cHwTimer*)            0x08004b15   Thumb Code    64  lib.o(i._ZN8cHwADC_0C1EP8cHwTimer)
    cHwADC_0::cHwADC_0__sub_object(cHwTimer*) 0x08004b15   Thumb Code     0  lib.o(i._ZN8cHwADC_0C1EP8cHwTimer)
    cHwDAC_0::set(unsigned short, unsigned char) 0x08004b65   Thumb Code    26  lib.o(i._ZN8cHwDAC_03setEth)
    cHwDAC_0::enable(unsigned char)          0x08004b85   Thumb Code    48  lib.o(i._ZN8cHwDAC_06enableEh)
    cHwDAC_0::cHwDAC_0()                     0x08004bb9   Thumb Code    24  lib.o(i._ZN8cHwDAC_0C1Ev)
    cHwDAC_0::cHwDAC_0__sub_object()         0x08004bb9   Thumb Code     0  lib.o(i._ZN8cHwDAC_0C1Ev)
    cHwRTC_0::get(cHwRTC::Properties&)       0x08004bd9   Thumb Code   186  lib.o(i._ZN8cHwRTC_03getERN6cHwRTC10PropertiesE)
    cHwRTC_0::cHwRTC_0(cHwRTC_0::RTC_ClockConfig_t) 0x08004c99   Thumb Code   176  lib.o(i._ZN8cHwRTC_0C1ENS_17RTC_ClockConfig_tE)
    cHwRTC_0::cHwRTC_0__sub_object(cHwRTC_0::RTC_ClockConfig_t) 0x08004c99   Thumb Code     0  lib.o(i._ZN8cHwRTC_0C1ENS_17RTC_ClockConfig_tE)
    cHwTimer::isrHandler()                   0x08004d59   Thumb Code     6  lib.o(i._ZN8cHwTimer10isrHandlerEv)
    cHwTimer::getCycleTime()                 0x08004d5f   Thumb Code     4  lib.o(i._ZN8cHwTimer12getCycleTimeEv)
    cHwTimer::add(cList::Item*)              0x08004d63   Thumb Code     6  lib.o(i._ZN8cHwTimer3addEPN5cList4ItemE)
    cHwTouch::getPosX()                      0x08004d69   Thumb Code     4  lib.o(i._ZN8cHwTouch7getPosXEv)
    cHwTouch::getPosY()                      0x08004d6d   Thumb Code     4  lib.o(i._ZN8cHwTouch7getPosYEv)
    cHwTouch::isTouched()                    0x08004d71   Thumb Code     4  lib.o(i._ZN8cHwTouch9isTouchedEv)
    cHwTouch::cHwTouch__sub_object(unsigned short, unsigned short) 0x08004d75   Thumb Code    18  lib.o(i._ZN8cHwTouchC2Ett)
    cHwUSB_0::EndpointIN::transmitZLP()      0x08004d8d   Thumb Code    34  lib.o(i._ZN8cHwUSB_010EndpointIN11transmitZLPEv)
    cHwUSB_0::EndpointIN::writeToFifo()      0x08004db1   Thumb Code    84  lib.o(i._ZN8cHwUSB_010EndpointIN11writeToFifoEv)
    cHwUSB_0::EndpointIN::clrInterrupt(unsigned) 0x08004e09   Thumb Code     8  lib.o(i._ZN8cHwUSB_010EndpointIN12clrInterruptEj)
    cHwUSB_0::EndpointIN::getInterrupt()     0x08004e11   Thumb Code    32  lib.o(i._ZN8cHwUSB_010EndpointIN12getInterruptEv)
    cHwUSB_0::EndpointIN::config(unsigned short, unsigned char) 0x08004e35   Thumb Code    64  lib.o(i._ZN8cHwUSB_010EndpointIN6configEth)
    cHwUSB_0::EndpointIN::transmit(bool)     0x08004e7d   Thumb Code   106  lib.o(i._ZN8cHwUSB_010EndpointIN8transmitEb)
    cHwUSB_0::EndpointOUT::receiveZLP()      0x08004eed   Thumb Code    40  lib.o(i._ZN8cHwUSB_011EndpointOUT10receiveZLPEv)
    cHwUSB_0::EndpointOUT::clrInterrupt(unsigned) 0x08004f15   Thumb Code     8  lib.o(i._ZN8cHwUSB_011EndpointOUT12clrInterruptEj)
    cHwUSB_0::EndpointOUT::getInterrupt()    0x08004f1d   Thumb Code    14  lib.o(i._ZN8cHwUSB_011EndpointOUT12getInterruptEv)
    cHwUSB_0::EndpointOUT::readFromFifo(unsigned short) 0x08004f31   Thumb Code    42  lib.o(i._ZN8cHwUSB_011EndpointOUT12readFromFifoEt)
    cHwUSB_0::EndpointOUT::config(unsigned short, unsigned char) 0x08004f5d   Thumb Code    72  lib.o(i._ZN8cHwUSB_011EndpointOUT6configEth)
    cHwUSB_0::EndpointOUT::receive()         0x08004fad   Thumb Code    78  lib.o(i._ZN8cHwUSB_011EndpointOUT7receiveEv)
    cHwUSB_0::clrInterrupt(unsigned)         0x08004ffb   Thumb Code    12  lib.o(i._ZN8cHwUSB_012clrInterruptEj)
    cHwUSB_0::getInInterrupt()               0x08005009   Thumb Code    16  lib.o(i._ZN8cHwUSB_014getInInterruptEv)
    cHwUSB_0::getOutInterrupt()              0x0800501d   Thumb Code    16  lib.o(i._ZN8cHwUSB_015getOutInterruptEv)
    cHwUSB_0::isInterruptPending(unsigned)   0x08005031   Thumb Code    22  lib.o(i._ZN8cHwUSB_018isInterruptPendingEj)
    cHwUSB_0::isr()                          0x08005049   Thumb Code   724  lib.o(i._ZN8cHwUSB_03isrEv)
    cHwPort_N::setPinMode(unsigned char, cHwPort::Mode) 0x08005321   Thumb Code   122  lib.o(i._ZN9cHwPort_N10setPinModeEhN7cHwPort4ModeE)
    cHwPort_N::clr(unsigned)                 0x0800539b   Thumb Code     8  lib.o(i._ZN9cHwPort_N3clrEj)
    cHwPort_N::get()                         0x080053a3   Thumb Code     6  lib.o(i._ZN9cHwPort_N3getEv)
    cHwPort_N::set(unsigned)                 0x080053a9   Thumb Code     6  lib.o(i._ZN9cHwPort_N3setEj)
    cHwPort_N::cHwPort_N(cHwPort_N::PortId)  0x080053b1   Thumb Code   164  lib.o(i._ZN9cHwPort_NC1ENS_6PortIdE)
    cHwPort_N::cHwPort_N__sub_object(cHwPort_N::PortId) 0x080053b1   Thumb Code     0  lib.o(i._ZN9cHwPort_NC1ENS_6PortIdE)
    cHwUART_N::isr()                         0x08005485   Thumb Code    50  lib.o(i._ZN9cHwUART_N3isrEv)
    cHwDisplayFont::getCharWidth() const     0x080054b7   Thumb Code     6  lib.o(i._ZNK14cHwDisplayFont12getCharWidthEv)
    cHwDisplayFont::getCharHeight() const    0x080054bd   Thumb Code     6  lib.o(i._ZNK14cHwDisplayFont13getCharHeightEv)
    operator new[] (unsigned)                0x080054c3   Thumb Code     4  lib.o(i._Znaj)
    operator new(unsigned)                   0x080054c7   Thumb Code     4  main.o(i._Znwj)
    __ARM_fpclassify                         0x080054cb   Thumb Code    48  fpclassify.o(i.__ARM_fpclassify)
    __cxa_pure_virtual                       0x080054fb   Thumb Code     4  lib.o(i.__cxa_pure_virtual)
    __hardfp_sqrtf                           0x080054ff   Thumb Code    58  sqrtf.o(i.__hardfp_sqrtf)
    _is_digit                                0x0800584d   Thumb Code    14  __printf_wp.o(i._is_digit)
    main                                     0x0800585d   Thumb Code   338  main.o(i.main)
    _get_lc_numeric                          0x080059f9   Thumb Code    44  lc_numeric_c.o(locale$$code)
    _get_lc_ctype                            0x08005a25   Thumb Code    44  lc_ctype_c.o(locale$$code)
    T1 RANGE<short>(T1, T1, T1)              0x08005a51   Thumb Code    16  lib.o(t._Z5RANGEIsET_S0_S0_S0_)
    cFifo<cDevControlEncoder::tEvent>::isFull() 0x08005a61   Thumb Code    30  lib.o(t._ZN5cFifoIN18cDevControlEncoder6tEventEE6isFullEv)
    cFifo<cDevControlEncoder::tEvent>::operator <<(const cDevControlEncoder::tEvent&) 0x08005a7f   Thumb Code    62  lib.o(t._ZN5cFifoIN18cDevControlEncoder6tEventEElsERKS1_)
    cRTOS_RR<(unsigned char)3>::add(unsigned) 0x08005abd   Thumb Code    46  main.o(t._ZN8cRTOS_RRILh3EE3addEj)
    cRTOS_RR<(unsigned char)3>::del(int)     0x08005aeb   Thumb Code    14  main.o(t._ZN8cRTOS_RRILh3EE3delEi)
    cRTOS_RR<(unsigned char)3>::get(int)     0x08005af9   Thumb Code     8  main.o(t._ZN8cRTOS_RRILh3EE3getEi)
    cRTOS_RR<(unsigned char)3>::scheduler(unsigned, bool) 0x08005b01   Thumb Code    64  main.o(t._ZN8cRTOS_RRILh3EE9schedulerEjb)
    __aeabi_d2f                              0x08005b41   Thumb Code     0  d2f.o(x$fpl$d2f)
    _d2f                                     0x08005b41   Thumb Code    98  d2f.o(x$fpl$d2f)
    __aeabi_dadd                             0x08005ba5   Thumb Code     0  daddsub_clz.o(x$fpl$dadd)
    _dadd                                    0x08005ba5   Thumb Code   332  daddsub_clz.o(x$fpl$dadd)
    __aeabi_ddiv                             0x08005cf5   Thumb Code     0  ddiv.o(x$fpl$ddiv)
    _ddiv                                    0x08005cf5   Thumb Code   552  ddiv.o(x$fpl$ddiv)
    __aeabi_d2uiz                            0x08005fa5   Thumb Code     0  dfixu.o(x$fpl$dfixu)
    _dfixu                                   0x08005fa5   Thumb Code    90  dfixu.o(x$fpl$dfixu)
    __aeabi_ui2d                             0x08005fff   Thumb Code     0  dflt_clz.o(x$fpl$dfltu)
    _dfltu                                   0x08005fff   Thumb Code    38  dflt_clz.o(x$fpl$dfltu)
    __aeabi_dmul                             0x08006025   Thumb Code     0  dmul.o(x$fpl$dmul)
    _dmul                                    0x08006025   Thumb Code   332  dmul.o(x$fpl$dmul)
    __fpl_dnaninf                            0x08006179   Thumb Code   156  dnaninf.o(x$fpl$dnaninf)
    __fpl_dretinf                            0x08006215   Thumb Code    12  dretinf.o(x$fpl$dretinf)
    __aeabi_dsub                             0x08006221   Thumb Code     0  daddsub_clz.o(x$fpl$dsub)
    _dsub                                    0x08006221   Thumb Code   464  daddsub_clz.o(x$fpl$dsub)
    __aeabi_f2d                              0x080063f5   Thumb Code     0  f2d.o(x$fpl$f2d)
    _f2d                                     0x080063f5   Thumb Code    86  f2d.o(x$fpl$f2d)
    __fpl_fnaninf                            0x0800644b   Thumb Code   140  fnaninf.o(x$fpl$fnaninf)
    _fp_init                                 0x080064d7   Thumb Code    10  fpinit.o(x$fpl$fpinit)
    __fplib_config_fpu_vfp                   0x080064df   Thumb Code     0  fpinit.o(x$fpl$fpinit)
    __fplib_config_pureend_doubles           0x080064df   Thumb Code     0  fpinit.o(x$fpl$fpinit)
    __fpl_fretinf                            0x080064e1   Thumb Code    10  fretinf.o(x$fpl$fretinf)
    _printf_fp_dec                           0x080064eb   Thumb Code     4  printf1.o(x$fpl$printf1)
    __I$use$fp                               0x080064ee   Number         0  usenofp.o(x$fpl$usenofp)
    vtable for cHwDisplay                    0x08006a88   Data          32  lib.o(.constdata__ZTV10cHwDisplay)
    vtable for cHwTimer_N                    0x08006aa8   Data          28  lib.o(.constdata__ZTV10cHwTimer_N)
    vtable for cDevDigital                   0x08006ac4   Data          48  lib.o(.constdata__ZTV11cDevDigital)
    vtable for cDevAnalogIn                  0x08006af4   Data          24  lib.o(.constdata__ZTV12cDevAnalogIn)
    vtable for cHwI2Cmaster                  0x08006b0c   Data          40  lib.o(.constdata__ZTV12cHwI2Cmaster)
    vtable for cTaskHandler                  0x08006b34   Data          28  lib.o(.constdata__ZTV12cTaskHandler)
    vtable for cDevAnalogOut                 0x08006b50   Data          20  lib.o(.constdata__ZTV13cDevAnalogOut)
    vtable for cTask_Example                 0x08006b64   Data          12  main.o(.constdata__ZTV13cTask_Example)
    vtable for cHwI2Cmaster_N                0x08006b70   Data          44  lib.o(.constdata__ZTV14cHwI2Cmaster_N)
    vtable for cDevAnalogInADC               0x08006b9c   Data          24  lib.o(.constdata__ZTV15cDevAnalogInADC)
    vtable for cHwTouch_FT6206               0x08006bb4   Data          24  touch_ft6206.o(.constdata__ZTV15cHwTouch_FT6206)
    vtable for cDevAnalogOutDAC              0x08006bcc   Data          20  lib.o(.constdata__ZTV16cDevAnalogOutDAC)
    vtable for cHwDisp_OTM8009A              0x08006be0   Data          92  disp_otm8009a.o(.constdata__ZTV16cHwDisp_OTM8009A)
    vtable for cHwDisplayGraphic             0x08006c3c   Data          92  lib.o(.constdata__ZTV17cHwDisplayGraphic)
    vtable for cRtosTask_Example             0x08006c98   Data          48  main.o(.constdata__ZTV17cRtosTask_Example)
    vtable for cDevControlEncoder            0x08006cc8   Data          20  lib.o(.constdata__ZTV18cDevControlEncoder)
    vtable for cDevControlPointer            0x08006cdc   Data          12  lib.o(.constdata__ZTV18cDevControlPointer)
    vtable for cDevDisplayGraphic            0x08006ce8   Data          72  lib.o(.constdata__ZTV18cDevDisplayGraphic)
    vtable for cHwDisp_OTM8009Aram           0x08006d30   Data          92  disp_otm8009a.o(.constdata__ZTV19cHwDisp_OTM8009Aram)
    vtable for cDevControlEncoderJoystick    0x08006d8c   Data          20  lib.o(.constdata__ZTV26cDevControlEncoderJoystick)
    vtable for cRTOS                         0x08006da0   Data          24  rtos.o(.constdata__ZTV5cRTOS)
    vtable for cHwADC                        0x08006db8   Data          40  lib.o(.constdata__ZTV6cHwADC)
    vtable for cHwDAC                        0x08006de0   Data          20  lib.o(.constdata__ZTV6cHwDAC)
    vtable for cHwDSI                        0x08006df4   Data          16  main.o(.constdata__ZTV6cHwDSI)
    vtable for cHwRTC                        0x08006e04   Data          16  lib.o(.constdata__ZTV6cHwRTC)
    vtable for cTimer                        0x08006e14   Data          16  lib.o(.constdata__ZTV6cTimer)
    vtable for cHwADC_0                      0x08006e24   Data          40  lib.o(.constdata__ZTV8cHwADC_0)
    vtable for cHwDAC_0                      0x08006e4c   Data          20  lib.o(.constdata__ZTV8cHwDAC_0)
    vtable for cHwRTC_0                      0x08006e60   Data          16  lib.o(.constdata__ZTV8cHwRTC_0)
    vtable for cHwTimer                      0x08006e70   Data          28  lib.o(.constdata__ZTV8cHwTimer)
    vtable for cHwTouch                      0x08006e8c   Data          24  lib.o(.constdata__ZTV8cHwTouch)
    vtable for cRTOS_RR<(unsigned char)3>    0x08006ea4   Data          24  main.o(.constdata__ZTV8cRTOS_RRILh3EE)
    vtable for cHwPort_N                     0x08006ebc   Data          32  lib.o(.constdata__ZTV9cHwPort_N)
    vtable for cHwI2Cmaster::Device          0x08006edc   Data          60  lib.o(.constdata__ZTVN12cHwI2Cmaster6DeviceE)
    vtable for cTaskHandler::Task            0x08006f18   Data          12  lib.o(.constdata__ZTVN12cTaskHandler4TaskE)
    vtable for cList::Item                   0x08006f24   Data          12  lib.o(.constdata__ZTVN5cList4ItemE)
    vtable for cRTOS::Task                   0x08006f30   Data          48  rtos.o(.constdata__ZTVN5cRTOS4TaskE)
    vtable for cRTOS::Timer                  0x08006f60   Data          16  rtos.o(.constdata__ZTVN5cRTOS5TimerE)
    vtable for cHwPort::Pin                  0x08006f70   Data          28  lib.o(.constdata__ZTVN7cHwPort3PinE)
    View::createStartView(Button, Button)::string 0x08006f8c   Data          21  main.o(.constdata__ZZN4View15createStartViewE6ButtonS0_Es)
    View::createStartView(Button, Button)::string (instance 2) 0x08006fa1   Data          10  main.o(.constdata__ZZN4View15createStartViewE6ButtonS0_Es_0)
    View::createStartView(Button, Button)::string (instance 3) 0x08006fab   Data          10  main.o(.constdata__ZZN4View15createStartViewE6ButtonS0_Es_1)
    Region$$Table$$Base                      0x08006fb8   Number         0  anon$$obj.o(Region$$Table)
    Region$$Table$$Limit                     0x08006fd8   Number         0  anon$$obj.o(Region$$Table)
    __ctype                                  0x08007001   Data           0  lc_ctype_c.o(locale$$data)
    SHT$$INIT_ARRAY$$Base                    0x08007104   Number         0  main.o(.init_array)
    SHT$$INIT_ARRAY$$Limit                   0x08007108   Number         0  init_aeabi.o(.init_array)
    DMARxDscrTab                             0x20000000   Data         160  lib.o(.ARM.__AT_0x20000000)
    Rx_Buff                                  0x20000100   Data        7620  lib.o(.ARM.__AT_0x20000100)
    DMATxDscrTab                             0x20002000   Data         160  lib.o(.ARM.__AT_0x20002000)
    Tx_Buff                                  0x20002100   Data        7620  lib.o(.ARM.__AT_0x20002100)
    cHwPinConfig::table                      0x20020000   Data         276  main.o(.data)
    sys                                      0x20020114   Data           1  main.o(.data)
    fmc                                      0x20020115   Data           3  main.o(.data)
    rtc                                      0x20020118   Data           4  main.o(.data)
    portA                                    0x2002011c   Data           8  main.o(.data)
    portB                                    0x20020124   Data           8  main.o(.data)
    portC                                    0x2002012c   Data           8  main.o(.data)
    portD                                    0x20020134   Data           8  main.o(.data)
    portE                                    0x2002013c   Data           8  main.o(.data)
    portF                                    0x20020144   Data           8  main.o(.data)
    portI                                    0x2002014c   Data           8  main.o(.data)
    portJ                                    0x20020154   Data           8  main.o(.data)
    dacHw                                    0x2002015c   Data           8  main.o(.data)
    hwDSI                                    0x20020164   Data           8  main.o(.data)
    disp                                     0x2002016c   Data           8  main.o(.data)
    cSystem::cntInterrupt                    0x20020174   Data           1  lib.o(.data)
    cHwRTOS_MCU::schedule                    0x20020178   Data           4  lib.o(.data)
    cHwRTOS_MCU::sysTic                      0x2002017c   Data           4  lib.o(.data)
    cHwADC_0::adcPtr                         0x20020180   Data           4  lib.o(.data)
    cHwTimer_N::timerPtr_1                   0x20020184   Data           4  lib.o(.data)
    cHwTimer_N::timerPtr_2                   0x20020188   Data           4  lib.o(.data)
    cHwTimer_N::timerPtr_3                   0x2002018c   Data           4  lib.o(.data)
    cHwTimer_N::timerPtr_4                   0x20020190   Data           4  lib.o(.data)
    cHwTimer_N::timerPtr_5                   0x20020194   Data           4  lib.o(.data)
    cHwTimer_N::timerPtr_7                   0x20020198   Data           4  lib.o(.data)
    cHwTimer_N::timerPtr_8                   0x2002019c   Data           4  lib.o(.data)
    cHwTimer_N::timerPtr_9                   0x200201a0   Data           4  lib.o(.data)
    cHwTimer_N::timerPtr_10                  0x200201a4   Data           4  lib.o(.data)
    cHwTimer_N::timerPtr_11                  0x200201a8   Data           4  lib.o(.data)
    cHwTimer_N::timerPtr_14                  0x200201ac   Data           4  lib.o(.data)
    cHwUART_N::uartPtr_1                     0x200201b0   Data           4  lib.o(.data)
    cHwUART_N::uartPtr_2                     0x200201b4   Data           4  lib.o(.data)
    cHwUART_N::uartPtr_3                     0x200201b8   Data           4  lib.o(.data)
    cHwUART_N::uartPtr_4                     0x200201bc   Data           4  lib.o(.data)
    cHwUART_N::uartPtr_5                     0x200201c0   Data           4  lib.o(.data)
    cHwUART_N::uartPtr_6                     0x200201c4   Data           4  lib.o(.data)
    cHwUSB_0::usbPtr                         0x200201c8   Data           4  lib.o(.data)
    DMATxDescToSet                           0x200201d4   Data           4  lib.o(.data)
    DMARxDescToGet                           0x200201d8   Data           4  lib.o(.data)
    DMA_RX_FRAME_infos                       0x200201dc   Data           4  lib.o(.data)
    cHwRTOS_MCU::sysTicTime                  0x200201e8   Data           4  lib.o(.data)
    cRTOS::ptr                               0x200201ec   Data           4  rtos.o(.data)
    timer                                    0x200201f0   Data          24  main.o(.bss)
    timerSlow                                0x20020208   Data          24  main.o(.bss)
    adcHw                                    0x20020220   Data          32  main.o(.bss)
    adcA                                     0x20020240   Data          20  main.o(.bss)
    dacA                                     0x20020254   Data          20  main.o(.bss)
    lcdResetPin                              0x20020268   Data          16  main.o(.bss)
    dispHw                                   0x20020278   Data          72  main.o(.bss)
    i2c                                      0x200202c0   Data          12  main.o(.bss)
    touch                                    0x200202cc   Data          28  main.o(.bss)
    pointer                                  0x200202e8   Data          32  main.o(.bss)
    btnRight                                 0x20020308   Data          24  main.o(.bss)
    btnLeft                                  0x20020320   Data          24  main.o(.bss)
    btnCtrl                                  0x20020338   Data          24  main.o(.bss)
    enc                                      0x20020350   Data          32  main.o(.bss)
    btn                                      0x20020370   Data          24  main.o(.bss)
    led                                      0x20020388   Data          24  main.o(.bss)
    taskHandler                              0x200203a0   Data          28  main.o(.bss)
    task_Example                             0x200203bc   Data          12  main.o(.bss)
    rtos                                     0x200203c8   Data          48  main.o(.bss)
    rtos_task_Example                        0x200203f8   Data          44  main.o(.bss)
    __libspace_start                         0x20020424   Data          96  libspace.o(.bss)
    __temporary_stack_top$libspace           0x20020484   Data           0  libspace.o(.bss)



==============================================================================

Memory Map of the image

  Image Entry point : 0x080001f9

  Load Region LR_IROM1 (Base: 0x08000000, Size: 0x000072f8, Max: 0x00200000, ABSOLUTE, COMPRESSED[0x0000721c])

    Execution Region ER_IROM1 (Exec base: 0x08000000, Load base: 0x08000000, Size: 0x00007108, Max: 0x00200000, ABSOLUTE)

    Exec Addr    Load Addr    Size         Type   Attr      Idx    E Section Name        Object

    0x08000000   0x08000000   0x000001f8   Data   RO         4679    RESET               startup_stm32f769xx.o
    0x080001f8   0x080001f8   0x00000008   Code   RO         5559  * !!!main             c_w.l(__main.o)
    0x08000200   0x08000200   0x00000034   Code   RO         6170    !!!scatter          c_w.l(__scatter.o)
    0x08000234   0x08000234   0x0000003a   Code   RO         6168    !!dczerorl          c_w.l(__dczerorl.o)
    0x0800026e   0x0800026e   0x00000002   PAD
    0x08000270   0x08000270   0x0000001c   Code   RO         6172    !!handler_zi        c_w.l(__scatter_zi.o)
    0x0800028c   0x0800028c   0x00000000   Code   RO         5848    .ARM.Collect$$_printf_percent$$00000000  c_w.l(_printf_percent.o)
    0x0800028c   0x0800028c   0x00000006   Code   RO         5837    .ARM.Collect$$_printf_percent$$00000001  c_w.l(_printf_n.o)
    0x08000292   0x08000292   0x00000006   Code   RO         5839    .ARM.Collect$$_printf_percent$$00000002  c_w.l(_printf_p.o)
    0x08000298   0x08000298   0x00000006   Code   RO         5844    .ARM.Collect$$_printf_percent$$00000003  c_w.l(_printf_f.o)
    0x0800029e   0x0800029e   0x00000006   Code   RO         5845    .ARM.Collect$$_printf_percent$$00000004  c_w.l(_printf_e.o)
    0x080002a4   0x080002a4   0x00000006   Code   RO         5846    .ARM.Collect$$_printf_percent$$00000005  c_w.l(_printf_g.o)
    0x080002aa   0x080002aa   0x00000006   Code   RO         5847    .ARM.Collect$$_printf_percent$$00000006  c_w.l(_printf_a.o)
    0x080002b0   0x080002b0   0x0000000a   Code   RO         5852    .ARM.Collect$$_printf_percent$$00000007  c_w.l(_printf_ll.o)
    0x080002ba   0x080002ba   0x00000006   Code   RO         5841    .ARM.Collect$$_printf_percent$$00000008  c_w.l(_printf_i.o)
    0x080002c0   0x080002c0   0x00000006   Code   RO         5842    .ARM.Collect$$_printf_percent$$00000009  c_w.l(_printf_d.o)
    0x080002c6   0x080002c6   0x00000006   Code   RO         5843    .ARM.Collect$$_printf_percent$$0000000A  c_w.l(_printf_u.o)
    0x080002cc   0x080002cc   0x00000006   Code   RO         5840    .ARM.Collect$$_printf_percent$$0000000B  c_w.l(_printf_o.o)
    0x080002d2   0x080002d2   0x00000006   Code   RO         5838    .ARM.Collect$$_printf_percent$$0000000C  c_w.l(_printf_x.o)
    0x080002d8   0x080002d8   0x00000006   Code   RO         5849    .ARM.Collect$$_printf_percent$$0000000D  c_w.l(_printf_lli.o)
    0x080002de   0x080002de   0x00000006   Code   RO         5850    .ARM.Collect$$_printf_percent$$0000000E  c_w.l(_printf_lld.o)
    0x080002e4   0x080002e4   0x00000006   Code   RO         5851    .ARM.Collect$$_printf_percent$$0000000F  c_w.l(_printf_llu.o)
    0x080002ea   0x080002ea   0x00000006   Code   RO         5856    .ARM.Collect$$_printf_percent$$00000010  c_w.l(_printf_llo.o)
    0x080002f0   0x080002f0   0x00000006   Code   RO         5857    .ARM.Collect$$_printf_percent$$00000011  c_w.l(_printf_llx.o)
    0x080002f6   0x080002f6   0x0000000a   Code   RO         5853    .ARM.Collect$$_printf_percent$$00000012  c_w.l(_printf_l.o)
    0x08000300   0x08000300   0x00000006   Code   RO         5835    .ARM.Collect$$_printf_percent$$00000013  c_w.l(_printf_c.o)
    0x08000306   0x08000306   0x00000006   Code   RO         5836    .ARM.Collect$$_printf_percent$$00000014  c_w.l(_printf_s.o)
    0x0800030c   0x0800030c   0x00000006   Code   RO         5854    .ARM.Collect$$_printf_percent$$00000015  c_w.l(_printf_lc.o)
    0x08000312   0x08000312   0x00000006   Code   RO         5855    .ARM.Collect$$_printf_percent$$00000016  c_w.l(_printf_ls.o)
    0x08000318   0x08000318   0x00000004   Code   RO         5993    .ARM.Collect$$_printf_percent$$00000017  c_w.l(_printf_percent_end.o)
    0x0800031c   0x0800031c   0x00000002   Code   RO         6110    .ARM.Collect$$libinit$$00000000  c_w.l(libinit.o)
    0x0800031e   0x0800031e   0x00000004   Code   RO         5869    .ARM.Collect$$libinit$$00000001  c_w.l(libinit2.o)
    0x08000322   0x08000322   0x00000000   Code   RO         5872    .ARM.Collect$$libinit$$00000004  c_w.l(libinit2.o)
    0x08000322   0x08000322   0x00000008   Code   RO         5873    .ARM.Collect$$libinit$$00000005  c_w.l(libinit2.o)
    0x0800032a   0x0800032a   0x00000000   Code   RO         5875    .ARM.Collect$$libinit$$0000000A  c_w.l(libinit2.o)
    0x0800032a   0x0800032a   0x00000000   Code   RO         5877    .ARM.Collect$$libinit$$0000000C  c_w.l(libinit2.o)
    0x0800032a   0x0800032a   0x00000000   Code   RO         5879    .ARM.Collect$$libinit$$0000000E  c_w.l(libinit2.o)
    0x0800032a   0x0800032a   0x00000006   Code   RO         5880    .ARM.Collect$$libinit$$0000000F  c_w.l(libinit2.o)
    0x08000330   0x08000330   0x00000000   Code   RO         5882    .ARM.Collect$$libinit$$00000011  c_w.l(libinit2.o)
    0x08000330   0x08000330   0x0000000c   Code   RO         5883    .ARM.Collect$$libinit$$00000012  c_w.l(libinit2.o)
    0x0800033c   0x0800033c   0x00000000   Code   RO         5884    .ARM.Collect$$libinit$$00000013  c_w.l(libinit2.o)
    0x0800033c   0x0800033c   0x00000000   Code   RO         5886    .ARM.Collect$$libinit$$00000015  c_w.l(libinit2.o)
    0x0800033c   0x0800033c   0x0000000a   Code   RO         5887    .ARM.Collect$$libinit$$00000016  c_w.l(libinit2.o)
    0x08000346   0x08000346   0x00000000   Code   RO         5888    .ARM.Collect$$libinit$$00000017  c_w.l(libinit2.o)
    0x08000346   0x08000346   0x00000000   Code   RO         5890    .ARM.Collect$$libinit$$00000019  c_w.l(libinit2.o)
    0x08000346   0x08000346   0x00000000   Code   RO         5892    .ARM.Collect$$libinit$$0000001B  c_w.l(libinit2.o)
    0x08000346   0x08000346   0x00000000   Code   RO         5894    .ARM.Collect$$libinit$$0000001D  c_w.l(libinit2.o)
    0x08000346   0x08000346   0x00000000   Code   RO         5896    .ARM.Collect$$libinit$$0000001F  c_w.l(libinit2.o)
    0x08000346   0x08000346   0x00000000   Code   RO         5898    .ARM.Collect$$libinit$$00000021  c_w.l(libinit2.o)
    0x08000346   0x08000346   0x00000000   Code   RO         5900    .ARM.Collect$$libinit$$00000023  c_w.l(libinit2.o)
    0x08000346   0x08000346   0x00000000   Code   RO         5902    .ARM.Collect$$libinit$$00000025  c_w.l(libinit2.o)
    0x08000346   0x08000346   0x00000000   Code   RO         5906    .ARM.Collect$$libinit$$0000002C  c_w.l(libinit2.o)
    0x08000346   0x08000346   0x00000000   Code   RO         5908    .ARM.Collect$$libinit$$0000002E  c_w.l(libinit2.o)
    0x08000346   0x08000346   0x00000000   Code   RO         5910    .ARM.Collect$$libinit$$00000030  c_w.l(libinit2.o)
    0x08000346   0x08000346   0x00000004   Code   RO         5911    .ARM.Collect$$libinit$$00000031  c_w.l(libinit2.o)
    0x0800034a   0x0800034a   0x00000000   Code   RO         5912    .ARM.Collect$$libinit$$00000032  c_w.l(libinit2.o)
    0x0800034a   0x0800034a   0x00000002   Code   RO         5913    .ARM.Collect$$libinit$$00000033  c_w.l(libinit2.o)
    0x0800034c   0x0800034c   0x00000002   Code   RO         6165    .ARM.Collect$$libshutdown$$00000000  c_w.l(libshutdown.o)
    0x0800034e   0x0800034e   0x00000006   Code   RO         6009    .ARM.Collect$$libshutdown$$00000001  c_w.l(libshutdown2.o)
    0x08000354   0x08000354   0x00000000   Code   RO         6010    .ARM.Collect$$libshutdown$$00000002  c_w.l(libshutdown2.o)
    0x08000354   0x08000354   0x00000000   Code   RO         6012    .ARM.Collect$$libshutdown$$00000004  c_w.l(libshutdown2.o)
    0x08000354   0x08000354   0x00000000   Code   RO         6015    .ARM.Collect$$libshutdown$$00000007  c_w.l(libshutdown2.o)
    0x08000354   0x08000354   0x00000000   Code   RO         6018    .ARM.Collect$$libshutdown$$0000000A  c_w.l(libshutdown2.o)
    0x08000354   0x08000354   0x00000000   Code   RO         6020    .ARM.Collect$$libshutdown$$0000000C  c_w.l(libshutdown2.o)
    0x08000354   0x08000354   0x00000000   Code   RO         6023    .ARM.Collect$$libshutdown$$0000000F  c_w.l(libshutdown2.o)
    0x08000354   0x08000354   0x00000002   Code   RO         6024    .ARM.Collect$$libshutdown$$00000010  c_w.l(libshutdown2.o)
    0x08000356   0x08000356   0x00000000   Code   RO         5728    .ARM.Collect$$rtentry$$00000000  c_w.l(__rtentry.o)
    0x08000356   0x08000356   0x00000000   Code   RO         5950    .ARM.Collect$$rtentry$$00000002  c_w.l(__rtentry2.o)
    0x08000356   0x08000356   0x00000006   Code   RO         5962    .ARM.Collect$$rtentry$$00000004  c_w.l(__rtentry4.o)
    0x0800035c   0x0800035c   0x00000000   Code   RO         5952    .ARM.Collect$$rtentry$$00000009  c_w.l(__rtentry2.o)
    0x0800035c   0x0800035c   0x00000004   Code   RO         5953    .ARM.Collect$$rtentry$$0000000A  c_w.l(__rtentry2.o)
    0x08000360   0x08000360   0x00000000   Code   RO         5955    .ARM.Collect$$rtentry$$0000000C  c_w.l(__rtentry2.o)
    0x08000360   0x08000360   0x00000008   Code   RO         5956    .ARM.Collect$$rtentry$$0000000D  c_w.l(__rtentry2.o)
    0x08000368   0x08000368   0x00000002   Code   RO         6127    .ARM.Collect$$rtexit$$00000000  c_w.l(rtexit.o)
    0x0800036a   0x0800036a   0x00000000   Code   RO         6145    .ARM.Collect$$rtexit$$00000002  c_w.l(rtexit2.o)
    0x0800036a   0x0800036a   0x00000004   Code   RO         6146    .ARM.Collect$$rtexit$$00000003  c_w.l(rtexit2.o)
    0x0800036e   0x0800036e   0x00000006   Code   RO         6147    .ARM.Collect$$rtexit$$00000004  c_w.l(rtexit2.o)
    0x08000374   0x08000374   0x00000000   Code   RO         5975    .emb_text           c_w.l(maybetermalloc1.o)
    0x08000374   0x08000374   0x0000002c   Code   RO         4673    .text               rtoscontext.o
    0x080003a0   0x080003a0   0x00000040   Code   RO         4680    .text               startup_stm32f769xx.o
    0x080003e0   0x080003e0   0x0000005e   Code   RO         5473    .text               c_w.l(h1_alloc.o)
    0x0800043e   0x0800043e   0x0000004e   Code   RO         5475    .text               c_w.l(h1_free.o)
    0x0800048c   0x0800048c   0x000000ee   Code   RO         5531    .text               c_w.l(lludivv7m.o)
    0x0800057a   0x0800057a   0x00000002   PAD
    0x0800057c   0x0800057c   0x00000024   Code   RO         5533    .text               c_w.l(c89vsprintf.o)
    0x080005a0   0x080005a0   0x00000016   Code   RO         5537    .text               c_w.l(abort.o)
    0x080005b6   0x080005b6   0x0000002e   Code   RO         5542    .text               c_w.l(aeabi_atexit.o)
    0x080005e4   0x080005e4   0x00000064   Code   RO         5553    .text               c_w.l(rt_memcpy_w.o)
    0x08000648   0x08000648   0x00000006   Code   RO         5557    .text               c_w.l(heapauxi.o)
    0x0800064e   0x0800064e   0x00000002   PAD
    0x08000650   0x08000650   0x00000024   Code   RO         5564    .text               c_w.l(init_aeabi.o)
    0x08000674   0x08000674   0x0000000c   Code   RO         5724    .text               c_w.l(sys_exit.o)
    0x08000680   0x08000680   0x00000008   Code   RO         5736    .text               c_w.l(rt_heap_descriptor_intlibspace.o)
    0x08000688   0x08000688   0x00000008   Code   RO         5741    .text               c_w.l(rt_ddtor_pointer_addr_intlibspace.o)
    0x08000690   0x08000690   0x00000004   Code   RO         5743    .text               c_w.l(hguard.o)
    0x08000694   0x08000694   0x0000008a   Code   RO         5745    .text               c_w.l(init_alloc.o)
    0x0800071e   0x0800071e   0x0000000e   Code   RO         5749    .text               c_w.l(h1_init.o)
    0x0800072c   0x0800072c   0x00000016   Code   RO         5763    .text               c_w.l(_rserrno.o)
    0x08000742   0x08000742   0x0000004e   Code   RO         5767    .text               c_w.l(_printf_pad.o)
    0x08000790   0x08000790   0x00000024   Code   RO         5769    .text               c_w.l(_printf_truncate.o)
    0x080007b4   0x080007b4   0x00000052   Code   RO         5771    .text               c_w.l(_printf_str.o)
    0x08000806   0x08000806   0x00000002   PAD
    0x08000808   0x08000808   0x00000078   Code   RO         5773    .text               c_w.l(_printf_dec.o)
    0x08000880   0x08000880   0x00000028   Code   RO         5775    .text               c_w.l(_printf_charcount.o)
    0x080008a8   0x080008a8   0x00000030   Code   RO         5777    .text               c_w.l(_printf_char_common.o)
    0x080008d8   0x080008d8   0x0000000a   Code   RO         5779    .text               c_w.l(_sputc.o)
    0x080008e2   0x080008e2   0x00000002   PAD
    0x080008e4   0x080008e4   0x000000bc   Code   RO         5783    .text               c_w.l(_printf_wctomb.o)
    0x080009a0   0x080009a0   0x0000007c   Code   RO         5786    .text               c_w.l(_printf_longlong_dec.o)
    0x08000a1c   0x08000a1c   0x00000070   Code   RO         5792    .text               c_w.l(_printf_oct_int_ll.o)
    0x08000a8c   0x08000a8c   0x00000094   Code   RO         5812    .text               c_w.l(_printf_hex_int_ll_ptr.o)
    0x08000b20   0x08000b20   0x00000188   Code   RO         5832    .text               c_w.l(__printf_flags_ss_wp.o)
    0x08000ca8   0x08000ca8   0x00000042   Code   RO         5858    .text               c_w.l(cxa_finalize.o)
    0x08000cea   0x08000cea   0x0000000e   Code   RO         5861    .text               c_w.l(defsig_abrt_outer.o)
    0x08000cf8   0x08000cf8   0x00000008   Code   RO         5943    .text               c_w.l(libspace.o)
    0x08000d00   0x08000d00   0x00000002   Code   RO         5946    .text               c_w.l(use_no_semi.o)
    0x08000d02   0x08000d02   0x00000000   Code   RO         5948    .text               c_w.l(indicate_semi.o)
    0x08000d02   0x08000d02   0x00000002   PAD
    0x08000d04   0x08000d04   0x00000008   Code   RO         5971    .text               c_w.l(rt_errno_addr_intlibspace.o)
    0x08000d0c   0x08000d0c   0x00000034   Code   RO         5977    .text               c_w.l(h1_extend.o)
    0x08000d40   0x08000d40   0x0000008a   Code   RO         5981    .text               c_w.l(lludiv10.o)
    0x08000dca   0x08000dca   0x000000b2   Code   RO         5983    .text               c_w.l(_printf_intcommon.o)
    0x08000e7c   0x08000e7c   0x0000041e   Code   RO         5985    .text               c_w.l(_printf_fp_dec.o)
    0x0800129a   0x0800129a   0x0000002c   Code   RO         5989    .text               c_w.l(_printf_char.o)
    0x080012c6   0x080012c6   0x0000002c   Code   RO         5991    .text               c_w.l(_printf_wchar.o)
    0x080012f2   0x080012f2   0x00000040   Code   RO         5994    .text               c_w.l(_wcrtomb.o)
    0x08001332   0x08001332   0x0000000a   Code   RO         5996    .text               c_w.l(defsig_exit.o)
    0x0800133c   0x0800133c   0x00000030   Code   RO         5998    .text               c_w.l(defsig_abrt_inner.o)
    0x0800136c   0x0800136c   0x0000000e   Code   RO         6000    .text               c_w.l(defsig_rtmem_outer.o)
    0x0800137a   0x0800137a   0x0000004a   Code   RO         6043    .text               c_w.l(sys_stackheap_outer.o)
    0x080013c4   0x080013c4   0x00000010   Code   RO         6045    .text               c_w.l(rt_ctype_table.o)
    0x080013d4   0x080013d4   0x00000008   Code   RO         6050    .text               c_w.l(rt_locale_intlibspace.o)
    0x080013dc   0x080013dc   0x00000080   Code   RO         6059    .text               c_w.l(_printf_fp_infnan.o)
    0x0800145c   0x0800145c   0x000000e4   Code   RO         6061    .text               c_w.l(bigflt0.o)
    0x08001540   0x08001540   0x00000012   Code   RO         6089    .text               c_w.l(exit.o)
    0x08001552   0x08001552   0x00000032   Code   RO         6093    .text               c_w.l(defsig_general.o)
    0x08001584   0x08001584   0x00000050   Code   RO         6099    .text               c_w.l(defsig_rtmem_inner.o)
    0x080015d4   0x080015d4   0x0000000e   Code   RO         6125    .text               c_w.l(sys_wrch.o)
    0x080015e2   0x080015e2   0x00000002   PAD
    0x080015e4   0x080015e4   0x00000068   Code   RO         6142    .text               c_w.l(strcmpv7m_pel.o)
    0x0800164c   0x0800164c   0x0000003e   Code   RO         6064    CL$$btod_d2e        c_w.l(btod.o)
    0x0800168a   0x0800168a   0x00000046   Code   RO         6066    CL$$btod_d2e_denorm_low  c_w.l(btod.o)
    0x080016d0   0x080016d0   0x00000060   Code   RO         6065    CL$$btod_d2e_norm_op1  c_w.l(btod.o)
    0x08001730   0x08001730   0x00000338   Code   RO         6074    CL$$btod_div_common  c_w.l(btod.o)
    0x08001a68   0x08001a68   0x000000dc   Code   RO         6071    CL$$btod_e2e        c_w.l(btod.o)
    0x08001b44   0x08001b44   0x0000002a   Code   RO         6068    CL$$btod_ediv       c_w.l(btod.o)
    0x08001b6e   0x08001b6e   0x0000002a   Code   RO         6067    CL$$btod_emul       c_w.l(btod.o)
    0x08001b98   0x08001b98   0x00000244   Code   RO         6073    CL$$btod_mult_common  c_w.l(btod.o)
    0x08001ddc   0x08001ddc   0x0000001c   Code   RO          597    i.ADC_IRQHandler    lib.o
    0x08001df8   0x08001df8   0x0000001c   Code   RO          598    i.OTG_FS_IRQHandler  lib.o
    0x08001e14   0x08001e14   0x0000002c   Code   RO          599    i.PendSV_Handler    lib.o
    0x08001e40   0x08001e40   0x0000003c   Code   RO          600    i.SysTick_Handler   lib.o
    0x08001e7c   0x08001e7c   0x0000019c   Code   RO          601    i.SystemInit        lib.o
    0x08002018   0x08002018   0x00000034   Code   RO          602    i.TIM1_UP_TIM10_IRQHandler  lib.o
    0x0800204c   0x0800204c   0x0000000c   Code   RO          603    i.TIM2_IRQHandler   lib.o
    0x08002058   0x08002058   0x0000000c   Code   RO          604    i.TIM3_IRQHandler   lib.o
    0x08002064   0x08002064   0x0000000c   Code   RO          605    i.TIM4_IRQHandler   lib.o
    0x08002070   0x08002070   0x0000000c   Code   RO          606    i.TIM5_IRQHandler   lib.o
    0x0800207c   0x0800207c   0x0000000c   Code   RO          607    i.TIM7_IRQHandler   lib.o
    0x08002088   0x08002088   0x0000000c   Code   RO          608    i.TIM8_CC_IRQHandler  lib.o
    0x08002094   0x08002094   0x0000000c   Code   RO          609    i.UART4_IRQHandler  lib.o
    0x080020a0   0x080020a0   0x0000000c   Code   RO          610    i.UART5_IRQHandler  lib.o
    0x080020ac   0x080020ac   0x0000000c   Code   RO          611    i.USART1_IRQHandler  lib.o
    0x080020b8   0x080020b8   0x0000000c   Code   RO          612    i.USART2_IRQHandler  lib.o
    0x080020c4   0x080020c4   0x0000000c   Code   RO          613    i.USART3_IRQHandler  lib.o
    0x080020d0   0x080020d0   0x0000000c   Code   RO          614    i.USART6_IRQHandler  lib.o
    0x080020dc   0x080020dc   0x0000001a   Code   RO          615    i._Z16__NVIC_EnableIRQ9IRQn_Type  lib.o
    0x080020f6   0x080020f6   0x00000084   Code   RO           83    i._ZN10Controller10beforeGameEN18cDevControlPointer5cDataE  main.o
    0x0800217a   0x0800217a   0x000000aa   Code   RO           76    i._ZN10Controller10duringGameEN18cDevControlPointer5cDataE  main.o
    0x08002224   0x08002224   0x0000008e   Code   RO           45    i._ZN10Controller10setupFieldEv  main.o
    0x080022b2   0x080022b2   0x0000000c   Code   RO          621    i._ZN10cDevAnalogC1Ehff  lib.o
    0x080022be   0x080022be   0x00000002   PAD
    0x080022c0   0x080022c0   0x00000010   Code   RO          632    i._ZN10cHwDisplayC2Ehh  lib.o
    0x080022d0   0x080022d0   0x0000000c   Code   RO          633    i._ZN10cHwTimer_N5isr_NEv  lib.o
    0x080022dc   0x080022dc   0x00000210   Code   RO          636    i._ZN10cHwTimer_NC1ENS_7TimerIdEj  lib.o
    0x080024ec   0x080024ec   0x0000001a   Code   RO          650    i._ZN11cDevDigital3getEv  lib.o
    0x08002506   0x08002506   0x00000014   Code   RO          651    i._ZN11cDevDigital3setEb  lib.o
    0x0800251a   0x0800251a   0x00000026   Code   RO         3610    i._ZN11cDevDigital8getEventEv  lib.o
    0x08002540   0x08002540   0x0000003c   Code   RO          653    i._ZN11cDevDigitalC1ER7cHwPorthNS_4ModeEb  lib.o
    0x0800257c   0x0800257c   0x00000002   Code   RO         4798    i._ZN11cHwRTOS_MCU10deleteFuncEv  rtos.o
    0x0800257e   0x0800257e   0x00000002   PAD
    0x08002580   0x08002580   0x00000024   Code   RO         4804    i._ZN11cHwRTOS_MCU10getSysTimeEv  rtos.o
    0x080025a4   0x080025a4   0x00000022   Code   RO         3568    i._ZN12cDevAnalogIn3getEv  lib.o
    0x080025c6   0x080025c6   0x00000002   PAD
    0x080025c8   0x080025c8   0x00000024   Code   RO          665    i._ZN12cDevAnalogInC2Ehff  lib.o
    0x080025ec   0x080025ec   0x000000aa   Code   RO          666    i._ZN12cHwI2Cmaster4readEhPhhS0_h  lib.o
    0x08002696   0x08002696   0x00000022   Code   RO          670    i._ZN12cHwI2Cmaster6Device4readEhPhh  lib.o
    0x080026b8   0x080026b8   0x0000000a   Code   RO          680    i._ZN12cHwI2Cmaster6Device7isErrorEv  lib.o
    0x080026c2   0x080026c2   0x00000002   PAD
    0x080026c4   0x080026c4   0x00000010   Code   RO          681    i._ZN12cHwI2CmasterC2Eh  lib.o
    0x080026d4   0x080026d4   0x00000064   Code   RO          682    i._ZN12cHwPinConfig3setENS_8FunctionEj  lib.o
    0x08002738   0x08002738   0x0000008e   Code   RO          683    i._ZN12cHwPinConfig3setEP12GPIO_TypeDefhjh  lib.o
    0x080027c6   0x080027c6   0x00000002   PAD
    0x080027c8   0x080027c8   0x00000024   Code   RO          688    i._ZN12cTaskHandler4TaskC2ERS_  lib.o
    0x080027ec   0x080027ec   0x00000008   Code   RO         3713    i._ZN12cTaskHandler6updateEv  lib.o
    0x080027f4   0x080027f4   0x00000016   Code   RO          692    i._ZN12cTaskHandler7addTaskEPNS_4TaskE  lib.o
    0x0800280a   0x0800280a   0x00000002   PAD
    0x0800280c   0x0800280c   0x00000044   Code   RO          693    i._ZN12cTaskHandlerC1EP8cHwTimer  lib.o
    0x08002850   0x08002850   0x00000050   Code   RO          695    i._ZN13cDevAnalogOut3setEf  lib.o
    0x080028a0   0x080028a0   0x0000003c   Code   RO          696    i._ZN13cDevAnalogOutC2Ehff  lib.o
    0x080028dc   0x080028dc   0x00000008   Code   RO          161    i._ZN13cTask_Example6updateEv  main.o
    0x080028e4   0x080028e4   0x00000022   Code   RO          703    i._ZN14cHwDisplayFont7setCharEh  lib.o
    0x08002906   0x08002906   0x0000002c   Code   RO          704    i._ZN14cHwDisplayFont8getPixelEhh  lib.o
    0x08002932   0x08002932   0x00000008   Code   RO          705    i._ZN14cHwDisplayFontC1EPK24cHwDisplayFontPropertiesPKh  lib.o
    0x0800293a   0x0800293a   0x00000004   Code   RO         3348    i._ZN14cHwI2Cmaster_N11readByteAckEv  lib.o
    0x0800293e   0x0800293e   0x00000004   Code   RO         3354    i._ZN14cHwI2Cmaster_N12readByteNackEv  lib.o
    0x08002942   0x08002942   0x000000a6   Code   RO          706    i._ZN14cHwI2Cmaster_N4readEhPhhS0_h  lib.o
    0x080029e8   0x080029e8   0x00000002   Code   RO         3330    i._ZN14cHwI2Cmaster_N4stopEv  lib.o
    0x080029ea   0x080029ea   0x00000002   Code   RO         3324    i._ZN14cHwI2Cmaster_N5startEv  lib.o
    0x080029ec   0x080029ec   0x00000002   Code   RO         3336    i._ZN14cHwI2Cmaster_N8sendAddrEh  lib.o
    0x080029ee   0x080029ee   0x00000002   Code   RO         3342    i._ZN14cHwI2Cmaster_N9writeByteEh  lib.o
    0x080029f0   0x080029f0   0x00000144   Code   RO          708    i._ZN14cHwI2Cmaster_NC1ENS_6I2C_IDEN12cHwI2Cmaster4MODEEh  lib.o
    0x08002b34   0x08002b34   0x0000000a   Code   RO          726    i._ZN15cDevAnalogInADC6getRawEv  lib.o
    0x08002b3e   0x08002b3e   0x00000002   PAD
    0x08002b40   0x08002b40   0x00000028   Code   RO          727    i._ZN15cDevAnalogInADCC1ER6cHwADChffh  lib.o
    0x08002b68   0x08002b68   0x0000005a   Code   RO         5413    i._ZN15cHwTouch_FT62066updateEv  touch_ft6206.o
    0x08002bc2   0x08002bc2   0x00000002   PAD
    0x08002bc4   0x08002bc4   0x00000030   Code   RO         5414    i._ZN15cHwTouch_FT6206C1ER12cHwI2Cmaster  touch_ft6206.o
    0x08002bf4   0x08002bf4   0x0000000a   Code   RO          753    i._ZN16cDevAnalogOutDAC6setRawEt  lib.o
    0x08002bfe   0x08002bfe   0x00000002   PAD
    0x08002c00   0x08002c00   0x00000024   Code   RO          754    i._ZN16cDevAnalogOutDACC1ER6cHwDAChff  lib.o
    0x08002c24   0x08002c24   0x00000860   Code   RO         5063    i._ZN16cHwDisp_OTM8009A4initEv  disp_otm8009a.o
    0x08003484   0x08003484   0x00000078   Code   RO         5169    i._ZN16cHwDisp_OTM8009AC2ER6cHwDSIRN7cHwPort3PinENS_11OrientationE14cHwDisplayFonth  disp_otm8009a.o
    0x080034fc   0x080034fc   0x00000028   Code   RO          757    i._ZN17cHwDisplayGraphic11gotoTextPosEhh  lib.o
    0x08003524   0x08003524   0x00000006   Code   RO          758    i._ZN17cHwDisplayGraphic12gotoPixelPosEtt  lib.o
    0x0800352a   0x0800352a   0x00000040   Code   RO          759    i._ZN17cHwDisplayGraphic12putRectangleEtttt  lib.o
    0x0800356a   0x0800356a   0x00000004   Code   RO          760    i._ZN17cHwDisplayGraphic12setBackColorEt  lib.o
    0x0800356e   0x0800356e   0x00000004   Code   RO          762    i._ZN17cHwDisplayGraphic13setPaintColorEt  lib.o
    0x08003572   0x08003572   0x000000be   Code   RO          763    i._ZN17cHwDisplayGraphic7putCharEc  lib.o
    0x08003630   0x08003630   0x00000002   Code   RO         3664    i._ZN17cHwDisplayGraphic7refreshEv  lib.o
    0x08003632   0x08003632   0x00000014   Code   RO          766    i._ZN17cHwDisplayGraphic8putPixelEtt  lib.o
    0x08003646   0x08003646   0x00000002   PAD
    0x08003648   0x08003648   0x0000003c   Code   RO          768    i._ZN17cHwDisplayGraphicC2E14cHwDisplayFonth  lib.o
    0x08003684   0x08003684   0x00000002   Code   RO          177    i._ZN17cRtosTask_Example6OnStopEv  main.o
    0x08003686   0x08003686   0x00000002   PAD
    0x08003688   0x08003688   0x00000038   Code   RO          170    i._ZN17cRtosTask_Example6updateEv  main.o
    0x080036c0   0x080036c0   0x0000000a   Code   RO          183    i._ZN17cRtosTask_Example7OnStartEv  main.o
    0x080036ca   0x080036ca   0x00000004   Code   RO          109    i._ZN17cRtosTask_ExampleD1Ev  main.o
    0x080036ce   0x080036ce   0x00000052   Code   RO          778    i._ZN18cDevControlEncoder3getEv  lib.o
    0x08003720   0x08003720   0x00000070   Code   RO          779    i._ZN18cDevControlEncoder6updateEv  lib.o
    0x08003790   0x08003790   0x00000022   Code   RO          780    i._ZN18cDevControlEncoder7getCtrlEv  lib.o
    0x080037b2   0x080037b2   0x00000002   PAD
    0x080037b4   0x080037b4   0x00000040   Code   RO          781    i._ZN18cDevControlEncoderC2EP11cDevDigitalP8cHwTimer  lib.o
    0x080037f4   0x080037f4   0x000000ec   Code   RO          782    i._ZN18cDevControlPointer3getEv  lib.o
    0x080038e0   0x080038e0   0x00000018   Code   RO          783    i._ZN18cDevControlPointerC1ER8cHwTouch  lib.o
    0x080038f8   0x080038f8   0x0000008a   Code   RO          785    i._ZN18cDevDisplayGraphic10drawCircleEtttt  lib.o
    0x08003982   0x08003982   0x00000008   Code   RO          786    i._ZN18cDevDisplayGraphic12setBackColorEt  lib.o
    0x0800398a   0x0800398a   0x00000030   Code   RO          788    i._ZN18cDevDisplayGraphic13drawRectangleEttttt  lib.o
    0x080039ba   0x080039ba   0x00000008   Code   RO          790    i._ZN18cDevDisplayGraphic5clearEv  lib.o
    0x080039c2   0x080039c2   0x00000056   Code   RO          791    i._ZN18cDevDisplayGraphic6printfEhhhPKcz  lib.o
    0x08003a18   0x08003a18   0x00000008   Code   RO          792    i._ZN18cDevDisplayGraphic7refreshEv  lib.o
    0x08003a20   0x08003a20   0x0000015e   Code   RO          795    i._ZN18cDevDisplayGraphic8drawLineEtttttt  lib.o
    0x08003b7e   0x08003b7e   0x00000056   Code   RO          797    i._ZN18cDevDisplayGraphic8drawTextEtthPKcz  lib.o
    0x08003bd4   0x08003bd4   0x00000070   Code   RO          798    i._ZN18cDevDisplayGraphic9drawFrameEtttttt  lib.o
    0x08003c44   0x08003c44   0x00000024   Code   RO          799    i._ZN18cDevDisplayGraphic9drawPixelEttt  lib.o
    0x08003c68   0x08003c68   0x00000018   Code   RO          800    i._ZN18cDevDisplayGraphicC1ER17cHwDisplayGraphic  lib.o
    0x08003c80   0x08003c80   0x00000022   Code   RO         5070    i._ZN19cHwDisp_OTM8009Aram5clearEv  disp_otm8009a.o
    0x08003ca2   0x08003ca2   0x00000006   Code   RO         5071    i._ZN19cHwDisp_OTM8009Aram7refreshEv  disp_otm8009a.o
    0x08003ca8   0x08003ca8   0x00000026   Code   RO         5072    i._ZN19cHwDisp_OTM8009Aram7setAreaEtttt  disp_otm8009a.o
    0x08003cce   0x08003cce   0x00000034   Code   RO         5073    i._ZN19cHwDisp_OTM8009Aram8setPixelEt  disp_otm8009a.o
    0x08003d02   0x08003d02   0x00000016   Code   RO         5074    i._ZN19cHwDisp_OTM8009Aram8setPixelEttt  disp_otm8009a.o
    0x08003d18   0x08003d18   0x000000dc   Code   RO         5075    i._ZN19cHwDisp_OTM8009AramC1ER6cHwDSIRN7cHwPort3PinEN16cHwDisp_OTM8009A11OrientationE14cHwDisplayFonth  disp_otm8009a.o
    0x08003df4   0x08003df4   0x00000062   Code   RO          806    i._ZN26cDevControlEncoderJoystick12getIncrementEv  lib.o
    0x08003e56   0x08003e56   0x00000002   PAD
    0x08003e58   0x08003e58   0x00000054   Code   RO          807    i._ZN26cDevControlEncoderJoystickC1EP11cDevDigitalS1_S1_P8cHwTimert  lib.o
    0x08003eac   0x08003eac   0x0000013c   Code   RO           51    i._ZN4View15createStartViewE6ButtonS0_  main.o
    0x08003fe8   0x08003fe8   0x0000005e   Code   RO           38    i._ZN4View9drawCrossE10Coordinate  main.o
    0x08004046   0x08004046   0x00000022   Code   RO          814    i._ZN5cList3addEPNS_4ItemE  lib.o
    0x08004068   0x08004068   0x00000002   Code   RO         3944    i._ZN5cList4Item6updateEv  lib.o
    0x0800406a   0x0800406a   0x00000002   PAD
    0x0800406c   0x0800406c   0x00000020   Code   RO          817    i._ZN5cList4ItemC1EPS_  lib.o
    0x0800408c   0x0800408c   0x00000016   Code   RO          819    i._ZN5cList9updateAllEv  lib.o
    0x080040a2   0x080040a2   0x00000006   Code   RO          820    i._ZN5cListC1Ev     lib.o
    0x080040a8   0x080040a8   0x0000002c   Code   RO         4687    i._ZN5cRTOS4StopERNS_4TaskE  rtos.o
    0x080040d4   0x080040d4   0x00000024   Code   RO         4688    i._ZN5cRTOS4Task4StopEv  rtos.o
    0x080040f8   0x080040f8   0x0000001e   Code   RO         4689    i._ZN5cRTOS4Task5PauseEt  rtos.o
    0x08004116   0x08004116   0x00000024   Code   RO         4690    i._ZN5cRTOS4Task5StartEv  rtos.o
    0x0800413a   0x0800413a   0x00000022   Code   RO         4691    i._ZN5cRTOS4Task6FinishEv  rtos.o
    0x0800415c   0x0800415c   0x00000002   Code   RO         4816    i._ZN5cRTOS4Task6OnStopEv  rtos.o
    0x0800415e   0x0800415e   0x00000002   Code   RO         4810    i._ZN5cRTOS4Task7OnStartEv  rtos.o
    0x08004160   0x08004160   0x00000018   Code   RO         4692    i._ZN5cRTOS4Task7starterEPv  rtos.o
    0x08004178   0x08004178   0x00000020   Code   RO         4693    i._ZN5cRTOS4TaskC2ERS_j  rtos.o
    0x08004198   0x08004198   0x00000024   Code   RO         4695    i._ZN5cRTOS4TaskD2Ev  rtos.o
    0x080041bc   0x080041bc   0x00000010   Code   RO         4696    i._ZN5cRTOS5PauseERNS_4TaskE  rtos.o
    0x080041cc   0x080041cc   0x0000008c   Code   RO         4697    i._ZN5cRTOS5StartERNS_4TaskE  rtos.o
    0x08004258   0x08004258   0x00000006   Code   RO         4698    i._ZN5cRTOS5Timer12getTimeOfTicEv  rtos.o
    0x0800425e   0x0800425e   0x00000004   Code   RO         4699    i._ZN5cRTOS5Timer7getTicsEv  rtos.o
    0x08004262   0x08004262   0x00000002   PAD
    0x08004264   0x08004264   0x00000020   Code   RO         4700    i._ZN5cRTOS5TimerC1Et  rtos.o
    0x08004284   0x08004284   0x00000020   Code   RO          102    i._ZN5cRTOS8scheduleEjh  main.o
    0x080042a4   0x080042a4   0x00000014   Code   RO         4701    i._ZN5cRTOSC2Ev     rtos.o
    0x080042b8   0x080042b8   0x00000026   Code   RO          115    i._ZN6Button8containsEii  main.o
    0x080042de   0x080042de   0x0000000e   Code   RO           90    i._ZN6ButtonC1Eiiii  main.o
    0x080042ec   0x080042ec   0x00000026   Code   RO         3228    i._ZN6cHwADC3getEh  lib.o
    0x08004312   0x08004312   0x00000052   Code   RO         3247    i._ZN6cHwADC3isrEv  lib.o
    0x08004364   0x08004364   0x0000004e   Code   RO          822    i._ZN6cHwADC6enableEhh  lib.o
    0x080043b2   0x080043b2   0x0000002c   Code   RO         3240    i._ZN6cHwADC6updateEv  lib.o
    0x080043de   0x080043de   0x00000002   PAD
    0x080043e0   0x080043e0   0x00000054   Code   RO          823    i._ZN6cHwADCC2EhP8cHwTimer  lib.o
    0x08004434   0x08004434   0x0000000c   Code   RO          824    i._ZN6cHwDACC2Eh    lib.o
    0x08004440   0x08004440   0x00000020   Code   RO          143    i._ZN6cHwDSI10writeShortEhh  main.o
    0x08004460   0x08004460   0x00000010   Code   RO         5176    i._ZN6cHwDSI14DisplayRefreshEv  disp_otm8009a.o
    0x08004470   0x08004470   0x00000194   Code   RO         5163    i._ZN6cHwDSI4InitEttb  disp_otm8009a.o
    0x08004604   0x08004604   0x00000044   Code   RO          149    i._ZN6cHwDSI9writeLongEPhj  main.o
    0x08004648   0x08004648   0x000000a4   Code   RO           96    i._ZN6cHwFMC10SDRAM_InitEv  main.o
    0x080046ec   0x080046ec   0x0000003e   Code   RO           58    i._ZN6cHwFMC11SendCommandEjjj  main.o
    0x0800472a   0x0800472a   0x00000002   PAD
    0x0800472c   0x0800472c   0x00000204   Code   RO           64    i._ZN6cHwFMCC1ENS_7FMCtypeEb  main.o
    0x08004930   0x08004930   0x0000000c   Code   RO          825    i._ZN6cHwRTCC2Ev    lib.o
    0x0800493c   0x0800493c   0x00000024   Code   RO          832    i._ZN6cTimer3setEtt  lib.o
    0x08004960   0x08004960   0x00000014   Code   RO          834    i._ZN6cTimer5startEtt  lib.o
    0x08004974   0x08004974   0x00000014   Code   RO          835    i._ZN6cTimer5startEv  lib.o
    0x08004988   0x08004988   0x0000003c   Code   RO          837    i._ZN6cTimer7timeoutEv  lib.o
    0x080049c4   0x080049c4   0x00000010   Code   RO          839    i._ZN6cTimerC2Ev    lib.o
    0x080049d4   0x080049d4   0x0000000a   Code   RO         3304    i._ZN7cHwPort3Pin3clrEv  lib.o
    0x080049de   0x080049de   0x0000001a   Code   RO         3311    i._ZN7cHwPort3Pin3getEv  lib.o
    0x080049f8   0x080049f8   0x0000001a   Code   RO         3121    i._ZN7cHwPort3Pin3setEb  lib.o
    0x08004a12   0x08004a12   0x0000000a   Code   RO         3297    i._ZN7cHwPort3Pin3setEv  lib.o
    0x08004a1c   0x08004a1c   0x0000000c   Code   RO         3290    i._ZN7cHwPort3Pin7setModeENS_4ModeE  lib.o
    0x08004a28   0x08004a28   0x00000014   Code   RO          840    i._ZN7cHwPort3PinC1ERS_h  lib.o
    0x08004a3c   0x08004a3c   0x00000016   Code   RO          889    i._ZN7cSystem13delayMicroSecEt  lib.o
    0x08004a52   0x08004a52   0x0000001a   Code   RO          890    i._ZN7cSystem13delayMilliSecEt  lib.o
    0x08004a6c   0x08004a6c   0x00000002   Code   RO          892    i._ZN7cSystem15disableWatchdogEv  lib.o
    0x08004a6e   0x08004a6e   0x00000002   PAD
    0x08004a70   0x08004a70   0x0000001c   Code   RO          893    i._ZN7cSystem15enableInterruptEv  lib.o
    0x08004a8c   0x08004a8c   0x00000010   Code   RO          894    i._ZN7cSystem16disableInterruptEv  lib.o
    0x08004a9c   0x08004a9c   0x00000012   Code   RO          899    i._ZN7cSystemC1Eh   lib.o
    0x08004aae   0x08004aae   0x00000002   PAD
    0x08004ab0   0x08004ab0   0x00000018   Code   RO         3260    i._ZN8cHwADC_07startChEh  lib.o
    0x08004ac8   0x08004ac8   0x00000040   Code   RO          900    i._ZN8cHwADC_08configChEhh  lib.o
    0x08004b08   0x08004b08   0x0000000c   Code   RO         3254    i._ZN8cHwADC_09getResultEv  lib.o
    0x08004b14   0x08004b14   0x00000050   Code   RO          901    i._ZN8cHwADC_0C1EP8cHwTimer  lib.o
    0x08004b64   0x08004b64   0x00000020   Code   RO         3956    i._ZN8cHwDAC_03setEth  lib.o
    0x08004b84   0x08004b84   0x00000034   Code   RO         3962    i._ZN8cHwDAC_06enableEh  lib.o
    0x08004bb8   0x08004bb8   0x00000020   Code   RO          902    i._ZN8cHwDAC_0C1Ev  lib.o
    0x08004bd8   0x08004bd8   0x000000c0   Code   RO          903    i._ZN8cHwRTC_03getERN6cHwRTC10PropertiesE  lib.o
    0x08004c98   0x08004c98   0x000000c0   Code   RO          905    i._ZN8cHwRTC_0C1ENS_17RTC_ClockConfig_tE  lib.o
    0x08004d58   0x08004d58   0x00000006   Code   RO         3222    i._ZN8cHwTimer10isrHandlerEv  lib.o
    0x08004d5e   0x08004d5e   0x00000004   Code   RO          906    i._ZN8cHwTimer12getCycleTimeEv  lib.o
    0x08004d62   0x08004d62   0x00000006   Code   RO          907    i._ZN8cHwTimer3addEPN5cList4ItemE  lib.o
    0x08004d68   0x08004d68   0x00000004   Code   RO         4025    i._ZN8cHwTouch7getPosXEv  lib.o
    0x08004d6c   0x08004d6c   0x00000004   Code   RO         4031    i._ZN8cHwTouch7getPosYEv  lib.o
    0x08004d70   0x08004d70   0x00000004   Code   RO         4037    i._ZN8cHwTouch9isTouchedEv  lib.o
    0x08004d74   0x08004d74   0x00000018   Code   RO          908    i._ZN8cHwTouchC2Ett  lib.o
    0x08004d8c   0x08004d8c   0x00000022   Code   RO          909    i._ZN8cHwUSB_010EndpointIN11transmitZLPEv  lib.o
    0x08004dae   0x08004dae   0x00000002   PAD
    0x08004db0   0x08004db0   0x00000058   Code   RO          910    i._ZN8cHwUSB_010EndpointIN11writeToFifoEv  lib.o
    0x08004e08   0x08004e08   0x00000008   Code   RO          911    i._ZN8cHwUSB_010EndpointIN12clrInterruptEj  lib.o
    0x08004e10   0x08004e10   0x00000024   Code   RO          912    i._ZN8cHwUSB_010EndpointIN12getInterruptEv  lib.o
    0x08004e34   0x08004e34   0x00000048   Code   RO          918    i._ZN8cHwUSB_010EndpointIN6configEth  lib.o
    0x08004e7c   0x08004e7c   0x00000070   Code   RO          921    i._ZN8cHwUSB_010EndpointIN8transmitEb  lib.o
    0x08004eec   0x08004eec   0x00000028   Code   RO          926    i._ZN8cHwUSB_011EndpointOUT10receiveZLPEv  lib.o
    0x08004f14   0x08004f14   0x00000008   Code   RO          927    i._ZN8cHwUSB_011EndpointOUT12clrInterruptEj  lib.o
    0x08004f1c   0x08004f1c   0x00000014   Code   RO          928    i._ZN8cHwUSB_011EndpointOUT12getInterruptEv  lib.o
    0x08004f30   0x08004f30   0x0000002a   Code   RO          929    i._ZN8cHwUSB_011EndpointOUT12readFromFifoEt  lib.o
    0x08004f5a   0x08004f5a   0x00000002   PAD
    0x08004f5c   0x08004f5c   0x00000050   Code   RO          935    i._ZN8cHwUSB_011EndpointOUT6configEth  lib.o
    0x08004fac   0x08004fac   0x0000004e   Code   RO          936    i._ZN8cHwUSB_011EndpointOUT7receiveEv  lib.o
    0x08004ffa   0x08004ffa   0x0000000c   Code   RO          940    i._ZN8cHwUSB_012clrInterruptEj  lib.o
    0x08005006   0x08005006   0x00000002   PAD
    0x08005008   0x08005008   0x00000014   Code   RO          941    i._ZN8cHwUSB_014getInInterruptEv  lib.o
    0x0800501c   0x0800501c   0x00000014   Code   RO          942    i._ZN8cHwUSB_015getOutInterruptEv  lib.o
    0x08005030   0x08005030   0x00000016   Code   RO          943    i._ZN8cHwUSB_018isInterruptPendingEj  lib.o
    0x08005046   0x08005046   0x00000002   PAD
    0x08005048   0x08005048   0x000002d8   Code   RO         3114    i._ZN8cHwUSB_03isrEv  lib.o
    0x08005320   0x08005320   0x0000007a   Code   RO          961    i._ZN9cHwPort_N10setPinModeEhN7cHwPort4ModeE  lib.o
    0x0800539a   0x0800539a   0x00000008   Code   RO         3398    i._ZN9cHwPort_N3clrEj  lib.o
    0x080053a2   0x080053a2   0x00000006   Code   RO         3404    i._ZN9cHwPort_N3getEv  lib.o
    0x080053a8   0x080053a8   0x00000006   Code   RO         3386    i._ZN9cHwPort_N3setEj  lib.o
    0x080053ae   0x080053ae   0x00000002   PAD
    0x080053b0   0x080053b0   0x000000d4   Code   RO          963    i._ZN9cHwPort_NC1ENS_6PortIdE  lib.o
    0x08005484   0x08005484   0x00000032   Code   RO          964    i._ZN9cHwUART_N3isrEv  lib.o
    0x080054b6   0x080054b6   0x00000006   Code   RO          966    i._ZNK14cHwDisplayFont12getCharWidthEv  lib.o
    0x080054bc   0x080054bc   0x00000006   Code   RO          967    i._ZNK14cHwDisplayFont13getCharHeightEv  lib.o
    0x080054c2   0x080054c2   0x00000004   Code   RO         3204    i._Znaj             lib.o
    0x080054c6   0x080054c6   0x00000004   Code   RO           70    i._Znwj             main.o
    0x080054ca   0x080054ca   0x00000030   Code   RO         6123    i.__ARM_fpclassify  m_wm.l(fpclassify.o)
    0x080054fa   0x080054fa   0x00000004   Code   RO          969    i.__cxa_pure_virtual  lib.o
    0x080054fe   0x080054fe   0x0000003a   Code   RO         5712    i.__hardfp_sqrtf    m_wm.l(sqrtf.o)
    0x08005538   0x08005538   0x00000314   Code   RO            4    i.__sti___8_main_cpp_sys  main.o
    0x0800584c   0x0800584c   0x0000000e   Code   RO         5825    i._is_digit         c_w.l(__printf_wp.o)
    0x0800585a   0x0800585a   0x00000002   PAD
    0x0800585c   0x0800585c   0x0000019c   Code   RO            5    i.main              main.o
    0x080059f8   0x080059f8   0x0000002c   Code   RO         6087    locale$$code        c_w.l(lc_numeric_c.o)
    0x08005a24   0x08005a24   0x0000002c   Code   RO         6134    locale$$code        c_w.l(lc_ctype_c.o)
    0x08005a50   0x08005a50   0x00000010   Code   RO         3216    t._Z5RANGEIsET_S0_S0_S0_  lib.o
    0x08005a60   0x08005a60   0x0000001e   Code   RO         3688    t._ZN5cFifoIN18cDevControlEncoder6tEventEE6isFullEv  lib.o
    0x08005a7e   0x08005a7e   0x0000003e   Code   RO         3198    t._ZN5cFifoIN18cDevControlEncoder6tEventEElsERKS1_  lib.o
    0x08005abc   0x08005abc   0x0000002e   Code   RO          189    t._ZN8cRTOS_RRILh3EE3addEj  main.o
    0x08005aea   0x08005aea   0x0000000e   Code   RO          195    t._ZN8cRTOS_RRILh3EE3delEi  main.o
    0x08005af8   0x08005af8   0x00000008   Code   RO          201    t._ZN8cRTOS_RRILh3EE3getEi  main.o
    0x08005b00   0x08005b00   0x00000040   Code   RO          207    t._ZN8cRTOS_RRILh3EE9schedulerEjb  main.o
    0x08005b40   0x08005b40   0x00000062   Code   RO         5682    x$fpl$d2f           fz_wm.l(d2f.o)
    0x08005ba2   0x08005ba2   0x00000002   PAD
    0x08005ba4   0x08005ba4   0x00000150   Code   RO         5684    x$fpl$dadd          fz_wm.l(daddsub_clz.o)
    0x08005cf4   0x08005cf4   0x000002b0   Code   RO         5691    x$fpl$ddiv          fz_wm.l(ddiv.o)
    0x08005fa4   0x08005fa4   0x0000005a   Code   RO         5698    x$fpl$dfixu         fz_wm.l(dfixu.o)
    0x08005ffe   0x08005ffe   0x00000026   Code   RO         5702    x$fpl$dfltu         fz_wm.l(dflt_clz.o)
    0x08006024   0x08006024   0x00000154   Code   RO         5708    x$fpl$dmul          fz_wm.l(dmul.o)
    0x08006178   0x08006178   0x0000009c   Code   RO         5930    x$fpl$dnaninf       fz_wm.l(dnaninf.o)
    0x08006214   0x08006214   0x0000000c   Code   RO         5932    x$fpl$dretinf       fz_wm.l(dretinf.o)
    0x08006220   0x08006220   0x000001d4   Code   RO         5686    x$fpl$dsub          fz_wm.l(daddsub_clz.o)
    0x080063f4   0x080063f4   0x00000056   Code   RO         5710    x$fpl$f2d           fz_wm.l(f2d.o)
    0x0800644a   0x0800644a   0x0000008c   Code   RO         5934    x$fpl$fnaninf       fz_wm.l(fnaninf.o)
    0x080064d6   0x080064d6   0x0000000a   Code   RO         6041    x$fpl$fpinit        fz_wm.l(fpinit.o)
    0x080064e0   0x080064e0   0x0000000a   Code   RO         5936    x$fpl$fretinf       fz_wm.l(fretinf.o)
    0x080064ea   0x080064ea   0x00000004   Code   RO         5938    x$fpl$printf1       fz_wm.l(printf1.o)
    0x080064ee   0x080064ee   0x00000000   Code   RO         5940    x$fpl$usenofp       fz_wm.l(usenofp.o)
    0x080064ee   0x080064ee   0x00000485   Data   RO            9    .constdata          main.o
    0x08006973   0x08006973   0x00000001   PAD
    0x08006974   0x08006974   0x0000003c   Data   RO         1348    .constdata          lib.o
    0x080069b0   0x080069b0   0x00000008   Data   RO         5784    .constdata          c_w.l(_printf_wctomb.o)
    0x080069b8   0x080069b8   0x00000028   Data   RO         5813    .constdata          c_w.l(_printf_hex_int_ll_ptr.o)
    0x080069e0   0x080069e0   0x00000011   Data   RO         5833    .constdata          c_w.l(__printf_flags_ss_wp.o)
    0x080069f1   0x080069f1   0x00000003   PAD
    0x080069f4   0x080069f4   0x00000094   Data   RO         6062    .constdata          c_w.l(bigflt0.o)
    0x08006a88   0x08006a88   0x00000020   Data   RO         3802    .constdata__ZTV10cHwDisplay  lib.o
    0x08006aa8   0x08006aa8   0x0000001c   Data   RO         3071    .constdata__ZTV10cHwTimer_N  lib.o
    0x08006ac4   0x08006ac4   0x00000030   Data   RO         3055    .constdata__ZTV11cDevDigital  lib.o
    0x08006af4   0x08006af4   0x00000018   Data   RO         3835    .constdata__ZTV12cDevAnalogIn  lib.o
    0x08006b0c   0x08006b0c   0x00000028   Data   RO         3037    .constdata__ZTV12cHwI2Cmaster  lib.o
    0x08006b34   0x08006b34   0x0000001c   Data   RO         3111    .constdata__ZTV12cTaskHandler  lib.o
    0x08006b50   0x08006b50   0x00000014   Data   RO         3091    .constdata__ZTV13cDevAnalogOut  lib.o
    0x08006b64   0x08006b64   0x0000000c   Data   RO          124    .constdata__ZTV13cTask_Example  main.o
    0x08006b70   0x08006b70   0x0000002c   Data   RO         3039    .constdata__ZTV14cHwI2Cmaster_N  lib.o
    0x08006b9c   0x08006b9c   0x00000018   Data   RO         3089    .constdata__ZTV15cDevAnalogInADC  lib.o
    0x08006bb4   0x08006bb4   0x00000018   Data   RO         5438    .constdata__ZTV15cHwTouch_FT6206  touch_ft6206.o
    0x08006bcc   0x08006bcc   0x00000014   Data   RO         3093    .constdata__ZTV16cDevAnalogOutDAC  lib.o
    0x08006be0   0x08006be0   0x0000005c   Data   RO         5183    .constdata__ZTV16cHwDisp_OTM8009A  disp_otm8009a.o
    0x08006c3c   0x08006c3c   0x0000005c   Data   RO         3059    .constdata__ZTV17cHwDisplayGraphic  lib.o
    0x08006c98   0x08006c98   0x00000030   Data   RO          126    .constdata__ZTV17cRtosTask_Example  main.o
    0x08006cc8   0x08006cc8   0x00000014   Data   RO         3103    .constdata__ZTV18cDevControlEncoder  lib.o
    0x08006cdc   0x08006cdc   0x0000000c   Data   RO         3109    .constdata__ZTV18cDevControlPointer  lib.o
    0x08006ce8   0x08006ce8   0x00000048   Data   RO         3061    .constdata__ZTV18cDevDisplayGraphic  lib.o
    0x08006d30   0x08006d30   0x0000005c   Data   RO         5162    .constdata__ZTV19cHwDisp_OTM8009Aram  disp_otm8009a.o
    0x08006d8c   0x08006d8c   0x00000014   Data   RO         3105    .constdata__ZTV26cDevControlEncoderJoystick  lib.o
    0x08006da0   0x08006da0   0x00000018   Data   RO         4823    .constdata__ZTV5cRTOS  rtos.o
    0x08006db8   0x08006db8   0x00000028   Data   RO         3063    .constdata__ZTV6cHwADC  lib.o
    0x08006de0   0x08006de0   0x00000014   Data   RO         3810    .constdata__ZTV6cHwDAC  lib.o
    0x08006df4   0x08006df4   0x00000010   Data   RO          122    .constdata__ZTV6cHwDSI  main.o
    0x08006e04   0x08006e04   0x00000010   Data   RO         3793    .constdata__ZTV6cHwRTC  lib.o
    0x08006e14   0x08006e14   0x00000010   Data   RO         3844    .constdata__ZTV6cTimer  lib.o
    0x08006e24   0x08006e24   0x00000028   Data   RO         3065    .constdata__ZTV8cHwADC_0  lib.o
    0x08006e4c   0x08006e4c   0x00000014   Data   RO         3812    .constdata__ZTV8cHwDAC_0  lib.o
    0x08006e60   0x08006e60   0x00000010   Data   RO         3069    .constdata__ZTV8cHwRTC_0  lib.o
    0x08006e70   0x08006e70   0x0000001c   Data   RO         3029    .constdata__ZTV8cHwTimer  lib.o
    0x08006e8c   0x08006e8c   0x00000018   Data   RO         3826    .constdata__ZTV8cHwTouch  lib.o
    0x08006ea4   0x08006ea4   0x00000018   Data   RO          128    .constdata__ZTV8cRTOS_RRILh3EE  main.o
    0x08006ebc   0x08006ebc   0x00000020   Data   RO         3041    .constdata__ZTV9cHwPort_N  lib.o
    0x08006edc   0x08006edc   0x0000003c   Data   RO         3035    .constdata__ZTVN12cHwI2Cmaster6DeviceE  lib.o
    0x08006f18   0x08006f18   0x0000000c   Data   RO         3847    .constdata__ZTVN12cTaskHandler4TaskE  lib.o
    0x08006f24   0x08006f24   0x0000000c   Data   RO         3789    .constdata__ZTVN5cList4ItemE  lib.o
    0x08006f30   0x08006f30   0x00000030   Data   RO         4795    .constdata__ZTVN5cRTOS4TaskE  rtos.o
    0x08006f60   0x08006f60   0x00000010   Data   RO         4797    .constdata__ZTVN5cRTOS5TimerE  rtos.o
    0x08006f70   0x08006f70   0x0000001c   Data   RO         3791    .constdata__ZTVN7cHwPort3PinE  lib.o
    0x08006f8c   0x08006f8c   0x00000015   Data   RO           35    .constdata__ZZN4View15createStartViewE6ButtonS0_Es  main.o
    0x08006fa1   0x08006fa1   0x0000000a   Data   RO           36    .constdata__ZZN4View15createStartViewE6ButtonS0_Es_0  main.o
    0x08006fab   0x08006fab   0x0000000a   Data   RO           37    .constdata__ZZN4View15createStartViewE6ButtonS0_Es_1  main.o
    0x08006fb5   0x08006fb5   0x00000003   PAD
    0x08006fb8   0x08006fb8   0x00000020   Data   RO         6166    Region$$Table       anon$$obj.o
    0x08006fd8   0x08006fd8   0x0000001c   Data   RO         6086    locale$$data        c_w.l(lc_numeric_c.o)
    0x08006ff4   0x08006ff4   0x00000110   Data   RO         6133    locale$$data        c_w.l(lc_ctype_c.o)
    0x08007104   0x08007104   0x00000004   Data   RO           12    .init_array         main.o
    0x08007108   0x08007104   0x00000000   Data   RO         5562    .init_array         c_w.l(init_aeabi.o)


    Execution Region RW_IRAM1 (Exec base: 0x20020000, Load base: 0x08007108, Size: 0x00002488, Max: 0x00005c00, ABSOLUTE, COMPRESSED[0x00000114])

    Exec Addr    Load Addr    Size         Type   Attr      Idx    E Section Name        Object

    0x20020000   COMPRESSED   0x00000114   Data   RW           10    .data               main.o
    0x20020114   COMPRESSED   0x00000060   Data   RW           11    .data               main.o
    0x20020174   COMPRESSED   0x00000074   Data   RW         1349    .data               lib.o
    0x200201e8   COMPRESSED   0x00000004   Data   RW         1350    .data               lib.o
    0x200201ec   COMPRESSED   0x00000004   Data   RW         4717    .data               rtos.o
    0x200201f0        -       0x00000234   Zero   RW            8    .bss                main.o
    0x20020424        -       0x00000060   Zero   RW         5944    .bss                c_w.l(libspace.o)
    0x20020484   COMPRESSED   0x00000004   PAD
    0x20020488        -       0x00001000   Zero   RW         4678    HEAP                startup_stm32f769xx.o
    0x20021488        -       0x00001000   Zero   RW         4677    STACK               startup_stm32f769xx.o



  Load Region LR$$.ARM.__AT_0x20000000 (Base: 0x20000000, Size: 0x00000000, Max: 0x000000a0, ABSOLUTE)

    Execution Region ER$$.ARM.__AT_0x20000000 (Exec base: 0x20000000, Load base: 0x20000000, Size: 0x000000a0, Max: 0x000000a0, ABSOLUTE, UNINIT)

    Exec Addr    Load Addr    Size         Type   Attr      Idx    E Section Name        Object

    0x20000000        -       0x000000a0   Zero   RW          970    .ARM.__AT_0x20000000  lib.o



  Load Region LR$$.ARM.__AT_0x20000100 (Base: 0x20000100, Size: 0x00000000, Max: 0x00001dc4, ABSOLUTE)

    Execution Region ER$$.ARM.__AT_0x20000100 (Exec base: 0x20000100, Load base: 0x20000100, Size: 0x00001dc4, Max: 0x00001dc4, ABSOLUTE, UNINIT)

    Exec Addr    Load Addr    Size         Type   Attr      Idx    E Section Name        Object

    0x20000100        -       0x00001dc4   Zero   RW          971    .ARM.__AT_0x20000100  lib.o



  Load Region LR$$.ARM.__AT_0x20002000 (Base: 0x20002000, Size: 0x00000000, Max: 0x000000a0, ABSOLUTE)

    Execution Region ER$$.ARM.__AT_0x20002000 (Exec base: 0x20002000, Load base: 0x20002000, Size: 0x000000a0, Max: 0x000000a0, ABSOLUTE, UNINIT)

    Exec Addr    Load Addr    Size         Type   Attr      Idx    E Section Name        Object

    0x20002000        -       0x000000a0   Zero   RW          972    .ARM.__AT_0x20002000  lib.o



  Load Region LR$$.ARM.__AT_0x20002100 (Base: 0x20002100, Size: 0x00000000, Max: 0x00001dc4, ABSOLUTE)

    Execution Region ER$$.ARM.__AT_0x20002100 (Exec base: 0x20002100, Load base: 0x20002100, Size: 0x00001dc4, Max: 0x00001dc4, ABSOLUTE, UNINIT)

    Exec Addr    Load Addr    Size         Type   Attr      Idx    E Section Name        Object

    0x20002100        -       0x00001dc4   Zero   RW          973    .ARM.__AT_0x20002100  lib.o


==============================================================================

Image component sizes


      Code (inc. data)   RO Data    RW Data    ZI Data      Debug   Object Name

      3056        432        184          0          0      21756   disp_otm8009a.o
      8536        566        948        120      15560    1018299   lib.o
      3196        210       1302        372        564     877267   main.o
       532         54         88          4          0      16562   rtos.o
        44          0          0          0          0        480   rtoscontext.o
        64         26        504          0       8192        884   startup_stm32f769xx.o
       138          8         24          0          0       4252   touch_ft6206.o

    ----------------------------------------------------------------------
     15614       1296       3086        496      24316    1939500   Object Totals
         0          0         32          0          0          0   (incl. Generated)
        48          0          4          0          0          0   (incl. Padding)

    ----------------------------------------------------------------------

      Code (inc. data)   RO Data    RW Data    ZI Data      Debug   Library Member Name

        58          0          0          0          0          0   __dczerorl.o
         8          0          0          0          0         68   __main.o
       392          4         17          0          0         92   __printf_flags_ss_wp.o
        14          0          0          0          0         68   __printf_wp.o
         0          0          0          0          0          0   __rtentry.o
        12          0          0          0          0          0   __rtentry2.o
         6          0          0          0          0          0   __rtentry4.o
        52          8          0          0          0          0   __scatter.o
        28          0          0          0          0          0   __scatter_zi.o
         6          0          0          0          0          0   _printf_a.o
         6          0          0          0          0          0   _printf_c.o
        44          0          0          0          0        108   _printf_char.o
        48          6          0          0          0         96   _printf_char_common.o
        40          0          0          0          0         68   _printf_charcount.o
         6          0          0          0          0          0   _printf_d.o
       120         16          0          0          0         92   _printf_dec.o
         6          0          0          0          0          0   _printf_e.o
         6          0          0          0          0          0   _printf_f.o
      1054          0          0          0          0        216   _printf_fp_dec.o
       128         16          0          0          0         84   _printf_fp_infnan.o
         6          0          0          0          0          0   _printf_g.o
       148          4         40          0          0        160   _printf_hex_int_ll_ptr.o
         6          0          0          0          0          0   _printf_i.o
       178          0          0          0          0         88   _printf_intcommon.o
        10          0          0          0          0          0   _printf_l.o
         6          0          0          0          0          0   _printf_lc.o
        10          0          0          0          0          0   _printf_ll.o
         6          0          0          0          0          0   _printf_lld.o
         6          0          0          0          0          0   _printf_lli.o
         6          0          0          0          0          0   _printf_llo.o
         6          0          0          0          0          0   _printf_llu.o
         6          0          0          0          0          0   _printf_llx.o
       124         16          0          0          0         92   _printf_longlong_dec.o
         6          0          0          0          0          0   _printf_ls.o
         6          0          0          0          0          0   _printf_n.o
         6          0          0          0          0          0   _printf_o.o
       112         10          0          0          0        124   _printf_oct_int_ll.o
         6          0          0          0          0          0   _printf_p.o
        78          0          0          0          0        108   _printf_pad.o
         0          0          0          0          0          0   _printf_percent.o
         4          0          0          0          0          0   _printf_percent_end.o
         6          0          0          0          0          0   _printf_s.o
        82          0          0          0          0         80   _printf_str.o
        36          0          0          0          0         84   _printf_truncate.o
         6          0          0          0          0          0   _printf_u.o
        44          0          0          0          0        108   _printf_wchar.o
       188          6          8          0          0         92   _printf_wctomb.o
         6          0          0          0          0          0   _printf_x.o
        22          0          0          0          0        100   _rserrno.o
        10          0          0          0          0         68   _sputc.o
        64          0          0          0          0         92   _wcrtomb.o
        22          0          0          0          0         80   abort.o
        46          0          0          0          0         84   aeabi_atexit.o
       228          4        148          0          0         96   bigflt0.o
      1936        128          0          0          0        672   btod.o
        36          4          0          0          0         76   c89vsprintf.o
        66          0          0          0          0         84   cxa_finalize.o
        48         34          0          0          0         76   defsig_abrt_inner.o
        14          0          0          0          0         80   defsig_abrt_outer.o
        10          0          0          0          0         68   defsig_exit.o
        50          0          0          0          0         88   defsig_general.o
        80         58          0          0          0         76   defsig_rtmem_inner.o
        14          0          0          0          0         80   defsig_rtmem_outer.o
        18          0          0          0          0         80   exit.o
        94          0          0          0          0         80   h1_alloc.o
        52          0          0          0          0         68   h1_extend.o
        78          0          0          0          0         80   h1_free.o
        14          0          0          0          0         84   h1_init.o
         6          0          0          0          0        152   heapauxi.o
         4          0          0          0          0        136   hguard.o
         0          0          0          0          0          0   indicate_semi.o
        36         10          0          0          0         80   init_aeabi.o
       138          0          0          0          0        168   init_alloc.o
        44         10        272          0          0         76   lc_ctype_c.o
        44         10         28          0          0         76   lc_numeric_c.o
         2          0          0          0          0          0   libinit.o
        46          0          0          0          0          0   libinit2.o
         2          0          0          0          0          0   libshutdown.o
         8          0          0          0          0          0   libshutdown2.o
         8          4          0          0         96         68   libspace.o
       138          0          0          0          0         80   lludiv10.o
       238          0          0          0          0        100   lludivv7m.o
         0          0          0          0          0          0   maybetermalloc1.o
        16          4          0          0          0         76   rt_ctype_table.o
         8          4          0          0          0         68   rt_ddtor_pointer_addr_intlibspace.o
         8          4          0          0          0         68   rt_errno_addr_intlibspace.o
         8          4          0          0          0         68   rt_heap_descriptor_intlibspace.o
         8          4          0          0          0         68   rt_locale_intlibspace.o
       100          0          0          0          0         80   rt_memcpy_w.o
         2          0          0          0          0          0   rtexit.o
        10          0          0          0          0          0   rtexit2.o
       104          0          0          0          0         68   strcmpv7m_pel.o
        12          4          0          0          0         68   sys_exit.o
        74          0          0          0          0         80   sys_stackheap_outer.o
        14          0          0          0          0         76   sys_wrch.o
         2          0          0          0          0         68   use_no_semi.o
        98          4          0          0          0        140   d2f.o
       804         16          0          0          0        368   daddsub_clz.o
       688        140          0          0          0        256   ddiv.o
        90          4          0          0          0        140   dfixu.o
        38          0          0          0          0        116   dflt_clz.o
       340         12          0          0          0        152   dmul.o
       156          4          0          0          0        140   dnaninf.o
        12          0          0          0          0        116   dretinf.o
        86          4          0          0          0        132   f2d.o
       140          4          0          0          0        132   fnaninf.o
        10          0          0          0          0        116   fpinit.o
        10          0          0          0          0        116   fretinf.o
         4          0          0          0          0        116   printf1.o
         0          0          0          0          0          0   usenofp.o
        48          0          0          0          0        124   fpclassify.o
        58          0          0          0          0        136   sqrtf.o

    ----------------------------------------------------------------------
      9720        560        516          0        100       8064   Library Totals
        18          0          3          0          4          0   (incl. Padding)

    ----------------------------------------------------------------------

      Code (inc. data)   RO Data    RW Data    ZI Data      Debug   Library Name

      7120        372        513          0         96       5764   c_w.l
      2476        188          0          0          0       2040   fz_wm.l
       106          0          0          0          0        260   m_wm.l

    ----------------------------------------------------------------------
      9720        560        516          0        100       8064   Library Totals

    ----------------------------------------------------------------------

==============================================================================


      Code (inc. data)   RO Data    RW Data    ZI Data      Debug   

     25334       1856       3602        496      24416    1922088   Grand Totals
     25334       1856       3602        276      24416    1922088   ELF Image Totals (compressed)
     25334       1856       3602        276          0          0   ROM Totals

==============================================================================

    Total RO  Size (Code + RO Data)                28936 (  28.26kB)
    Total RW  Size (RW Data + ZI Data)             24912 (  24.33kB)
    Total ROM Size (Code + RO Data + RW Data)      29212 (  28.53kB)

==============================================================================

