<!doctype html public "-//w3c//dtd html 4.0 transitional//en">
<html><head>
<title>Static Call Graph - [.\Bin\Keil\STM32F7xx\main.axf]</title></head>
<body><HR>
<H1>Static Call Graph for image .\Bin\Keil\STM32F7xx\main.axf</H1><HR>
<BR><P>#&#060CALLGRAPH&#062# ARM Linker, 5060528: Last Updated: Mon Jun 13 14:16:32 2022
<BR><P>
<H3>Maximum Stack Usage =        324 bytes + Unknown(Functions without stacksize, Cycles, Untraceable Function Pointers)</H3><H3>
Call chain for Maximum Stack Depth:</H3>
_printf_f &rArr; _printf_fp_dec &rArr; _printf_fp_dec_real &rArr; _fp_digits &rArr; _btod_etento &rArr; _btod_emul &rArr; _e2e
<P>
<H3>
Functions with no stack information
</H3><UL>
 <LI><a href="#[15a]">__user_initial_stackheap</a>
</UL>
</UL>
<P>
<H3>
Mutually Recursive functions
</H3> <LI><a href="#[12]">NMI_Handler</a>&nbsp;&nbsp;&nbsp;&rArr;&nbsp;&nbsp;&nbsp;<a href="#[12]">NMI_Handler</a><BR>
 <LI><a href="#[13]">HardFault_Handler</a>&nbsp;&nbsp;&nbsp;&rArr;&nbsp;&nbsp;&nbsp;<a href="#[13]">HardFault_Handler</a><BR>
 <LI><a href="#[14]">MemManage_Handler</a>&nbsp;&nbsp;&nbsp;&rArr;&nbsp;&nbsp;&nbsp;<a href="#[14]">MemManage_Handler</a><BR>
 <LI><a href="#[15]">BusFault_Handler</a>&nbsp;&nbsp;&nbsp;&rArr;&nbsp;&nbsp;&nbsp;<a href="#[15]">BusFault_Handler</a><BR>
 <LI><a href="#[16]">UsageFault_Handler</a>&nbsp;&nbsp;&nbsp;&rArr;&nbsp;&nbsp;&nbsp;<a href="#[16]">UsageFault_Handler</a><BR>
 <LI><a href="#[17]">SVC_Handler</a>&nbsp;&nbsp;&nbsp;&rArr;&nbsp;&nbsp;&nbsp;<a href="#[17]">SVC_Handler</a><BR>
 <LI><a href="#[18]">DebugMon_Handler</a>&nbsp;&nbsp;&nbsp;&rArr;&nbsp;&nbsp;&nbsp;<a href="#[18]">DebugMon_Handler</a><BR>
 <LI><a href="#[2f]">CAN1_RX0_IRQHandler</a>&nbsp;&nbsp;&nbsp;&rArr;&nbsp;&nbsp;&nbsp;<a href="#[2f]">CAN1_RX0_IRQHandler</a><BR>
 <LI><a href="#[8e]">cHwRTOS_MCU::deleteFunc()</a>&nbsp;&nbsp;&nbsp;&rArr;&nbsp;&nbsp;&nbsp;<a href="#[8e]">cHwRTOS_MCU::deleteFunc()</a><BR>
</UL>
<P>
<H3>
Function Pointers
</H3><UL>
 <LI><a href="#[2d]">ADC_IRQHandler</a> from lib.o(i.ADC_IRQHandler) referenced from startup_stm32f769xx.o(RESET)
 <LI><a href="#[15]">BusFault_Handler</a> from startup_stm32f769xx.o(.text) referenced from startup_stm32f769xx.o(RESET)
 <LI><a href="#[2f]">CAN1_RX0_IRQHandler</a> from startup_stm32f769xx.o(.text) referenced from startup_stm32f769xx.o(RESET)
 <LI><a href="#[30]">CAN1_RX1_IRQHandler</a> from startup_stm32f769xx.o(.text) referenced from startup_stm32f769xx.o(RESET)
 <LI><a href="#[31]">CAN1_SCE_IRQHandler</a> from startup_stm32f769xx.o(.text) referenced from startup_stm32f769xx.o(RESET)
 <LI><a href="#[2e]">CAN1_TX_IRQHandler</a> from startup_stm32f769xx.o(.text) referenced from startup_stm32f769xx.o(RESET)
 <LI><a href="#[5b]">CAN2_RX0_IRQHandler</a> from startup_stm32f769xx.o(.text) referenced from startup_stm32f769xx.o(RESET)
 <LI><a href="#[5c]">CAN2_RX1_IRQHandler</a> from startup_stm32f769xx.o(.text) referenced from startup_stm32f769xx.o(RESET)
 <LI><a href="#[5d]">CAN2_SCE_IRQHandler</a> from startup_stm32f769xx.o(.text) referenced from startup_stm32f769xx.o(RESET)
 <LI><a href="#[5a]">CAN2_TX_IRQHandler</a> from startup_stm32f769xx.o(.text) referenced from startup_stm32f769xx.o(RESET)
 <LI><a href="#[83]">CAN3_RX0_IRQHandler</a> from startup_stm32f769xx.o(.text) referenced from startup_stm32f769xx.o(RESET)
 <LI><a href="#[84]">CAN3_RX1_IRQHandler</a> from startup_stm32f769xx.o(.text) referenced from startup_stm32f769xx.o(RESET)
 <LI><a href="#[85]">CAN3_SCE_IRQHandler</a> from startup_stm32f769xx.o(.text) referenced from startup_stm32f769xx.o(RESET)
 <LI><a href="#[82]">CAN3_TX_IRQHandler</a> from startup_stm32f769xx.o(.text) referenced from startup_stm32f769xx.o(RESET)
 <LI><a href="#[78]">CEC_IRQHandler</a> from startup_stm32f769xx.o(.text) referenced from startup_stm32f769xx.o(RESET)
 <LI><a href="#[69]">DCMI_IRQHandler</a> from startup_stm32f769xx.o(.text) referenced from startup_stm32f769xx.o(RESET)
 <LI><a href="#[7d]">DFSDM1_FLT0_IRQHandler</a> from startup_stm32f769xx.o(.text) referenced from startup_stm32f769xx.o(RESET)
 <LI><a href="#[7e]">DFSDM1_FLT1_IRQHandler</a> from startup_stm32f769xx.o(.text) referenced from startup_stm32f769xx.o(RESET)
 <LI><a href="#[7f]">DFSDM1_FLT2_IRQHandler</a> from startup_stm32f769xx.o(.text) referenced from startup_stm32f769xx.o(RESET)
 <LI><a href="#[80]">DFSDM1_FLT3_IRQHandler</a> from startup_stm32f769xx.o(.text) referenced from startup_stm32f769xx.o(RESET)
 <LI><a href="#[26]">DMA1_Stream0_IRQHandler</a> from startup_stm32f769xx.o(.text) referenced from startup_stm32f769xx.o(RESET)
 <LI><a href="#[27]">DMA1_Stream1_IRQHandler</a> from startup_stm32f769xx.o(.text) referenced from startup_stm32f769xx.o(RESET)
 <LI><a href="#[28]">DMA1_Stream2_IRQHandler</a> from startup_stm32f769xx.o(.text) referenced from startup_stm32f769xx.o(RESET)
 <LI><a href="#[29]">DMA1_Stream3_IRQHandler</a> from startup_stm32f769xx.o(.text) referenced from startup_stm32f769xx.o(RESET)
 <LI><a href="#[2a]">DMA1_Stream4_IRQHandler</a> from startup_stm32f769xx.o(.text) referenced from startup_stm32f769xx.o(RESET)
 <LI><a href="#[2b]">DMA1_Stream5_IRQHandler</a> from startup_stm32f769xx.o(.text) referenced from startup_stm32f769xx.o(RESET)
 <LI><a href="#[2c]">DMA1_Stream6_IRQHandler</a> from startup_stm32f769xx.o(.text) referenced from startup_stm32f769xx.o(RESET)
 <LI><a href="#[4a]">DMA1_Stream7_IRQHandler</a> from startup_stm32f769xx.o(.text) referenced from startup_stm32f769xx.o(RESET)
 <LI><a href="#[74]">DMA2D_IRQHandler</a> from startup_stm32f769xx.o(.text) referenced from startup_stm32f769xx.o(RESET)
 <LI><a href="#[53]">DMA2_Stream0_IRQHandler</a> from startup_stm32f769xx.o(.text) referenced from startup_stm32f769xx.o(RESET)
 <LI><a href="#[54]">DMA2_Stream1_IRQHandler</a> from startup_stm32f769xx.o(.text) referenced from startup_stm32f769xx.o(RESET)
 <LI><a href="#[55]">DMA2_Stream2_IRQHandler</a> from startup_stm32f769xx.o(.text) referenced from startup_stm32f769xx.o(RESET)
 <LI><a href="#[56]">DMA2_Stream3_IRQHandler</a> from startup_stm32f769xx.o(.text) referenced from startup_stm32f769xx.o(RESET)
 <LI><a href="#[57]">DMA2_Stream4_IRQHandler</a> from startup_stm32f769xx.o(.text) referenced from startup_stm32f769xx.o(RESET)
 <LI><a href="#[5f]">DMA2_Stream5_IRQHandler</a> from startup_stm32f769xx.o(.text) referenced from startup_stm32f769xx.o(RESET)
 <LI><a href="#[60]">DMA2_Stream6_IRQHandler</a> from startup_stm32f769xx.o(.text) referenced from startup_stm32f769xx.o(RESET)
 <LI><a href="#[61]">DMA2_Stream7_IRQHandler</a> from startup_stm32f769xx.o(.text) referenced from startup_stm32f769xx.o(RESET)
 <LI><a href="#[7c]">DSI_IRQHandler</a> from startup_stm32f769xx.o(.text) referenced from startup_stm32f769xx.o(RESET)
 <LI><a href="#[18]">DebugMon_Handler</a> from startup_stm32f769xx.o(.text) referenced from startup_stm32f769xx.o(RESET)
 <LI><a href="#[58]">ETH_IRQHandler</a> from startup_stm32f769xx.o(.text) referenced from startup_stm32f769xx.o(RESET)
 <LI><a href="#[59]">ETH_WKUP_IRQHandler</a> from startup_stm32f769xx.o(.text) referenced from startup_stm32f769xx.o(RESET)
 <LI><a href="#[21]">EXTI0_IRQHandler</a> from startup_stm32f769xx.o(.text) referenced from startup_stm32f769xx.o(RESET)
 <LI><a href="#[43]">EXTI15_10_IRQHandler</a> from startup_stm32f769xx.o(.text) referenced from startup_stm32f769xx.o(RESET)
 <LI><a href="#[22]">EXTI1_IRQHandler</a> from startup_stm32f769xx.o(.text) referenced from startup_stm32f769xx.o(RESET)
 <LI><a href="#[23]">EXTI2_IRQHandler</a> from startup_stm32f769xx.o(.text) referenced from startup_stm32f769xx.o(RESET)
 <LI><a href="#[24]">EXTI3_IRQHandler</a> from startup_stm32f769xx.o(.text) referenced from startup_stm32f769xx.o(RESET)
 <LI><a href="#[25]">EXTI4_IRQHandler</a> from startup_stm32f769xx.o(.text) referenced from startup_stm32f769xx.o(RESET)
 <LI><a href="#[32]">EXTI9_5_IRQHandler</a> from startup_stm32f769xx.o(.text) referenced from startup_stm32f769xx.o(RESET)
 <LI><a href="#[1f]">FLASH_IRQHandler</a> from startup_stm32f769xx.o(.text) referenced from startup_stm32f769xx.o(RESET)
 <LI><a href="#[4b]">FMC_IRQHandler</a> from startup_stm32f769xx.o(.text) referenced from startup_stm32f769xx.o(RESET)
 <LI><a href="#[6b]">FPU_IRQHandler</a> from startup_stm32f769xx.o(.text) referenced from startup_stm32f769xx.o(RESET)
 <LI><a href="#[13]">HardFault_Handler</a> from startup_stm32f769xx.o(.text) referenced from startup_stm32f769xx.o(RESET)
 <LI><a href="#[3b]">I2C1_ER_IRQHandler</a> from startup_stm32f769xx.o(.text) referenced from startup_stm32f769xx.o(RESET)
 <LI><a href="#[3a]">I2C1_EV_IRQHandler</a> from startup_stm32f769xx.o(.text) referenced from startup_stm32f769xx.o(RESET)
 <LI><a href="#[3d]">I2C2_ER_IRQHandler</a> from startup_stm32f769xx.o(.text) referenced from startup_stm32f769xx.o(RESET)
 <LI><a href="#[3c]">I2C2_EV_IRQHandler</a> from startup_stm32f769xx.o(.text) referenced from startup_stm32f769xx.o(RESET)
 <LI><a href="#[64]">I2C3_ER_IRQHandler</a> from startup_stm32f769xx.o(.text) referenced from startup_stm32f769xx.o(RESET)
 <LI><a href="#[63]">I2C3_EV_IRQHandler</a> from startup_stm32f769xx.o(.text) referenced from startup_stm32f769xx.o(RESET)
 <LI><a href="#[7a]">I2C4_ER_IRQHandler</a> from startup_stm32f769xx.o(.text) referenced from startup_stm32f769xx.o(RESET)
 <LI><a href="#[79]">I2C4_EV_IRQHandler</a> from startup_stm32f769xx.o(.text) referenced from startup_stm32f769xx.o(RESET)
 <LI><a href="#[86]">JPEG_IRQHandler</a> from startup_stm32f769xx.o(.text) referenced from startup_stm32f769xx.o(RESET)
 <LI><a href="#[77]">LPTIM1_IRQHandler</a> from startup_stm32f769xx.o(.text) referenced from startup_stm32f769xx.o(RESET)
 <LI><a href="#[73]">LTDC_ER_IRQHandler</a> from startup_stm32f769xx.o(.text) referenced from startup_stm32f769xx.o(RESET)
 <LI><a href="#[72]">LTDC_IRQHandler</a> from startup_stm32f769xx.o(.text) referenced from startup_stm32f769xx.o(RESET)
 <LI><a href="#[87]">MDIOS_IRQHandler</a> from startup_stm32f769xx.o(.text) referenced from startup_stm32f769xx.o(RESET)
 <LI><a href="#[14]">MemManage_Handler</a> from startup_stm32f769xx.o(.text) referenced from startup_stm32f769xx.o(RESET)
 <LI><a href="#[12]">NMI_Handler</a> from startup_stm32f769xx.o(.text) referenced from startup_stm32f769xx.o(RESET)
 <LI><a href="#[5e]">OTG_FS_IRQHandler</a> from lib.o(i.OTG_FS_IRQHandler) referenced from startup_stm32f769xx.o(RESET)
 <LI><a href="#[45]">OTG_FS_WKUP_IRQHandler</a> from startup_stm32f769xx.o(.text) referenced from startup_stm32f769xx.o(RESET)
 <LI><a href="#[66]">OTG_HS_EP1_IN_IRQHandler</a> from startup_stm32f769xx.o(.text) referenced from startup_stm32f769xx.o(RESET)
 <LI><a href="#[65]">OTG_HS_EP1_OUT_IRQHandler</a> from startup_stm32f769xx.o(.text) referenced from startup_stm32f769xx.o(RESET)
 <LI><a href="#[68]">OTG_HS_IRQHandler</a> from startup_stm32f769xx.o(.text) referenced from startup_stm32f769xx.o(RESET)
 <LI><a href="#[67]">OTG_HS_WKUP_IRQHandler</a> from startup_stm32f769xx.o(.text) referenced from startup_stm32f769xx.o(RESET)
 <LI><a href="#[1c]">PVD_IRQHandler</a> from startup_stm32f769xx.o(.text) referenced from startup_stm32f769xx.o(RESET)
 <LI><a href="#[19]">PendSV_Handler</a> from lib.o(i.PendSV_Handler) referenced from startup_stm32f769xx.o(RESET)
 <LI><a href="#[76]">QUADSPI_IRQHandler</a> from startup_stm32f769xx.o(.text) referenced from startup_stm32f769xx.o(RESET)
 <LI><a href="#[20]">RCC_IRQHandler</a> from startup_stm32f769xx.o(.text) referenced from startup_stm32f769xx.o(RESET)
 <LI><a href="#[6a]">RNG_IRQHandler</a> from startup_stm32f769xx.o(.text) referenced from startup_stm32f769xx.o(RESET)
 <LI><a href="#[44]">RTC_Alarm_IRQHandler</a> from startup_stm32f769xx.o(.text) referenced from startup_stm32f769xx.o(RESET)
 <LI><a href="#[1e]">RTC_WKUP_IRQHandler</a> from startup_stm32f769xx.o(.text) referenced from startup_stm32f769xx.o(RESET)
 <LI><a href="#[11]">Reset_Handler</a> from startup_stm32f769xx.o(.text) referenced from startup_stm32f769xx.o(RESET)
 <LI><a href="#[71]">SAI1_IRQHandler</a> from startup_stm32f769xx.o(.text) referenced from startup_stm32f769xx.o(RESET)
 <LI><a href="#[75]">SAI2_IRQHandler</a> from startup_stm32f769xx.o(.text) referenced from startup_stm32f769xx.o(RESET)
 <LI><a href="#[4c]">SDMMC1_IRQHandler</a> from startup_stm32f769xx.o(.text) referenced from startup_stm32f769xx.o(RESET)
 <LI><a href="#[81]">SDMMC2_IRQHandler</a> from startup_stm32f769xx.o(.text) referenced from startup_stm32f769xx.o(RESET)
 <LI><a href="#[7b]">SPDIF_RX_IRQHandler</a> from startup_stm32f769xx.o(.text) referenced from startup_stm32f769xx.o(RESET)
 <LI><a href="#[3e]">SPI1_IRQHandler</a> from startup_stm32f769xx.o(.text) referenced from startup_stm32f769xx.o(RESET)
 <LI><a href="#[3f]">SPI2_IRQHandler</a> from startup_stm32f769xx.o(.text) referenced from startup_stm32f769xx.o(RESET)
 <LI><a href="#[4e]">SPI3_IRQHandler</a> from startup_stm32f769xx.o(.text) referenced from startup_stm32f769xx.o(RESET)
 <LI><a href="#[6e]">SPI4_IRQHandler</a> from startup_stm32f769xx.o(.text) referenced from startup_stm32f769xx.o(RESET)
 <LI><a href="#[6f]">SPI5_IRQHandler</a> from startup_stm32f769xx.o(.text) referenced from startup_stm32f769xx.o(RESET)
 <LI><a href="#[70]">SPI6_IRQHandler</a> from startup_stm32f769xx.o(.text) referenced from startup_stm32f769xx.o(RESET)
 <LI><a href="#[17]">SVC_Handler</a> from startup_stm32f769xx.o(.text) referenced from startup_stm32f769xx.o(RESET)
 <LI><a href="#[1a]">SysTick_Handler</a> from lib.o(i.SysTick_Handler) referenced from startup_stm32f769xx.o(RESET)
 <LI><a href="#[88]">SystemInit</a> from lib.o(i.SystemInit) referenced from startup_stm32f769xx.o(.text)
 <LI><a href="#[1d]">TAMP_STAMP_IRQHandler</a> from startup_stm32f769xx.o(.text) referenced from startup_stm32f769xx.o(RESET)
 <LI><a href="#[33]">TIM1_BRK_TIM9_IRQHandler</a> from startup_stm32f769xx.o(.text) referenced from startup_stm32f769xx.o(RESET)
 <LI><a href="#[36]">TIM1_CC_IRQHandler</a> from startup_stm32f769xx.o(.text) referenced from startup_stm32f769xx.o(RESET)
 <LI><a href="#[35]">TIM1_TRG_COM_TIM11_IRQHandler</a> from startup_stm32f769xx.o(.text) referenced from startup_stm32f769xx.o(RESET)
 <LI><a href="#[34]">TIM1_UP_TIM10_IRQHandler</a> from lib.o(i.TIM1_UP_TIM10_IRQHandler) referenced from startup_stm32f769xx.o(RESET)
 <LI><a href="#[37]">TIM2_IRQHandler</a> from lib.o(i.TIM2_IRQHandler) referenced from startup_stm32f769xx.o(RESET)
 <LI><a href="#[38]">TIM3_IRQHandler</a> from lib.o(i.TIM3_IRQHandler) referenced from startup_stm32f769xx.o(RESET)
 <LI><a href="#[39]">TIM4_IRQHandler</a> from lib.o(i.TIM4_IRQHandler) referenced from startup_stm32f769xx.o(RESET)
 <LI><a href="#[4d]">TIM5_IRQHandler</a> from lib.o(i.TIM5_IRQHandler) referenced from startup_stm32f769xx.o(RESET)
 <LI><a href="#[51]">TIM6_DAC_IRQHandler</a> from startup_stm32f769xx.o(.text) referenced from startup_stm32f769xx.o(RESET)
 <LI><a href="#[52]">TIM7_IRQHandler</a> from lib.o(i.TIM7_IRQHandler) referenced from startup_stm32f769xx.o(RESET)
 <LI><a href="#[46]">TIM8_BRK_TIM12_IRQHandler</a> from startup_stm32f769xx.o(.text) referenced from startup_stm32f769xx.o(RESET)
 <LI><a href="#[49]">TIM8_CC_IRQHandler</a> from lib.o(i.TIM8_CC_IRQHandler) referenced from startup_stm32f769xx.o(RESET)
 <LI><a href="#[48]">TIM8_TRG_COM_TIM14_IRQHandler</a> from startup_stm32f769xx.o(.text) referenced from startup_stm32f769xx.o(RESET)
 <LI><a href="#[47]">TIM8_UP_TIM13_IRQHandler</a> from startup_stm32f769xx.o(.text) referenced from startup_stm32f769xx.o(RESET)
 <LI><a href="#[4f]">UART4_IRQHandler</a> from lib.o(i.UART4_IRQHandler) referenced from startup_stm32f769xx.o(RESET)
 <LI><a href="#[50]">UART5_IRQHandler</a> from lib.o(i.UART5_IRQHandler) referenced from startup_stm32f769xx.o(RESET)
 <LI><a href="#[6c]">UART7_IRQHandler</a> from startup_stm32f769xx.o(.text) referenced from startup_stm32f769xx.o(RESET)
 <LI><a href="#[6d]">UART8_IRQHandler</a> from startup_stm32f769xx.o(.text) referenced from startup_stm32f769xx.o(RESET)
 <LI><a href="#[40]">USART1_IRQHandler</a> from lib.o(i.USART1_IRQHandler) referenced from startup_stm32f769xx.o(RESET)
 <LI><a href="#[41]">USART2_IRQHandler</a> from lib.o(i.USART2_IRQHandler) referenced from startup_stm32f769xx.o(RESET)
 <LI><a href="#[42]">USART3_IRQHandler</a> from lib.o(i.USART3_IRQHandler) referenced from startup_stm32f769xx.o(RESET)
 <LI><a href="#[62]">USART6_IRQHandler</a> from lib.o(i.USART6_IRQHandler) referenced from startup_stm32f769xx.o(RESET)
 <LI><a href="#[16]">UsageFault_Handler</a> from startup_stm32f769xx.o(.text) referenced from startup_stm32f769xx.o(RESET)
 <LI><a href="#[1b]">WWDG_IRQHandler</a> from startup_stm32f769xx.o(.text) referenced from startup_stm32f769xx.o(RESET)
 <LI><a href="#[96]">cDevDigital::get()</a> from lib.o(i._ZN11cDevDigital3getEv) referenced from lib.o(.constdata__ZTV11cDevDigital)
 <LI><a href="#[95]">cDevDigital::set(bool)</a> from lib.o(i._ZN11cDevDigital3setEb) referenced from lib.o(.constdata__ZTV11cDevDigital)
 <LI><a href="#[97]">cDevDigital::getEvent()</a> from lib.o(i._ZN11cDevDigital8getEventEv) referenced from lib.o(.constdata__ZTV11cDevDigital)
 <LI><a href="#[8e]">cHwRTOS_MCU::deleteFunc()</a> from rtos.o(i._ZN11cHwRTOS_MCU10deleteFuncEv) referenced from rtos.o(i._ZN5cRTOS5StartERNS_4TaskE)
 <LI><a href="#[98]">cDevAnalogIn::get()</a> from lib.o(i._ZN12cDevAnalogIn3getEv) referenced from lib.o(.constdata__ZTV12cDevAnalogIn)
 <LI><a href="#[98]">cDevAnalogIn::get()</a> from lib.o(i._ZN12cDevAnalogIn3getEv) referenced from lib.o(.constdata__ZTV15cDevAnalogInADC)
 <LI><a href="#[99]">cHwI2Cmaster::read(unsigned char, unsigned char*, unsigned char, unsigned char*, unsigned char)</a> from lib.o(i._ZN12cHwI2Cmaster4readEhPhhS0_h) referenced from lib.o(.constdata__ZTV12cHwI2Cmaster)
 <LI><a href="#[e1]">cHwI2Cmaster::Device::read(unsigned char, unsigned char*, unsigned char)</a> from lib.o(i._ZN12cHwI2Cmaster6Device4readEhPhh) referenced from lib.o(.constdata__ZTVN12cHwI2Cmaster6DeviceE)
 <LI><a href="#[e2]">cHwI2Cmaster::Device::isError()</a> from lib.o(i._ZN12cHwI2Cmaster6Device7isErrorEv) referenced from lib.o(.constdata__ZTVN12cHwI2Cmaster6DeviceE)
 <LI><a href="#[9a]">cTaskHandler::update()</a> from lib.o(i._ZN12cTaskHandler6updateEv) referenced from lib.o(.constdata__ZTV12cTaskHandler)
 <LI><a href="#[9b]">cTaskHandler::addTask(cTaskHandler::Task*)</a> from lib.o(i._ZN12cTaskHandler7addTaskEPNS_4TaskE) referenced from lib.o(.constdata__ZTV12cTaskHandler)
 <LI><a href="#[9c]">cDevAnalogOut::set(float)</a> from lib.o(i._ZN13cDevAnalogOut3setEf) referenced from lib.o(.constdata__ZTV13cDevAnalogOut)
 <LI><a href="#[9c]">cDevAnalogOut::set(float)</a> from lib.o(i._ZN13cDevAnalogOut3setEf) referenced from lib.o(.constdata__ZTV16cDevAnalogOutDAC)
 <LI><a href="#[9d]">cTask_Example::update()</a> from main.o(i._ZN13cTask_Example6updateEv) referenced from main.o(.constdata__ZTV13cTask_Example)
 <LI><a href="#[a3]">cHwI2Cmaster_N::readByteAck()</a> from lib.o(i._ZN14cHwI2Cmaster_N11readByteAckEv) referenced from lib.o(.constdata__ZTV14cHwI2Cmaster_N)
 <LI><a href="#[a4]">cHwI2Cmaster_N::readByteNack()</a> from lib.o(i._ZN14cHwI2Cmaster_N12readByteNackEv) referenced from lib.o(.constdata__ZTV14cHwI2Cmaster_N)
 <LI><a href="#[9e]">cHwI2Cmaster_N::read(unsigned char, unsigned char*, unsigned char, unsigned char*, unsigned char)</a> from lib.o(i._ZN14cHwI2Cmaster_N4readEhPhhS0_h) referenced from lib.o(.constdata__ZTV14cHwI2Cmaster_N)
 <LI><a href="#[a0]">cHwI2Cmaster_N::stop()</a> from lib.o(i._ZN14cHwI2Cmaster_N4stopEv) referenced from lib.o(.constdata__ZTV14cHwI2Cmaster_N)
 <LI><a href="#[9f]">cHwI2Cmaster_N::start()</a> from lib.o(i._ZN14cHwI2Cmaster_N5startEv) referenced from lib.o(.constdata__ZTV14cHwI2Cmaster_N)
 <LI><a href="#[a1]">cHwI2Cmaster_N::sendAddr(unsigned char)</a> from lib.o(i._ZN14cHwI2Cmaster_N8sendAddrEh) referenced from lib.o(.constdata__ZTV14cHwI2Cmaster_N)
 <LI><a href="#[a2]">cHwI2Cmaster_N::writeByte(unsigned char)</a> from lib.o(i._ZN14cHwI2Cmaster_N9writeByteEh) referenced from lib.o(.constdata__ZTV14cHwI2Cmaster_N)
 <LI><a href="#[a5]">cDevAnalogInADC::getRaw()</a> from lib.o(i._ZN15cDevAnalogInADC6getRawEv) referenced from lib.o(.constdata__ZTV15cDevAnalogInADC)
 <LI><a href="#[a6]">cHwTouch_FT6206::update()</a> from touch_ft6206.o(i._ZN15cHwTouch_FT62066updateEv) referenced from touch_ft6206.o(.constdata__ZTV15cHwTouch_FT6206)
 <LI><a href="#[aa]">cDevAnalogOutDAC::setRaw(unsigned short)</a> from lib.o(i._ZN16cDevAnalogOutDAC6setRawEt) referenced from lib.o(.constdata__ZTV16cDevAnalogOutDAC)
 <LI><a href="#[ac]">cHwDisplayGraphic::gotoTextPos(unsigned char, unsigned char)</a> from lib.o(i._ZN17cHwDisplayGraphic11gotoTextPosEhh) referenced from disp_otm8009a.o(.constdata__ZTV16cHwDisp_OTM8009A)
 <LI><a href="#[ac]">cHwDisplayGraphic::gotoTextPos(unsigned char, unsigned char)</a> from lib.o(i._ZN17cHwDisplayGraphic11gotoTextPosEhh) referenced from lib.o(.constdata__ZTV17cHwDisplayGraphic)
 <LI><a href="#[ac]">cHwDisplayGraphic::gotoTextPos(unsigned char, unsigned char)</a> from lib.o(i._ZN17cHwDisplayGraphic11gotoTextPosEhh) referenced from disp_otm8009a.o(.constdata__ZTV19cHwDisp_OTM8009Aram)
 <LI><a href="#[b0]">cHwDisplayGraphic::gotoPixelPos(unsigned short, unsigned short)</a> from lib.o(i._ZN17cHwDisplayGraphic12gotoPixelPosEtt) referenced from disp_otm8009a.o(.constdata__ZTV16cHwDisp_OTM8009A)
 <LI><a href="#[b0]">cHwDisplayGraphic::gotoPixelPos(unsigned short, unsigned short)</a> from lib.o(i._ZN17cHwDisplayGraphic12gotoPixelPosEtt) referenced from lib.o(.constdata__ZTV17cHwDisplayGraphic)
 <LI><a href="#[b0]">cHwDisplayGraphic::gotoPixelPos(unsigned short, unsigned short)</a> from lib.o(i._ZN17cHwDisplayGraphic12gotoPixelPosEtt) referenced from disp_otm8009a.o(.constdata__ZTV19cHwDisp_OTM8009Aram)
 <LI><a href="#[b2]">cHwDisplayGraphic::putRectangle(unsigned short, unsigned short, unsigned short, unsigned short)</a> from lib.o(i._ZN17cHwDisplayGraphic12putRectangleEtttt) referenced from disp_otm8009a.o(.constdata__ZTV16cHwDisp_OTM8009A)
 <LI><a href="#[b2]">cHwDisplayGraphic::putRectangle(unsigned short, unsigned short, unsigned short, unsigned short)</a> from lib.o(i._ZN17cHwDisplayGraphic12putRectangleEtttt) referenced from lib.o(.constdata__ZTV17cHwDisplayGraphic)
 <LI><a href="#[b2]">cHwDisplayGraphic::putRectangle(unsigned short, unsigned short, unsigned short, unsigned short)</a> from lib.o(i._ZN17cHwDisplayGraphic12putRectangleEtttt) referenced from disp_otm8009a.o(.constdata__ZTV19cHwDisp_OTM8009Aram)
 <LI><a href="#[ae]">cHwDisplayGraphic::setBackColor(unsigned short)</a> from lib.o(i._ZN17cHwDisplayGraphic12setBackColorEt) referenced from disp_otm8009a.o(.constdata__ZTV16cHwDisp_OTM8009A)
 <LI><a href="#[ae]">cHwDisplayGraphic::setBackColor(unsigned short)</a> from lib.o(i._ZN17cHwDisplayGraphic12setBackColorEt) referenced from lib.o(.constdata__ZTV17cHwDisplayGraphic)
 <LI><a href="#[ae]">cHwDisplayGraphic::setBackColor(unsigned short)</a> from lib.o(i._ZN17cHwDisplayGraphic12setBackColorEt) referenced from disp_otm8009a.o(.constdata__ZTV19cHwDisp_OTM8009Aram)
 <LI><a href="#[af]">cHwDisplayGraphic::setPaintColor(unsigned short)</a> from lib.o(i._ZN17cHwDisplayGraphic13setPaintColorEt) referenced from disp_otm8009a.o(.constdata__ZTV16cHwDisp_OTM8009A)
 <LI><a href="#[af]">cHwDisplayGraphic::setPaintColor(unsigned short)</a> from lib.o(i._ZN17cHwDisplayGraphic13setPaintColorEt) referenced from lib.o(.constdata__ZTV17cHwDisplayGraphic)
 <LI><a href="#[af]">cHwDisplayGraphic::setPaintColor(unsigned short)</a> from lib.o(i._ZN17cHwDisplayGraphic13setPaintColorEt) referenced from disp_otm8009a.o(.constdata__ZTV19cHwDisp_OTM8009Aram)
 <LI><a href="#[ad]">cHwDisplayGraphic::putChar(char)</a> from lib.o(i._ZN17cHwDisplayGraphic7putCharEc) referenced from disp_otm8009a.o(.constdata__ZTV16cHwDisp_OTM8009A)
 <LI><a href="#[ad]">cHwDisplayGraphic::putChar(char)</a> from lib.o(i._ZN17cHwDisplayGraphic7putCharEc) referenced from lib.o(.constdata__ZTV17cHwDisplayGraphic)
 <LI><a href="#[ad]">cHwDisplayGraphic::putChar(char)</a> from lib.o(i._ZN17cHwDisplayGraphic7putCharEc) referenced from disp_otm8009a.o(.constdata__ZTV19cHwDisp_OTM8009Aram)
 <LI><a href="#[ab]">cHwDisplayGraphic::refresh()</a> from lib.o(i._ZN17cHwDisplayGraphic7refreshEv) referenced from disp_otm8009a.o(.constdata__ZTV16cHwDisp_OTM8009A)
 <LI><a href="#[ab]">cHwDisplayGraphic::refresh()</a> from lib.o(i._ZN17cHwDisplayGraphic7refreshEv) referenced from lib.o(.constdata__ZTV17cHwDisplayGraphic)
 <LI><a href="#[b1]">cHwDisplayGraphic::putPixel(unsigned short, unsigned short)</a> from lib.o(i._ZN17cHwDisplayGraphic8putPixelEtt) referenced from disp_otm8009a.o(.constdata__ZTV16cHwDisp_OTM8009A)
 <LI><a href="#[b1]">cHwDisplayGraphic::putPixel(unsigned short, unsigned short)</a> from lib.o(i._ZN17cHwDisplayGraphic8putPixelEtt) referenced from lib.o(.constdata__ZTV17cHwDisplayGraphic)
 <LI><a href="#[b1]">cHwDisplayGraphic::putPixel(unsigned short, unsigned short)</a> from lib.o(i._ZN17cHwDisplayGraphic8putPixelEtt) referenced from disp_otm8009a.o(.constdata__ZTV19cHwDisp_OTM8009Aram)
 <LI><a href="#[b9]">cRtosTask_Example::OnStop()</a> from main.o(i._ZN17cRtosTask_Example6OnStopEv) referenced from main.o(.constdata__ZTV17cRtosTask_Example)
 <LI><a href="#[b7]">cRtosTask_Example::update()</a> from main.o(i._ZN17cRtosTask_Example6updateEv) referenced from main.o(.constdata__ZTV17cRtosTask_Example)
 <LI><a href="#[b8]">cRtosTask_Example::OnStart()</a> from main.o(i._ZN17cRtosTask_Example7OnStartEv) referenced from main.o(.constdata__ZTV17cRtosTask_Example)
 <LI><a href="#[90]">cRtosTask_Example::~cRtosTask_Example()</a> from main.o(i._ZN17cRtosTask_ExampleD1Ev) referenced from main.o(.constdata__ZTV17cRtosTask_Example)
 <LI><a href="#[90]">cRtosTask_Example::~cRtosTask_Example()</a> from main.o(i._ZN17cRtosTask_ExampleD1Ev) referenced from main.o(i.__sti___8_main_cpp_sys)
 <LI><a href="#[ba]">cDevControlEncoder::update()</a> from lib.o(i._ZN18cDevControlEncoder6updateEv) referenced from lib.o(.constdata__ZTV18cDevControlEncoder)
 <LI><a href="#[ba]">cDevControlEncoder::update()</a> from lib.o(i._ZN18cDevControlEncoder6updateEv) referenced from lib.o(.constdata__ZTV26cDevControlEncoderJoystick)
 <LI><a href="#[bb]">cDevControlEncoder::getCtrl()</a> from lib.o(i._ZN18cDevControlEncoder7getCtrlEv) referenced from lib.o(.constdata__ZTV18cDevControlEncoder)
 <LI><a href="#[bb]">cDevControlEncoder::getCtrl()</a> from lib.o(i._ZN18cDevControlEncoder7getCtrlEv) referenced from lib.o(.constdata__ZTV26cDevControlEncoderJoystick)
 <LI><a href="#[bc]">cDevControlPointer::get()</a> from lib.o(i._ZN18cDevControlPointer3getEv) referenced from lib.o(.constdata__ZTV18cDevControlPointer)
 <LI><a href="#[c5]">cDevDisplayGraphic::drawCircle(unsigned short, unsigned short, unsigned short, unsigned short)</a> from lib.o(i._ZN18cDevDisplayGraphic10drawCircleEtttt) referenced from lib.o(.constdata__ZTV18cDevDisplayGraphic)
 <LI><a href="#[c0]">cDevDisplayGraphic::setBackColor(unsigned short)</a> from lib.o(i._ZN18cDevDisplayGraphic12setBackColorEt) referenced from lib.o(.constdata__ZTV18cDevDisplayGraphic)
 <LI><a href="#[c3]">cDevDisplayGraphic::drawRectangle(unsigned short, unsigned short, unsigned short, unsigned short, unsigned short)</a> from lib.o(i._ZN18cDevDisplayGraphic13drawRectangleEttttt) referenced from lib.o(.constdata__ZTV18cDevDisplayGraphic)
 <LI><a href="#[bd]">cDevDisplayGraphic::clear()</a> from lib.o(i._ZN18cDevDisplayGraphic5clearEv) referenced from lib.o(.constdata__ZTV18cDevDisplayGraphic)
 <LI><a href="#[bf]">cDevDisplayGraphic::printf(unsigned char, unsigned char, unsigned char, const char*, ...)</a> from lib.o(i._ZN18cDevDisplayGraphic6printfEhhhPKcz) referenced from lib.o(.constdata__ZTV18cDevDisplayGraphic)
 <LI><a href="#[be]">cDevDisplayGraphic::refresh()</a> from lib.o(i._ZN18cDevDisplayGraphic7refreshEv) referenced from lib.o(.constdata__ZTV18cDevDisplayGraphic)
 <LI><a href="#[c6]">cDevDisplayGraphic::drawLine(unsigned short, unsigned short, unsigned short, unsigned short, unsigned short, unsigned short)</a> from lib.o(i._ZN18cDevDisplayGraphic8drawLineEtttttt) referenced from lib.o(.constdata__ZTV18cDevDisplayGraphic)
 <LI><a href="#[c1]">cDevDisplayGraphic::drawText(unsigned short, unsigned short, unsigned char, const char*, ...)</a> from lib.o(i._ZN18cDevDisplayGraphic8drawTextEtthPKcz) referenced from lib.o(.constdata__ZTV18cDevDisplayGraphic)
 <LI><a href="#[c4]">cDevDisplayGraphic::drawFrame(unsigned short, unsigned short, unsigned short, unsigned short, unsigned short, unsigned short)</a> from lib.o(i._ZN18cDevDisplayGraphic9drawFrameEtttttt) referenced from lib.o(.constdata__ZTV18cDevDisplayGraphic)
 <LI><a href="#[c2]">cDevDisplayGraphic::drawPixel(unsigned short, unsigned short, unsigned short)</a> from lib.o(i._ZN18cDevDisplayGraphic9drawPixelEttt) referenced from lib.o(.constdata__ZTV18cDevDisplayGraphic)
 <LI><a href="#[c7]">cHwDisp_OTM8009Aram::clear()</a> from disp_otm8009a.o(i._ZN19cHwDisp_OTM8009Aram5clearEv) referenced from disp_otm8009a.o(.constdata__ZTV19cHwDisp_OTM8009Aram)
 <LI><a href="#[c8]">cHwDisp_OTM8009Aram::refresh()</a> from disp_otm8009a.o(i._ZN19cHwDisp_OTM8009Aram7refreshEv) referenced from disp_otm8009a.o(.constdata__ZTV19cHwDisp_OTM8009Aram)
 <LI><a href="#[c9]">cHwDisp_OTM8009Aram::setArea(unsigned short, unsigned short, unsigned short, unsigned short)</a> from disp_otm8009a.o(i._ZN19cHwDisp_OTM8009Aram7setAreaEtttt) referenced from disp_otm8009a.o(.constdata__ZTV19cHwDisp_OTM8009Aram)
 <LI><a href="#[cb]">cHwDisp_OTM8009Aram::setPixel(unsigned short)</a> from disp_otm8009a.o(i._ZN19cHwDisp_OTM8009Aram8setPixelEt) referenced from disp_otm8009a.o(.constdata__ZTV19cHwDisp_OTM8009Aram)
 <LI><a href="#[ca]">cHwDisp_OTM8009Aram::setPixel(unsigned short, unsigned short, unsigned short)</a> from disp_otm8009a.o(i._ZN19cHwDisp_OTM8009Aram8setPixelEttt) referenced from disp_otm8009a.o(.constdata__ZTV19cHwDisp_OTM8009Aram)
 <LI><a href="#[cc]">cDevControlEncoderJoystick::getIncrement()</a> from lib.o(i._ZN26cDevControlEncoderJoystick12getIncrementEv) referenced from lib.o(.constdata__ZTV26cDevControlEncoderJoystick)
 <LI><a href="#[e3]">cList::Item::update()</a> from lib.o(i._ZN5cList4Item6updateEv) referenced from lib.o(.constdata__ZTVN5cList4ItemE)
 <LI><a href="#[b3]">cRTOS::Task::Stop()</a> from rtos.o(i._ZN5cRTOS4Task4StopEv) referenced from main.o(.constdata__ZTV17cRtosTask_Example)
 <LI><a href="#[b3]">cRTOS::Task::Stop()</a> from rtos.o(i._ZN5cRTOS4Task4StopEv) referenced from rtos.o(.constdata__ZTVN5cRTOS4TaskE)
 <LI><a href="#[b4]">cRTOS::Task::Pause(unsigned short)</a> from rtos.o(i._ZN5cRTOS4Task5PauseEt) referenced from main.o(.constdata__ZTV17cRtosTask_Example)
 <LI><a href="#[b4]">cRTOS::Task::Pause(unsigned short)</a> from rtos.o(i._ZN5cRTOS4Task5PauseEt) referenced from rtos.o(.constdata__ZTVN5cRTOS4TaskE)
 <LI><a href="#[b5]">cRTOS::Task::Start()</a> from rtos.o(i._ZN5cRTOS4Task5StartEv) referenced from main.o(.constdata__ZTV17cRtosTask_Example)
 <LI><a href="#[b5]">cRTOS::Task::Start()</a> from rtos.o(i._ZN5cRTOS4Task5StartEv) referenced from rtos.o(.constdata__ZTVN5cRTOS4TaskE)
 <LI><a href="#[b6]">cRTOS::Task::Finish()</a> from rtos.o(i._ZN5cRTOS4Task6FinishEv) referenced from main.o(.constdata__ZTV17cRtosTask_Example)
 <LI><a href="#[b6]">cRTOS::Task::Finish()</a> from rtos.o(i._ZN5cRTOS4Task6FinishEv) referenced from rtos.o(.constdata__ZTVN5cRTOS4TaskE)
 <LI><a href="#[e6]">cRTOS::Task::OnStop()</a> from rtos.o(i._ZN5cRTOS4Task6OnStopEv) referenced from rtos.o(.constdata__ZTVN5cRTOS4TaskE)
 <LI><a href="#[e5]">cRTOS::Task::OnStart()</a> from rtos.o(i._ZN5cRTOS4Task7OnStartEv) referenced from rtos.o(.constdata__ZTVN5cRTOS4TaskE)
 <LI><a href="#[8d]">cRTOS::Task::starter(void*)</a> from rtos.o(i._ZN5cRTOS4Task7starterEPv) referenced from rtos.o(i._ZN5cRTOS5StartERNS_4TaskE)
 <LI><a href="#[e4]">cRTOS::Task::~Task__sub_object()</a> from rtos.o(i._ZN5cRTOS4TaskD2Ev) referenced from rtos.o(.constdata__ZTVN5cRTOS4TaskE)
 <LI><a href="#[e8]">cRTOS::Timer::getTimeOfTic()</a> from rtos.o(i._ZN5cRTOS5Timer12getTimeOfTicEv) referenced from rtos.o(.constdata__ZTVN5cRTOS5TimerE)
 <LI><a href="#[e7]">cRTOS::Timer::getTics()</a> from rtos.o(i._ZN5cRTOS5Timer7getTicsEv) referenced from rtos.o(.constdata__ZTVN5cRTOS5TimerE)
 <LI><a href="#[8f]">cRTOS::schedule(unsigned, unsigned char)</a> from main.o(i._ZN5cRTOS8scheduleEjh) referenced from main.o(i.__sti___8_main_cpp_sys)
 <LI><a href="#[cf]">cHwADC::get(unsigned char)</a> from lib.o(i._ZN6cHwADC3getEh) referenced from lib.o(.constdata__ZTV6cHwADC)
 <LI><a href="#[cf]">cHwADC::get(unsigned char)</a> from lib.o(i._ZN6cHwADC3getEh) referenced from lib.o(.constdata__ZTV8cHwADC_0)
 <LI><a href="#[d0]">cHwADC::isr()</a> from lib.o(i._ZN6cHwADC3isrEv) referenced from lib.o(.constdata__ZTV6cHwADC)
 <LI><a href="#[d0]">cHwADC::isr()</a> from lib.o(i._ZN6cHwADC3isrEv) referenced from lib.o(.constdata__ZTV8cHwADC_0)
 <LI><a href="#[ce]">cHwADC::enable(unsigned char, unsigned char)</a> from lib.o(i._ZN6cHwADC6enableEhh) referenced from lib.o(.constdata__ZTV6cHwADC)
 <LI><a href="#[ce]">cHwADC::enable(unsigned char, unsigned char)</a> from lib.o(i._ZN6cHwADC6enableEhh) referenced from lib.o(.constdata__ZTV8cHwADC_0)
 <LI><a href="#[cd]">cHwADC::update()</a> from lib.o(i._ZN6cHwADC6updateEv) referenced from lib.o(.constdata__ZTV6cHwADC)
 <LI><a href="#[cd]">cHwADC::update()</a> from lib.o(i._ZN6cHwADC6updateEv) referenced from lib.o(.constdata__ZTV8cHwADC_0)
 <LI><a href="#[d1]">cHwDSI::writeShort(unsigned char, unsigned char)</a> from main.o(i._ZN6cHwDSI10writeShortEhh) referenced from main.o(.constdata__ZTV6cHwDSI)
 <LI><a href="#[d2]">cHwDSI::writeLong(unsigned char*, unsigned)</a> from main.o(i._ZN6cHwDSI9writeLongEPhj) referenced from main.o(.constdata__ZTV6cHwDSI)
 <LI><a href="#[ec]">cHwPort::Pin::clr()</a> from lib.o(i._ZN7cHwPort3Pin3clrEv) referenced from lib.o(.constdata__ZTVN7cHwPort3PinE)
 <LI><a href="#[ed]">cHwPort::Pin::get()</a> from lib.o(i._ZN7cHwPort3Pin3getEv) referenced from lib.o(.constdata__ZTVN7cHwPort3PinE)
 <LI><a href="#[eb]">cHwPort::Pin::set(bool)</a> from lib.o(i._ZN7cHwPort3Pin3setEb) referenced from lib.o(.constdata__ZTVN7cHwPort3PinE)
 <LI><a href="#[ea]">cHwPort::Pin::set()</a> from lib.o(i._ZN7cHwPort3Pin3setEv) referenced from lib.o(.constdata__ZTVN7cHwPort3PinE)
 <LI><a href="#[e9]">cHwPort::Pin::setMode(cHwPort::Mode)</a> from lib.o(i._ZN7cHwPort3Pin7setModeENS_4ModeE) referenced from lib.o(.constdata__ZTVN7cHwPort3PinE)
 <LI><a href="#[d4]">cHwADC_0::startCh(unsigned char)</a> from lib.o(i._ZN8cHwADC_07startChEh) referenced from lib.o(.constdata__ZTV8cHwADC_0)
 <LI><a href="#[d5]">cHwADC_0::configCh(unsigned char, unsigned char)</a> from lib.o(i._ZN8cHwADC_08configChEhh) referenced from lib.o(.constdata__ZTV8cHwADC_0)
 <LI><a href="#[d3]">cHwADC_0::getResult()</a> from lib.o(i._ZN8cHwADC_09getResultEv) referenced from lib.o(.constdata__ZTV8cHwADC_0)
 <LI><a href="#[d6]">cHwDAC_0::set(unsigned short, unsigned char)</a> from lib.o(i._ZN8cHwDAC_03setEth) referenced from lib.o(.constdata__ZTV8cHwDAC_0)
 <LI><a href="#[d7]">cHwDAC_0::enable(unsigned char)</a> from lib.o(i._ZN8cHwDAC_06enableEh) referenced from lib.o(.constdata__ZTV8cHwDAC_0)
 <LI><a href="#[d8]">cHwRTC_0::get(cHwRTC::Properties&)</a> from lib.o(i._ZN8cHwRTC_03getERN6cHwRTC10PropertiesE) referenced from lib.o(.constdata__ZTV8cHwRTC_0)
 <LI><a href="#[94]">cHwTimer::isrHandler()</a> from lib.o(i._ZN8cHwTimer10isrHandlerEv) referenced from lib.o(.constdata__ZTV10cHwTimer_N)
 <LI><a href="#[94]">cHwTimer::isrHandler()</a> from lib.o(i._ZN8cHwTimer10isrHandlerEv) referenced from lib.o(.constdata__ZTV8cHwTimer)
 <LI><a href="#[92]">cHwTimer::getCycleTime()</a> from lib.o(i._ZN8cHwTimer12getCycleTimeEv) referenced from lib.o(.constdata__ZTV10cHwTimer_N)
 <LI><a href="#[92]">cHwTimer::getCycleTime()</a> from lib.o(i._ZN8cHwTimer12getCycleTimeEv) referenced from lib.o(.constdata__ZTV8cHwTimer)
 <LI><a href="#[93]">cHwTimer::add(cList::Item*)</a> from lib.o(i._ZN8cHwTimer3addEPN5cList4ItemE) referenced from lib.o(.constdata__ZTV10cHwTimer_N)
 <LI><a href="#[93]">cHwTimer::add(cList::Item*)</a> from lib.o(i._ZN8cHwTimer3addEPN5cList4ItemE) referenced from lib.o(.constdata__ZTV8cHwTimer)
 <LI><a href="#[a7]">cHwTouch::getPosX()</a> from lib.o(i._ZN8cHwTouch7getPosXEv) referenced from touch_ft6206.o(.constdata__ZTV15cHwTouch_FT6206)
 <LI><a href="#[a7]">cHwTouch::getPosX()</a> from lib.o(i._ZN8cHwTouch7getPosXEv) referenced from lib.o(.constdata__ZTV8cHwTouch)
 <LI><a href="#[a8]">cHwTouch::getPosY()</a> from lib.o(i._ZN8cHwTouch7getPosYEv) referenced from touch_ft6206.o(.constdata__ZTV15cHwTouch_FT6206)
 <LI><a href="#[a8]">cHwTouch::getPosY()</a> from lib.o(i._ZN8cHwTouch7getPosYEv) referenced from lib.o(.constdata__ZTV8cHwTouch)
 <LI><a href="#[a9]">cHwTouch::isTouched()</a> from lib.o(i._ZN8cHwTouch9isTouchedEv) referenced from touch_ft6206.o(.constdata__ZTV15cHwTouch_FT6206)
 <LI><a href="#[a9]">cHwTouch::isTouched()</a> from lib.o(i._ZN8cHwTouch9isTouchedEv) referenced from lib.o(.constdata__ZTV8cHwTouch)
 <LI><a href="#[d9]">cRTOS_RR&lang;(unsigned char)3&rang;::add(unsigned)</a> from main.o(t._ZN8cRTOS_RRILh3EE3addEj) referenced from main.o(.constdata__ZTV8cRTOS_RRILh3EE)
 <LI><a href="#[da]">cRTOS_RR&lang;(unsigned char)3&rang;::del(int)</a> from main.o(t._ZN8cRTOS_RRILh3EE3delEi) referenced from main.o(.constdata__ZTV8cRTOS_RRILh3EE)
 <LI><a href="#[db]">cRTOS_RR&lang;(unsigned char)3&rang;::get(int)</a> from main.o(t._ZN8cRTOS_RRILh3EE3getEi) referenced from main.o(.constdata__ZTV8cRTOS_RRILh3EE)
 <LI><a href="#[dc]">cRTOS_RR&lang;(unsigned char)3&rang;::scheduler(unsigned, bool)</a> from main.o(t._ZN8cRTOS_RRILh3EE9schedulerEjb) referenced from main.o(.constdata__ZTV8cRTOS_RRILh3EE)
 <LI><a href="#[dd]">cHwPort_N::setPinMode(unsigned char, cHwPort::Mode)</a> from lib.o(i._ZN9cHwPort_N10setPinModeEhN7cHwPort4ModeE) referenced from lib.o(.constdata__ZTV9cHwPort_N)
 <LI><a href="#[df]">cHwPort_N::clr(unsigned)</a> from lib.o(i._ZN9cHwPort_N3clrEj) referenced from lib.o(.constdata__ZTV9cHwPort_N)
 <LI><a href="#[e0]">cHwPort_N::get()</a> from lib.o(i._ZN9cHwPort_N3getEv) referenced from lib.o(.constdata__ZTV9cHwPort_N)
 <LI><a href="#[de]">cHwPort_N::set(unsigned)</a> from lib.o(i._ZN9cHwPort_N3setEj) referenced from lib.o(.constdata__ZTV9cHwPort_N)
 <LI><a href="#[91]">__cxa_pure_virtual</a> from lib.o(i.__cxa_pure_virtual) referenced 4 times from lib.o(.constdata__ZTV10cHwDisplay)
 <LI><a href="#[91]">__cxa_pure_virtual</a> from lib.o(i.__cxa_pure_virtual) referenced 2 times from lib.o(.constdata__ZTV12cDevAnalogIn)
 <LI><a href="#[91]">__cxa_pure_virtual</a> from lib.o(i.__cxa_pure_virtual) referenced 6 times from lib.o(.constdata__ZTV12cHwI2Cmaster)
 <LI><a href="#[91]">__cxa_pure_virtual</a> from lib.o(i.__cxa_pure_virtual) referenced from lib.o(.constdata__ZTV13cDevAnalogOut)
 <LI><a href="#[91]">__cxa_pure_virtual</a> from lib.o(i.__cxa_pure_virtual) referenced 4 times from disp_otm8009a.o(.constdata__ZTV16cHwDisp_OTM8009A)
 <LI><a href="#[91]">__cxa_pure_virtual</a> from lib.o(i.__cxa_pure_virtual) referenced 4 times from lib.o(.constdata__ZTV17cHwDisplayGraphic)
 <LI><a href="#[91]">__cxa_pure_virtual</a> from lib.o(i.__cxa_pure_virtual) referenced from lib.o(.constdata__ZTV18cDevControlEncoder)
 <LI><a href="#[91]">__cxa_pure_virtual</a> from lib.o(i.__cxa_pure_virtual) referenced 4 times from rtos.o(.constdata__ZTV5cRTOS)
 <LI><a href="#[91]">__cxa_pure_virtual</a> from lib.o(i.__cxa_pure_virtual) referenced 3 times from lib.o(.constdata__ZTV6cHwADC)
 <LI><a href="#[91]">__cxa_pure_virtual</a> from lib.o(i.__cxa_pure_virtual) referenced 2 times from lib.o(.constdata__ZTV6cHwDAC)
 <LI><a href="#[91]">__cxa_pure_virtual</a> from lib.o(i.__cxa_pure_virtual) referenced 2 times from lib.o(.constdata__ZTV6cHwRTC)
 <LI><a href="#[91]">__cxa_pure_virtual</a> from lib.o(i.__cxa_pure_virtual) referenced 2 times from lib.o(.constdata__ZTV6cTimer)
 <LI><a href="#[91]">__cxa_pure_virtual</a> from lib.o(i.__cxa_pure_virtual) referenced 2 times from lib.o(.constdata__ZTV8cHwTimer)
 <LI><a href="#[91]">__cxa_pure_virtual</a> from lib.o(i.__cxa_pure_virtual) referenced from lib.o(.constdata__ZTV8cHwTouch)
 <LI><a href="#[91]">__cxa_pure_virtual</a> from lib.o(i.__cxa_pure_virtual) referenced from lib.o(.constdata__ZTVN12cTaskHandler4TaskE)
 <LI><a href="#[91]">__cxa_pure_virtual</a> from lib.o(i.__cxa_pure_virtual) referenced from rtos.o(.constdata__ZTVN5cRTOS4TaskE)
 <LI><a href="#[ef]">__main</a> from __main.o(!!!main) referenced from startup_stm32f769xx.o(.text)
 <LI><a href="#[ee]">__sti___8_main_cpp_sys</a> from main.o(i.__sti___8_main_cpp_sys) referenced from main.o(.init_array)
 <LI><a href="#[8c]">_get_lc_ctype</a> from lc_ctype_c.o(locale$$code) referenced from rt_ctype_table.o(.text)
 <LI><a href="#[8b]">_printf_input_char</a> from _printf_char_common.o(.text) referenced from _printf_char_common.o(.text)
 <LI><a href="#[8a]">_sputc</a> from _sputc.o(.text) referenced from c89vsprintf.o(.text)
</UL>
<P>
<H3>
Global Symbols
</H3>
<P><STRONG><a name="[ef]"></a>__main</STRONG> (Thumb, 8 bytes, Stack size 0 bytes, __main.o(!!!main))
<BR><BR>[Calls]<UL><LI><a href="#[f2]">&gt;&gt;</a>&nbsp;&nbsp;&nbsp;__rt_entry
<LI><a href="#[f1]">&gt;&gt;</a>&nbsp;&nbsp;&nbsp;__scatterload
</UL>

<P><STRONG><a name="[f1]"></a>__scatterload</STRONG> (Thumb, 0 bytes, Stack size unknown bytes, __scatter.o(!!!scatter))
<BR><BR>[Called By]<UL><LI><a href="#[ef]">&gt;&gt;</a>&nbsp;&nbsp;&nbsp;__main
</UL>

<P><STRONG><a name="[f3]"></a>__scatterload_rt2</STRONG> (Thumb, 44 bytes, Stack size unknown bytes, __scatter.o(!!!scatter), UNUSED)
<BR><BR>[Calls]<UL><LI><a href="#[f2]">&gt;&gt;</a>&nbsp;&nbsp;&nbsp;__rt_entry
</UL>

<P><STRONG><a name="[1dd]"></a>__scatterload_rt2_thumb_only</STRONG> (Thumb, 0 bytes, Stack size unknown bytes, __scatter.o(!!!scatter), UNUSED)

<P><STRONG><a name="[1de]"></a>__scatterload_null</STRONG> (Thumb, 0 bytes, Stack size unknown bytes, __scatter.o(!!!scatter), UNUSED)

<P><STRONG><a name="[1df]"></a>__decompress</STRONG> (Thumb, 58 bytes, Stack size unknown bytes, __dczerorl.o(!!dczerorl), UNUSED)

<P><STRONG><a name="[1e0]"></a>__decompress0</STRONG> (Thumb, 0 bytes, Stack size unknown bytes, __dczerorl.o(!!dczerorl), UNUSED)

<P><STRONG><a name="[1e1]"></a>__scatterload_zeroinit</STRONG> (Thumb, 28 bytes, Stack size unknown bytes, __scatter_zi.o(!!handler_zi), UNUSED)

<P><STRONG><a name="[f4]"></a>_printf_n</STRONG> (Thumb, 0 bytes, Stack size unknown bytes, _printf_n.o(.ARM.Collect$$_printf_percent$$00000001))
<BR><BR>[Calls]<UL><LI><a href="#[f5]">&gt;&gt;</a>&nbsp;&nbsp;&nbsp;_printf_charcount
</UL>

<P><STRONG><a name="[149]"></a>_printf_percent</STRONG> (Thumb, 0 bytes, Stack size unknown bytes, _printf_percent.o(.ARM.Collect$$_printf_percent$$00000000))
<BR><BR>[Called By]<UL><LI><a href="#[142]">&gt;&gt;</a>&nbsp;&nbsp;&nbsp;__printf
</UL>

<P><STRONG><a name="[f6]"></a>_printf_p</STRONG> (Thumb, 0 bytes, Stack size unknown bytes, _printf_p.o(.ARM.Collect$$_printf_percent$$00000002))
<BR><BR>[Stack]<UL><LI>Max Depth = 64 + Unknown Stack Size
<LI>Call Chain = _printf_p &rArr; _printf_hex_ptr &rArr; _printf_longlong_hex &rArr; _printf_int_common &rArr; _printf_post_padding
</UL>
<BR>[Calls]<UL><LI><a href="#[f7]">&gt;&gt;</a>&nbsp;&nbsp;&nbsp;_printf_hex_ptr
</UL>

<P><STRONG><a name="[f8]"></a>_printf_f</STRONG> (Thumb, 0 bytes, Stack size unknown bytes, _printf_f.o(.ARM.Collect$$_printf_percent$$00000003))
<BR><BR>[Stack]<UL><LI>Max Depth = 324 + Unknown Stack Size
<LI>Call Chain = _printf_f &rArr; _printf_fp_dec &rArr; _printf_fp_dec_real &rArr; _fp_digits &rArr; _btod_etento &rArr; _btod_emul &rArr; _e2e
</UL>
<BR>[Calls]<UL><LI><a href="#[f9]">&gt;&gt;</a>&nbsp;&nbsp;&nbsp;_printf_fp_dec
</UL>

<P><STRONG><a name="[fa]"></a>_printf_e</STRONG> (Thumb, 0 bytes, Stack size unknown bytes, _printf_e.o(.ARM.Collect$$_printf_percent$$00000004))
<BR><BR>[Stack]<UL><LI>Max Depth = 324 + Unknown Stack Size
<LI>Call Chain = _printf_e &rArr; _printf_fp_dec &rArr; _printf_fp_dec_real &rArr; _fp_digits &rArr; _btod_etento &rArr; _btod_emul &rArr; _e2e
</UL>
<BR>[Calls]<UL><LI><a href="#[f9]">&gt;&gt;</a>&nbsp;&nbsp;&nbsp;_printf_fp_dec
</UL>

<P><STRONG><a name="[fb]"></a>_printf_g</STRONG> (Thumb, 0 bytes, Stack size unknown bytes, _printf_g.o(.ARM.Collect$$_printf_percent$$00000005))
<BR><BR>[Stack]<UL><LI>Max Depth = 324 + Unknown Stack Size
<LI>Call Chain = _printf_g &rArr; _printf_fp_dec &rArr; _printf_fp_dec_real &rArr; _fp_digits &rArr; _btod_etento &rArr; _btod_emul &rArr; _e2e
</UL>
<BR>[Calls]<UL><LI><a href="#[f9]">&gt;&gt;</a>&nbsp;&nbsp;&nbsp;_printf_fp_dec
</UL>

<P><STRONG><a name="[1e2]"></a>_printf_a</STRONG> (Thumb, 0 bytes, Stack size unknown bytes, _printf_a.o(.ARM.Collect$$_printf_percent$$00000006))

<P><STRONG><a name="[1e3]"></a>_printf_ll</STRONG> (Thumb, 0 bytes, Stack size unknown bytes, _printf_ll.o(.ARM.Collect$$_printf_percent$$00000007))

<P><STRONG><a name="[fc]"></a>_printf_i</STRONG> (Thumb, 0 bytes, Stack size unknown bytes, _printf_i.o(.ARM.Collect$$_printf_percent$$00000008))
<BR><BR>[Stack]<UL><LI>Max Depth = 72 + Unknown Stack Size
<LI>Call Chain = _printf_i &rArr; _printf_int_dec &rArr; _printf_int_common &rArr; _printf_post_padding
</UL>
<BR>[Calls]<UL><LI><a href="#[fd]">&gt;&gt;</a>&nbsp;&nbsp;&nbsp;_printf_int_dec
</UL>

<P><STRONG><a name="[fe]"></a>_printf_d</STRONG> (Thumb, 0 bytes, Stack size unknown bytes, _printf_d.o(.ARM.Collect$$_printf_percent$$00000009))
<BR><BR>[Stack]<UL><LI>Max Depth = 72 + Unknown Stack Size
<LI>Call Chain = _printf_d &rArr; _printf_int_dec &rArr; _printf_int_common &rArr; _printf_post_padding
</UL>
<BR>[Calls]<UL><LI><a href="#[fd]">&gt;&gt;</a>&nbsp;&nbsp;&nbsp;_printf_int_dec
</UL>

<P><STRONG><a name="[ff]"></a>_printf_u</STRONG> (Thumb, 0 bytes, Stack size unknown bytes, _printf_u.o(.ARM.Collect$$_printf_percent$$0000000A))
<BR><BR>[Stack]<UL><LI>Max Depth = 72 + Unknown Stack Size
<LI>Call Chain = _printf_u &rArr; _printf_int_dec &rArr; _printf_int_common &rArr; _printf_post_padding
</UL>
<BR>[Calls]<UL><LI><a href="#[fd]">&gt;&gt;</a>&nbsp;&nbsp;&nbsp;_printf_int_dec
</UL>

<P><STRONG><a name="[100]"></a>_printf_o</STRONG> (Thumb, 0 bytes, Stack size unknown bytes, _printf_o.o(.ARM.Collect$$_printf_percent$$0000000B))
<BR><BR>[Stack]<UL><LI>Max Depth = 64 + Unknown Stack Size
<LI>Call Chain = _printf_o &rArr; _printf_int_oct &rArr; _printf_longlong_oct &rArr; _printf_int_common &rArr; _printf_post_padding
</UL>
<BR>[Calls]<UL><LI><a href="#[101]">&gt;&gt;</a>&nbsp;&nbsp;&nbsp;_printf_int_oct
</UL>

<P><STRONG><a name="[102]"></a>_printf_x</STRONG> (Thumb, 0 bytes, Stack size unknown bytes, _printf_x.o(.ARM.Collect$$_printf_percent$$0000000C))
<BR><BR>[Stack]<UL><LI>Max Depth = 80 + Unknown Stack Size
<LI>Call Chain = _printf_x &rArr; _printf_int_hex &rArr; _printf_longlong_hex &rArr; _printf_int_common &rArr; _printf_post_padding
</UL>
<BR>[Calls]<UL><LI><a href="#[103]">&gt;&gt;</a>&nbsp;&nbsp;&nbsp;_printf_int_hex
</UL>

<P><STRONG><a name="[104]"></a>_printf_lli</STRONG> (Thumb, 0 bytes, Stack size unknown bytes, _printf_lli.o(.ARM.Collect$$_printf_percent$$0000000D))
<BR><BR>[Stack]<UL><LI>Max Depth = 72 + Unknown Stack Size
<LI>Call Chain = _printf_lli &rArr; _printf_longlong_dec &rArr; _printf_int_common &rArr; _printf_post_padding
</UL>
<BR>[Calls]<UL><LI><a href="#[105]">&gt;&gt;</a>&nbsp;&nbsp;&nbsp;_printf_longlong_dec
</UL>

<P><STRONG><a name="[106]"></a>_printf_lld</STRONG> (Thumb, 0 bytes, Stack size unknown bytes, _printf_lld.o(.ARM.Collect$$_printf_percent$$0000000E))
<BR><BR>[Stack]<UL><LI>Max Depth = 72 + Unknown Stack Size
<LI>Call Chain = _printf_lld &rArr; _printf_longlong_dec &rArr; _printf_int_common &rArr; _printf_post_padding
</UL>
<BR>[Calls]<UL><LI><a href="#[105]">&gt;&gt;</a>&nbsp;&nbsp;&nbsp;_printf_longlong_dec
</UL>

<P><STRONG><a name="[107]"></a>_printf_llu</STRONG> (Thumb, 0 bytes, Stack size unknown bytes, _printf_llu.o(.ARM.Collect$$_printf_percent$$0000000F))
<BR><BR>[Stack]<UL><LI>Max Depth = 72 + Unknown Stack Size
<LI>Call Chain = _printf_llu &rArr; _printf_longlong_dec &rArr; _printf_int_common &rArr; _printf_post_padding
</UL>
<BR>[Calls]<UL><LI><a href="#[105]">&gt;&gt;</a>&nbsp;&nbsp;&nbsp;_printf_longlong_dec
</UL>

<P><STRONG><a name="[108]"></a>_printf_llo</STRONG> (Thumb, 0 bytes, Stack size unknown bytes, _printf_llo.o(.ARM.Collect$$_printf_percent$$00000010))
<BR><BR>[Stack]<UL><LI>Max Depth = 56 + Unknown Stack Size
<LI>Call Chain = _printf_llo &rArr; _printf_ll_oct &rArr; _printf_longlong_oct &rArr; _printf_int_common &rArr; _printf_post_padding
</UL>
<BR>[Calls]<UL><LI><a href="#[109]">&gt;&gt;</a>&nbsp;&nbsp;&nbsp;_printf_ll_oct
</UL>

<P><STRONG><a name="[10a]"></a>_printf_llx</STRONG> (Thumb, 0 bytes, Stack size unknown bytes, _printf_llx.o(.ARM.Collect$$_printf_percent$$00000011))
<BR><BR>[Stack]<UL><LI>Max Depth = 64 + Unknown Stack Size
<LI>Call Chain = _printf_llx &rArr; _printf_ll_hex &rArr; _printf_longlong_hex &rArr; _printf_int_common &rArr; _printf_post_padding
</UL>
<BR>[Calls]<UL><LI><a href="#[10b]">&gt;&gt;</a>&nbsp;&nbsp;&nbsp;_printf_ll_hex
</UL>

<P><STRONG><a name="[1e4]"></a>_printf_l</STRONG> (Thumb, 0 bytes, Stack size unknown bytes, _printf_l.o(.ARM.Collect$$_printf_percent$$00000012))

<P><STRONG><a name="[10c]"></a>_printf_c</STRONG> (Thumb, 0 bytes, Stack size unknown bytes, _printf_c.o(.ARM.Collect$$_printf_percent$$00000013))
<BR><BR>[Stack]<UL><LI>Max Depth = 40 + Unknown Stack Size
<LI>Call Chain = _printf_c &rArr; _printf_char &rArr; _printf_cs_common &rArr; _printf_str &rArr; _printf_post_padding
</UL>
<BR>[Calls]<UL><LI><a href="#[10d]">&gt;&gt;</a>&nbsp;&nbsp;&nbsp;_printf_char
</UL>

<P><STRONG><a name="[10e]"></a>_printf_s</STRONG> (Thumb, 0 bytes, Stack size unknown bytes, _printf_s.o(.ARM.Collect$$_printf_percent$$00000014))
<BR><BR>[Stack]<UL><LI>Max Depth = 40 + Unknown Stack Size
<LI>Call Chain = _printf_s &rArr; _printf_string &rArr; _printf_cs_common &rArr; _printf_str &rArr; _printf_post_padding
</UL>
<BR>[Calls]<UL><LI><a href="#[10f]">&gt;&gt;</a>&nbsp;&nbsp;&nbsp;_printf_string
</UL>

<P><STRONG><a name="[110]"></a>_printf_lc</STRONG> (Thumb, 0 bytes, Stack size unknown bytes, _printf_lc.o(.ARM.Collect$$_printf_percent$$00000015))
<BR><BR>[Stack]<UL><LI>Max Depth = 88 + Unknown Stack Size
<LI>Call Chain = _printf_lc &rArr; _printf_wchar &rArr; _printf_lcs_common &rArr; _printf_wctomb &rArr; _wcrtomb &rArr; __rt_ctype_table
</UL>
<BR>[Calls]<UL><LI><a href="#[111]">&gt;&gt;</a>&nbsp;&nbsp;&nbsp;_printf_wchar
</UL>

<P><STRONG><a name="[112]"></a>_printf_ls</STRONG> (Thumb, 0 bytes, Stack size unknown bytes, _printf_ls.o(.ARM.Collect$$_printf_percent$$00000016))
<BR><BR>[Stack]<UL><LI>Max Depth = 88 + Unknown Stack Size
<LI>Call Chain = _printf_ls &rArr; _printf_wstring &rArr; _printf_lcs_common &rArr; _printf_wctomb &rArr; _wcrtomb &rArr; __rt_ctype_table
</UL>
<BR>[Calls]<UL><LI><a href="#[113]">&gt;&gt;</a>&nbsp;&nbsp;&nbsp;_printf_wstring
</UL>

<P><STRONG><a name="[1e5]"></a>_printf_percent_end</STRONG> (Thumb, 0 bytes, Stack size unknown bytes, _printf_percent_end.o(.ARM.Collect$$_printf_percent$$00000017))

<P><STRONG><a name="[123]"></a>__rt_lib_init</STRONG> (Thumb, 0 bytes, Stack size unknown bytes, libinit.o(.ARM.Collect$$libinit$$00000000))
<BR><BR>[Called By]<UL><LI><a href="#[122]">&gt;&gt;</a>&nbsp;&nbsp;&nbsp;__rt_entry_li
</UL>

<P><STRONG><a name="[114]"></a>__rt_lib_init_fp_1</STRONG> (Thumb, 0 bytes, Stack size unknown bytes, libinit2.o(.ARM.Collect$$libinit$$00000001))
<BR><BR>[Calls]<UL><LI><a href="#[115]">&gt;&gt;</a>&nbsp;&nbsp;&nbsp;_fp_init
</UL>

<P><STRONG><a name="[116]"></a>__rt_lib_init_heap_2</STRONG> (Thumb, 0 bytes, Stack size unknown bytes, libinit2.o(.ARM.Collect$$libinit$$00000005))
<BR><BR>[Stack]<UL><LI>Max Depth = 64 + Unknown Stack Size
<LI>Call Chain = __rt_lib_init_heap_2 &rArr; _init_alloc &rArr; __rt_SIGRTMEM &rArr; __rt_SIGRTMEM_inner &rArr; __default_signal_display &rArr; _ttywrch
</UL>
<BR>[Calls]<UL><LI><a href="#[117]">&gt;&gt;</a>&nbsp;&nbsp;&nbsp;_init_alloc
</UL>

<P><STRONG><a name="[1e6]"></a>__rt_lib_init_preinit_1</STRONG> (Thumb, 0 bytes, Stack size unknown bytes, libinit2.o(.ARM.Collect$$libinit$$00000004))

<P><STRONG><a name="[1e7]"></a>__rt_lib_init_heap_1</STRONG> (Thumb, 0 bytes, Stack size unknown bytes, libinit2.o(.ARM.Collect$$libinit$$0000000A))

<P><STRONG><a name="[118]"></a>__rt_lib_init_lc_common</STRONG> (Thumb, 0 bytes, Stack size unknown bytes, libinit2.o(.ARM.Collect$$libinit$$0000000F))
<BR><BR>[Calls]<UL><LI><a href="#[119]">&gt;&gt;</a>&nbsp;&nbsp;&nbsp;__rt_locale
</UL>

<P><STRONG><a name="[1e8]"></a>__rt_lib_init_rand_1</STRONG> (Thumb, 0 bytes, Stack size unknown bytes, libinit2.o(.ARM.Collect$$libinit$$0000000E))

<P><STRONG><a name="[1e9]"></a>__rt_lib_init_user_alloc_1</STRONG> (Thumb, 0 bytes, Stack size unknown bytes, libinit2.o(.ARM.Collect$$libinit$$0000000C))

<P><STRONG><a name="[1ea]"></a>__rt_lib_init_lc_collate_1</STRONG> (Thumb, 0 bytes, Stack size unknown bytes, libinit2.o(.ARM.Collect$$libinit$$00000011))

<P><STRONG><a name="[11a]"></a>__rt_lib_init_lc_ctype_2</STRONG> (Thumb, 0 bytes, Stack size unknown bytes, libinit2.o(.ARM.Collect$$libinit$$00000012))
<BR><BR>[Stack]<UL><LI>Max Depth = 8 + Unknown Stack Size
<LI>Call Chain = __rt_lib_init_lc_ctype_2 &rArr; _get_lc_ctype
</UL>
<BR>[Calls]<UL><LI><a href="#[8c]">&gt;&gt;</a>&nbsp;&nbsp;&nbsp;_get_lc_ctype
</UL>

<P><STRONG><a name="[1eb]"></a>__rt_lib_init_lc_ctype_1</STRONG> (Thumb, 0 bytes, Stack size unknown bytes, libinit2.o(.ARM.Collect$$libinit$$00000013))

<P><STRONG><a name="[1ec]"></a>__rt_lib_init_lc_monetary_1</STRONG> (Thumb, 0 bytes, Stack size unknown bytes, libinit2.o(.ARM.Collect$$libinit$$00000015))

<P><STRONG><a name="[11b]"></a>__rt_lib_init_lc_numeric_2</STRONG> (Thumb, 0 bytes, Stack size unknown bytes, libinit2.o(.ARM.Collect$$libinit$$00000016))
<BR><BR>[Stack]<UL><LI>Max Depth = 8 + Unknown Stack Size
<LI>Call Chain = __rt_lib_init_lc_numeric_2 &rArr; _get_lc_numeric
</UL>
<BR>[Calls]<UL><LI><a href="#[11c]">&gt;&gt;</a>&nbsp;&nbsp;&nbsp;_get_lc_numeric
</UL>

<P><STRONG><a name="[1ed]"></a>__rt_lib_init_alloca_1</STRONG> (Thumb, 0 bytes, Stack size unknown bytes, libinit2.o(.ARM.Collect$$libinit$$0000002E))

<P><STRONG><a name="[1ee]"></a>__rt_lib_init_argv_1</STRONG> (Thumb, 0 bytes, Stack size unknown bytes, libinit2.o(.ARM.Collect$$libinit$$0000002C))

<P><STRONG><a name="[1ef]"></a>__rt_lib_init_atexit_1</STRONG> (Thumb, 0 bytes, Stack size unknown bytes, libinit2.o(.ARM.Collect$$libinit$$0000001B))

<P><STRONG><a name="[1f0]"></a>__rt_lib_init_clock_1</STRONG> (Thumb, 0 bytes, Stack size unknown bytes, libinit2.o(.ARM.Collect$$libinit$$00000021))

<P><STRONG><a name="[11d]"></a>__rt_lib_init_cpp_2</STRONG> (Thumb, 0 bytes, Stack size unknown bytes, libinit2.o(.ARM.Collect$$libinit$$00000031))
<BR><BR>[Stack]<UL><LI>Max Depth = 16 + Unknown Stack Size
<LI>Call Chain = __rt_lib_init_cpp_2 &rArr; __cpp_initialize__aeabi_
</UL>
<BR>[Calls]<UL><LI><a href="#[f0]">&gt;&gt;</a>&nbsp;&nbsp;&nbsp;__cpp_initialize__aeabi_
</UL>

<P><STRONG><a name="[1f1]"></a>__rt_lib_init_exceptions_1</STRONG> (Thumb, 0 bytes, Stack size unknown bytes, libinit2.o(.ARM.Collect$$libinit$$00000030))

<P><STRONG><a name="[1f2]"></a>__rt_lib_init_fp_trap_1</STRONG> (Thumb, 0 bytes, Stack size unknown bytes, libinit2.o(.ARM.Collect$$libinit$$0000001F))

<P><STRONG><a name="[1f3]"></a>__rt_lib_init_getenv_1</STRONG> (Thumb, 0 bytes, Stack size unknown bytes, libinit2.o(.ARM.Collect$$libinit$$00000023))

<P><STRONG><a name="[1f4]"></a>__rt_lib_init_lc_numeric_1</STRONG> (Thumb, 0 bytes, Stack size unknown bytes, libinit2.o(.ARM.Collect$$libinit$$00000017))

<P><STRONG><a name="[1f5]"></a>__rt_lib_init_lc_time_1</STRONG> (Thumb, 0 bytes, Stack size unknown bytes, libinit2.o(.ARM.Collect$$libinit$$00000019))

<P><STRONG><a name="[1f6]"></a>__rt_lib_init_signal_1</STRONG> (Thumb, 0 bytes, Stack size unknown bytes, libinit2.o(.ARM.Collect$$libinit$$0000001D))

<P><STRONG><a name="[1f7]"></a>__rt_lib_init_stdio_1</STRONG> (Thumb, 0 bytes, Stack size unknown bytes, libinit2.o(.ARM.Collect$$libinit$$00000025))

<P><STRONG><a name="[1f8]"></a>__rt_lib_init_cpp_1</STRONG> (Thumb, 0 bytes, Stack size unknown bytes, libinit2.o(.ARM.Collect$$libinit$$00000032))

<P><STRONG><a name="[1f9]"></a>__rt_lib_init_return</STRONG> (Thumb, 0 bytes, Stack size unknown bytes, libinit2.o(.ARM.Collect$$libinit$$00000033))

<P><STRONG><a name="[128]"></a>__rt_lib_shutdown</STRONG> (Thumb, 0 bytes, Stack size unknown bytes, libshutdown.o(.ARM.Collect$$libshutdown$$00000000))
<BR><BR>[Called By]<UL><LI><a href="#[131]">&gt;&gt;</a>&nbsp;&nbsp;&nbsp;abort
<LI><a href="#[127]">&gt;&gt;</a>&nbsp;&nbsp;&nbsp;__rt_exit_ls
</UL>

<P><STRONG><a name="[11e]"></a>__rt_lib_shutdown_cpp_2</STRONG> (Thumb, 0 bytes, Stack size unknown bytes, libshutdown2.o(.ARM.Collect$$libshutdown$$00000001))
<BR><BR>[Stack]<UL><LI>Max Depth = 40 + Unknown Stack Size
<LI>Call Chain = __rt_lib_shutdown_cpp_2 &rArr; __cxa_finalize &rArr; free
</UL>
<BR>[Calls]<UL><LI><a href="#[11f]">&gt;&gt;</a>&nbsp;&nbsp;&nbsp;__cxa_finalize
</UL>

<P><STRONG><a name="[1fa]"></a>__rt_lib_shutdown_cpp_1</STRONG> (Thumb, 0 bytes, Stack size unknown bytes, libshutdown2.o(.ARM.Collect$$libshutdown$$00000002))

<P><STRONG><a name="[1fb]"></a>__rt_lib_shutdown_fp_trap_1</STRONG> (Thumb, 0 bytes, Stack size unknown bytes, libshutdown2.o(.ARM.Collect$$libshutdown$$00000007))

<P><STRONG><a name="[1fc]"></a>__rt_lib_shutdown_heap_1</STRONG> (Thumb, 0 bytes, Stack size unknown bytes, libshutdown2.o(.ARM.Collect$$libshutdown$$0000000F))

<P><STRONG><a name="[1fd]"></a>__rt_lib_shutdown_return</STRONG> (Thumb, 0 bytes, Stack size unknown bytes, libshutdown2.o(.ARM.Collect$$libshutdown$$00000010))

<P><STRONG><a name="[1fe]"></a>__rt_lib_shutdown_signal_1</STRONG> (Thumb, 0 bytes, Stack size unknown bytes, libshutdown2.o(.ARM.Collect$$libshutdown$$0000000A))

<P><STRONG><a name="[1ff]"></a>__rt_lib_shutdown_stdio_1</STRONG> (Thumb, 0 bytes, Stack size unknown bytes, libshutdown2.o(.ARM.Collect$$libshutdown$$00000004))

<P><STRONG><a name="[200]"></a>__rt_lib_shutdown_user_alloc_1</STRONG> (Thumb, 0 bytes, Stack size unknown bytes, libshutdown2.o(.ARM.Collect$$libshutdown$$0000000C))

<P><STRONG><a name="[f2]"></a>__rt_entry</STRONG> (Thumb, 0 bytes, Stack size unknown bytes, __rtentry.o(.ARM.Collect$$rtentry$$00000000))
<BR><BR>[Called By]<UL><LI><a href="#[ef]">&gt;&gt;</a>&nbsp;&nbsp;&nbsp;__main
<LI><a href="#[f3]">&gt;&gt;</a>&nbsp;&nbsp;&nbsp;__scatterload_rt2
</UL>

<P><STRONG><a name="[201]"></a>__rt_entry_presh_1</STRONG> (Thumb, 0 bytes, Stack size unknown bytes, __rtentry2.o(.ARM.Collect$$rtentry$$00000002))

<P><STRONG><a name="[120]"></a>__rt_entry_sh</STRONG> (Thumb, 0 bytes, Stack size unknown bytes, __rtentry4.o(.ARM.Collect$$rtentry$$00000004))
<BR><BR>[Stack]<UL><LI>Max Depth = 8 + Unknown Stack Size
<LI>Call Chain = __rt_entry_sh &rArr; __user_setup_stackheap
</UL>
<BR>[Calls]<UL><LI><a href="#[121]">&gt;&gt;</a>&nbsp;&nbsp;&nbsp;__user_setup_stackheap
</UL>

<P><STRONG><a name="[122]"></a>__rt_entry_li</STRONG> (Thumb, 0 bytes, Stack size unknown bytes, __rtentry2.o(.ARM.Collect$$rtentry$$0000000A))
<BR><BR>[Calls]<UL><LI><a href="#[123]">&gt;&gt;</a>&nbsp;&nbsp;&nbsp;__rt_lib_init
</UL>

<P><STRONG><a name="[202]"></a>__rt_entry_postsh_1</STRONG> (Thumb, 0 bytes, Stack size unknown bytes, __rtentry2.o(.ARM.Collect$$rtentry$$00000009))

<P><STRONG><a name="[124]"></a>__rt_entry_main</STRONG> (Thumb, 0 bytes, Stack size unknown bytes, __rtentry2.o(.ARM.Collect$$rtentry$$0000000D))
<BR><BR>[Stack]<UL><LI>Max Depth = 296 + Unknown Stack Size
<LI>Call Chain = __rt_entry_main &rArr; main &rArr; cDevDisplayGraphic::printf(unsigned char, unsigned char, unsigned char, const char*, ...) &rArr; __c89vsprintf &rArr; _printf_char_common &rArr; __printf
</UL>
<BR>[Calls]<UL><LI><a href="#[125]">&gt;&gt;</a>&nbsp;&nbsp;&nbsp;main
<LI><a href="#[126]">&gt;&gt;</a>&nbsp;&nbsp;&nbsp;exit
</UL>

<P><STRONG><a name="[203]"></a>__rt_entry_postli_1</STRONG> (Thumb, 0 bytes, Stack size unknown bytes, __rtentry2.o(.ARM.Collect$$rtentry$$0000000C))

<P><STRONG><a name="[15b]"></a>__rt_exit</STRONG> (Thumb, 0 bytes, Stack size unknown bytes, rtexit.o(.ARM.Collect$$rtexit$$00000000))
<BR><BR>[Called By]<UL><LI><a href="#[126]">&gt;&gt;</a>&nbsp;&nbsp;&nbsp;exit
</UL>

<P><STRONG><a name="[127]"></a>__rt_exit_ls</STRONG> (Thumb, 0 bytes, Stack size unknown bytes, rtexit2.o(.ARM.Collect$$rtexit$$00000003))
<BR><BR>[Calls]<UL><LI><a href="#[128]">&gt;&gt;</a>&nbsp;&nbsp;&nbsp;__rt_lib_shutdown
</UL>

<P><STRONG><a name="[204]"></a>__rt_exit_prels_1</STRONG> (Thumb, 0 bytes, Stack size unknown bytes, rtexit2.o(.ARM.Collect$$rtexit$$00000002))

<P><STRONG><a name="[129]"></a>__rt_exit_exit</STRONG> (Thumb, 0 bytes, Stack size unknown bytes, rtexit2.o(.ARM.Collect$$rtexit$$00000004))
<BR><BR>[Calls]<UL><LI><a href="#[12a]">&gt;&gt;</a>&nbsp;&nbsp;&nbsp;_sys_exit
</UL>

<P><STRONG><a name="[205]"></a>_maybe_terminate_alloc</STRONG> (Thumb, 0 bytes, Stack size 0 bytes, maybetermalloc1.o(.emb_text), UNUSED)

<P><STRONG><a name="[165]"></a>save_context</STRONG> (Thumb, 22 bytes, Stack size 0 bytes, rtoscontext.o(.text))
<BR><BR>[Called By]<UL><LI><a href="#[1a]">&gt;&gt;</a>&nbsp;&nbsp;&nbsp;SysTick_Handler
<LI><a href="#[19]">&gt;&gt;</a>&nbsp;&nbsp;&nbsp;PendSV_Handler
</UL>

<P><STRONG><a name="[166]"></a>load_context</STRONG> (Thumb, 22 bytes, Stack size 0 bytes, rtoscontext.o(.text))
<BR><BR>[Called By]<UL><LI><a href="#[1a]">&gt;&gt;</a>&nbsp;&nbsp;&nbsp;SysTick_Handler
<LI><a href="#[19]">&gt;&gt;</a>&nbsp;&nbsp;&nbsp;PendSV_Handler
</UL>

<P><STRONG><a name="[11]"></a>Reset_Handler</STRONG> (Thumb, 8 bytes, Stack size 0 bytes, startup_stm32f769xx.o(.text))
<BR>[Address Reference Count : 1]<UL><LI> startup_stm32f769xx.o(RESET)
</UL>
<P><STRONG><a name="[12]"></a>NMI_Handler</STRONG> (Thumb, 2 bytes, Stack size 0 bytes, startup_stm32f769xx.o(.text))
<BR><BR>[Calls]<UL><LI><a href="#[12]">&gt;&gt;</a>&nbsp;&nbsp;&nbsp;NMI_Handler
</UL>
<BR>[Called By]<UL><LI><a href="#[12]">&gt;&gt;</a>&nbsp;&nbsp;&nbsp;NMI_Handler
</UL>
<BR>[Address Reference Count : 1]<UL><LI> startup_stm32f769xx.o(RESET)
</UL>
<P><STRONG><a name="[13]"></a>HardFault_Handler</STRONG> (Thumb, 2 bytes, Stack size 0 bytes, startup_stm32f769xx.o(.text))
<BR><BR>[Calls]<UL><LI><a href="#[13]">&gt;&gt;</a>&nbsp;&nbsp;&nbsp;HardFault_Handler
</UL>
<BR>[Called By]<UL><LI><a href="#[13]">&gt;&gt;</a>&nbsp;&nbsp;&nbsp;HardFault_Handler
</UL>
<BR>[Address Reference Count : 1]<UL><LI> startup_stm32f769xx.o(RESET)
</UL>
<P><STRONG><a name="[14]"></a>MemManage_Handler</STRONG> (Thumb, 2 bytes, Stack size 0 bytes, startup_stm32f769xx.o(.text))
<BR><BR>[Calls]<UL><LI><a href="#[14]">&gt;&gt;</a>&nbsp;&nbsp;&nbsp;MemManage_Handler
</UL>
<BR>[Called By]<UL><LI><a href="#[14]">&gt;&gt;</a>&nbsp;&nbsp;&nbsp;MemManage_Handler
</UL>
<BR>[Address Reference Count : 1]<UL><LI> startup_stm32f769xx.o(RESET)
</UL>
<P><STRONG><a name="[15]"></a>BusFault_Handler</STRONG> (Thumb, 2 bytes, Stack size 0 bytes, startup_stm32f769xx.o(.text))
<BR><BR>[Calls]<UL><LI><a href="#[15]">&gt;&gt;</a>&nbsp;&nbsp;&nbsp;BusFault_Handler
</UL>
<BR>[Called By]<UL><LI><a href="#[15]">&gt;&gt;</a>&nbsp;&nbsp;&nbsp;BusFault_Handler
</UL>
<BR>[Address Reference Count : 1]<UL><LI> startup_stm32f769xx.o(RESET)
</UL>
<P><STRONG><a name="[16]"></a>UsageFault_Handler</STRONG> (Thumb, 2 bytes, Stack size 0 bytes, startup_stm32f769xx.o(.text))
<BR><BR>[Calls]<UL><LI><a href="#[16]">&gt;&gt;</a>&nbsp;&nbsp;&nbsp;UsageFault_Handler
</UL>
<BR>[Called By]<UL><LI><a href="#[16]">&gt;&gt;</a>&nbsp;&nbsp;&nbsp;UsageFault_Handler
</UL>
<BR>[Address Reference Count : 1]<UL><LI> startup_stm32f769xx.o(RESET)
</UL>
<P><STRONG><a name="[17]"></a>SVC_Handler</STRONG> (Thumb, 2 bytes, Stack size 0 bytes, startup_stm32f769xx.o(.text))
<BR><BR>[Calls]<UL><LI><a href="#[17]">&gt;&gt;</a>&nbsp;&nbsp;&nbsp;SVC_Handler
</UL>
<BR>[Called By]<UL><LI><a href="#[17]">&gt;&gt;</a>&nbsp;&nbsp;&nbsp;SVC_Handler
</UL>
<BR>[Address Reference Count : 1]<UL><LI> startup_stm32f769xx.o(RESET)
</UL>
<P><STRONG><a name="[18]"></a>DebugMon_Handler</STRONG> (Thumb, 2 bytes, Stack size 0 bytes, startup_stm32f769xx.o(.text))
<BR><BR>[Calls]<UL><LI><a href="#[18]">&gt;&gt;</a>&nbsp;&nbsp;&nbsp;DebugMon_Handler
</UL>
<BR>[Called By]<UL><LI><a href="#[18]">&gt;&gt;</a>&nbsp;&nbsp;&nbsp;DebugMon_Handler
</UL>
<BR>[Address Reference Count : 1]<UL><LI> startup_stm32f769xx.o(RESET)
</UL>
<P><STRONG><a name="[2f]"></a>CAN1_RX0_IRQHandler</STRONG> (Thumb, 0 bytes, Stack size 0 bytes, startup_stm32f769xx.o(.text))
<BR><BR>[Calls]<UL><LI><a href="#[2f]">&gt;&gt;</a>&nbsp;&nbsp;&nbsp;CAN1_RX0_IRQHandler
</UL>
<BR>[Called By]<UL><LI><a href="#[2f]">&gt;&gt;</a>&nbsp;&nbsp;&nbsp;CAN1_RX0_IRQHandler
</UL>
<BR>[Address Reference Count : 1]<UL><LI> startup_stm32f769xx.o(RESET)
</UL>
<P><STRONG><a name="[30]"></a>CAN1_RX1_IRQHandler</STRONG> (Thumb, 0 bytes, Stack size 0 bytes, startup_stm32f769xx.o(.text))
<BR>[Address Reference Count : 1]<UL><LI> startup_stm32f769xx.o(RESET)
</UL>
<P><STRONG><a name="[31]"></a>CAN1_SCE_IRQHandler</STRONG> (Thumb, 0 bytes, Stack size 0 bytes, startup_stm32f769xx.o(.text))
<BR>[Address Reference Count : 1]<UL><LI> startup_stm32f769xx.o(RESET)
</UL>
<P><STRONG><a name="[2e]"></a>CAN1_TX_IRQHandler</STRONG> (Thumb, 0 bytes, Stack size 0 bytes, startup_stm32f769xx.o(.text))
<BR>[Address Reference Count : 1]<UL><LI> startup_stm32f769xx.o(RESET)
</UL>
<P><STRONG><a name="[5b]"></a>CAN2_RX0_IRQHandler</STRONG> (Thumb, 0 bytes, Stack size 0 bytes, startup_stm32f769xx.o(.text))
<BR>[Address Reference Count : 1]<UL><LI> startup_stm32f769xx.o(RESET)
</UL>
<P><STRONG><a name="[5c]"></a>CAN2_RX1_IRQHandler</STRONG> (Thumb, 0 bytes, Stack size 0 bytes, startup_stm32f769xx.o(.text))
<BR>[Address Reference Count : 1]<UL><LI> startup_stm32f769xx.o(RESET)
</UL>
<P><STRONG><a name="[5d]"></a>CAN2_SCE_IRQHandler</STRONG> (Thumb, 0 bytes, Stack size 0 bytes, startup_stm32f769xx.o(.text))
<BR>[Address Reference Count : 1]<UL><LI> startup_stm32f769xx.o(RESET)
</UL>
<P><STRONG><a name="[5a]"></a>CAN2_TX_IRQHandler</STRONG> (Thumb, 0 bytes, Stack size 0 bytes, startup_stm32f769xx.o(.text))
<BR>[Address Reference Count : 1]<UL><LI> startup_stm32f769xx.o(RESET)
</UL>
<P><STRONG><a name="[83]"></a>CAN3_RX0_IRQHandler</STRONG> (Thumb, 0 bytes, Stack size 0 bytes, startup_stm32f769xx.o(.text))
<BR>[Address Reference Count : 1]<UL><LI> startup_stm32f769xx.o(RESET)
</UL>
<P><STRONG><a name="[84]"></a>CAN3_RX1_IRQHandler</STRONG> (Thumb, 0 bytes, Stack size 0 bytes, startup_stm32f769xx.o(.text))
<BR>[Address Reference Count : 1]<UL><LI> startup_stm32f769xx.o(RESET)
</UL>
<P><STRONG><a name="[85]"></a>CAN3_SCE_IRQHandler</STRONG> (Thumb, 0 bytes, Stack size 0 bytes, startup_stm32f769xx.o(.text))
<BR>[Address Reference Count : 1]<UL><LI> startup_stm32f769xx.o(RESET)
</UL>
<P><STRONG><a name="[82]"></a>CAN3_TX_IRQHandler</STRONG> (Thumb, 0 bytes, Stack size 0 bytes, startup_stm32f769xx.o(.text))
<BR>[Address Reference Count : 1]<UL><LI> startup_stm32f769xx.o(RESET)
</UL>
<P><STRONG><a name="[78]"></a>CEC_IRQHandler</STRONG> (Thumb, 0 bytes, Stack size 0 bytes, startup_stm32f769xx.o(.text))
<BR>[Address Reference Count : 1]<UL><LI> startup_stm32f769xx.o(RESET)
</UL>
<P><STRONG><a name="[69]"></a>DCMI_IRQHandler</STRONG> (Thumb, 0 bytes, Stack size 0 bytes, startup_stm32f769xx.o(.text))
<BR>[Address Reference Count : 1]<UL><LI> startup_stm32f769xx.o(RESET)
</UL>
<P><STRONG><a name="[7d]"></a>DFSDM1_FLT0_IRQHandler</STRONG> (Thumb, 0 bytes, Stack size 0 bytes, startup_stm32f769xx.o(.text))
<BR>[Address Reference Count : 1]<UL><LI> startup_stm32f769xx.o(RESET)
</UL>
<P><STRONG><a name="[7e]"></a>DFSDM1_FLT1_IRQHandler</STRONG> (Thumb, 0 bytes, Stack size 0 bytes, startup_stm32f769xx.o(.text))
<BR>[Address Reference Count : 1]<UL><LI> startup_stm32f769xx.o(RESET)
</UL>
<P><STRONG><a name="[7f]"></a>DFSDM1_FLT2_IRQHandler</STRONG> (Thumb, 0 bytes, Stack size 0 bytes, startup_stm32f769xx.o(.text))
<BR>[Address Reference Count : 1]<UL><LI> startup_stm32f769xx.o(RESET)
</UL>
<P><STRONG><a name="[80]"></a>DFSDM1_FLT3_IRQHandler</STRONG> (Thumb, 0 bytes, Stack size 0 bytes, startup_stm32f769xx.o(.text))
<BR>[Address Reference Count : 1]<UL><LI> startup_stm32f769xx.o(RESET)
</UL>
<P><STRONG><a name="[26]"></a>DMA1_Stream0_IRQHandler</STRONG> (Thumb, 0 bytes, Stack size 0 bytes, startup_stm32f769xx.o(.text))
<BR>[Address Reference Count : 1]<UL><LI> startup_stm32f769xx.o(RESET)
</UL>
<P><STRONG><a name="[27]"></a>DMA1_Stream1_IRQHandler</STRONG> (Thumb, 0 bytes, Stack size 0 bytes, startup_stm32f769xx.o(.text))
<BR>[Address Reference Count : 1]<UL><LI> startup_stm32f769xx.o(RESET)
</UL>
<P><STRONG><a name="[28]"></a>DMA1_Stream2_IRQHandler</STRONG> (Thumb, 0 bytes, Stack size 0 bytes, startup_stm32f769xx.o(.text))
<BR>[Address Reference Count : 1]<UL><LI> startup_stm32f769xx.o(RESET)
</UL>
<P><STRONG><a name="[29]"></a>DMA1_Stream3_IRQHandler</STRONG> (Thumb, 0 bytes, Stack size 0 bytes, startup_stm32f769xx.o(.text))
<BR>[Address Reference Count : 1]<UL><LI> startup_stm32f769xx.o(RESET)
</UL>
<P><STRONG><a name="[2a]"></a>DMA1_Stream4_IRQHandler</STRONG> (Thumb, 0 bytes, Stack size 0 bytes, startup_stm32f769xx.o(.text))
<BR>[Address Reference Count : 1]<UL><LI> startup_stm32f769xx.o(RESET)
</UL>
<P><STRONG><a name="[2b]"></a>DMA1_Stream5_IRQHandler</STRONG> (Thumb, 0 bytes, Stack size 0 bytes, startup_stm32f769xx.o(.text))
<BR>[Address Reference Count : 1]<UL><LI> startup_stm32f769xx.o(RESET)
</UL>
<P><STRONG><a name="[2c]"></a>DMA1_Stream6_IRQHandler</STRONG> (Thumb, 0 bytes, Stack size 0 bytes, startup_stm32f769xx.o(.text))
<BR>[Address Reference Count : 1]<UL><LI> startup_stm32f769xx.o(RESET)
</UL>
<P><STRONG><a name="[4a]"></a>DMA1_Stream7_IRQHandler</STRONG> (Thumb, 0 bytes, Stack size 0 bytes, startup_stm32f769xx.o(.text))
<BR>[Address Reference Count : 1]<UL><LI> startup_stm32f769xx.o(RESET)
</UL>
<P><STRONG><a name="[74]"></a>DMA2D_IRQHandler</STRONG> (Thumb, 0 bytes, Stack size 0 bytes, startup_stm32f769xx.o(.text))
<BR>[Address Reference Count : 1]<UL><LI> startup_stm32f769xx.o(RESET)
</UL>
<P><STRONG><a name="[53]"></a>DMA2_Stream0_IRQHandler</STRONG> (Thumb, 0 bytes, Stack size 0 bytes, startup_stm32f769xx.o(.text))
<BR>[Address Reference Count : 1]<UL><LI> startup_stm32f769xx.o(RESET)
</UL>
<P><STRONG><a name="[54]"></a>DMA2_Stream1_IRQHandler</STRONG> (Thumb, 0 bytes, Stack size 0 bytes, startup_stm32f769xx.o(.text))
<BR>[Address Reference Count : 1]<UL><LI> startup_stm32f769xx.o(RESET)
</UL>
<P><STRONG><a name="[55]"></a>DMA2_Stream2_IRQHandler</STRONG> (Thumb, 0 bytes, Stack size 0 bytes, startup_stm32f769xx.o(.text))
<BR>[Address Reference Count : 1]<UL><LI> startup_stm32f769xx.o(RESET)
</UL>
<P><STRONG><a name="[56]"></a>DMA2_Stream3_IRQHandler</STRONG> (Thumb, 0 bytes, Stack size 0 bytes, startup_stm32f769xx.o(.text))
<BR>[Address Reference Count : 1]<UL><LI> startup_stm32f769xx.o(RESET)
</UL>
<P><STRONG><a name="[57]"></a>DMA2_Stream4_IRQHandler</STRONG> (Thumb, 0 bytes, Stack size 0 bytes, startup_stm32f769xx.o(.text))
<BR>[Address Reference Count : 1]<UL><LI> startup_stm32f769xx.o(RESET)
</UL>
<P><STRONG><a name="[5f]"></a>DMA2_Stream5_IRQHandler</STRONG> (Thumb, 0 bytes, Stack size 0 bytes, startup_stm32f769xx.o(.text))
<BR>[Address Reference Count : 1]<UL><LI> startup_stm32f769xx.o(RESET)
</UL>
<P><STRONG><a name="[60]"></a>DMA2_Stream6_IRQHandler</STRONG> (Thumb, 0 bytes, Stack size 0 bytes, startup_stm32f769xx.o(.text))
<BR>[Address Reference Count : 1]<UL><LI> startup_stm32f769xx.o(RESET)
</UL>
<P><STRONG><a name="[61]"></a>DMA2_Stream7_IRQHandler</STRONG> (Thumb, 0 bytes, Stack size 0 bytes, startup_stm32f769xx.o(.text))
<BR>[Address Reference Count : 1]<UL><LI> startup_stm32f769xx.o(RESET)
</UL>
<P><STRONG><a name="[7c]"></a>DSI_IRQHandler</STRONG> (Thumb, 0 bytes, Stack size 0 bytes, startup_stm32f769xx.o(.text))
<BR>[Address Reference Count : 1]<UL><LI> startup_stm32f769xx.o(RESET)
</UL>
<P><STRONG><a name="[58]"></a>ETH_IRQHandler</STRONG> (Thumb, 0 bytes, Stack size 0 bytes, startup_stm32f769xx.o(.text))
<BR>[Address Reference Count : 1]<UL><LI> startup_stm32f769xx.o(RESET)
</UL>
<P><STRONG><a name="[59]"></a>ETH_WKUP_IRQHandler</STRONG> (Thumb, 0 bytes, Stack size 0 bytes, startup_stm32f769xx.o(.text))
<BR>[Address Reference Count : 1]<UL><LI> startup_stm32f769xx.o(RESET)
</UL>
<P><STRONG><a name="[21]"></a>EXTI0_IRQHandler</STRONG> (Thumb, 0 bytes, Stack size 0 bytes, startup_stm32f769xx.o(.text))
<BR>[Address Reference Count : 1]<UL><LI> startup_stm32f769xx.o(RESET)
</UL>
<P><STRONG><a name="[43]"></a>EXTI15_10_IRQHandler</STRONG> (Thumb, 0 bytes, Stack size 0 bytes, startup_stm32f769xx.o(.text))
<BR>[Address Reference Count : 1]<UL><LI> startup_stm32f769xx.o(RESET)
</UL>
<P><STRONG><a name="[22]"></a>EXTI1_IRQHandler</STRONG> (Thumb, 0 bytes, Stack size 0 bytes, startup_stm32f769xx.o(.text))
<BR>[Address Reference Count : 1]<UL><LI> startup_stm32f769xx.o(RESET)
</UL>
<P><STRONG><a name="[23]"></a>EXTI2_IRQHandler</STRONG> (Thumb, 0 bytes, Stack size 0 bytes, startup_stm32f769xx.o(.text))
<BR>[Address Reference Count : 1]<UL><LI> startup_stm32f769xx.o(RESET)
</UL>
<P><STRONG><a name="[24]"></a>EXTI3_IRQHandler</STRONG> (Thumb, 0 bytes, Stack size 0 bytes, startup_stm32f769xx.o(.text))
<BR>[Address Reference Count : 1]<UL><LI> startup_stm32f769xx.o(RESET)
</UL>
<P><STRONG><a name="[25]"></a>EXTI4_IRQHandler</STRONG> (Thumb, 0 bytes, Stack size 0 bytes, startup_stm32f769xx.o(.text))
<BR>[Address Reference Count : 1]<UL><LI> startup_stm32f769xx.o(RESET)
</UL>
<P><STRONG><a name="[32]"></a>EXTI9_5_IRQHandler</STRONG> (Thumb, 0 bytes, Stack size 0 bytes, startup_stm32f769xx.o(.text))
<BR>[Address Reference Count : 1]<UL><LI> startup_stm32f769xx.o(RESET)
</UL>
<P><STRONG><a name="[1f]"></a>FLASH_IRQHandler</STRONG> (Thumb, 0 bytes, Stack size 0 bytes, startup_stm32f769xx.o(.text))
<BR>[Address Reference Count : 1]<UL><LI> startup_stm32f769xx.o(RESET)
</UL>
<P><STRONG><a name="[4b]"></a>FMC_IRQHandler</STRONG> (Thumb, 0 bytes, Stack size 0 bytes, startup_stm32f769xx.o(.text))
<BR>[Address Reference Count : 1]<UL><LI> startup_stm32f769xx.o(RESET)
</UL>
<P><STRONG><a name="[6b]"></a>FPU_IRQHandler</STRONG> (Thumb, 0 bytes, Stack size 0 bytes, startup_stm32f769xx.o(.text))
<BR>[Address Reference Count : 1]<UL><LI> startup_stm32f769xx.o(RESET)
</UL>
<P><STRONG><a name="[3b]"></a>I2C1_ER_IRQHandler</STRONG> (Thumb, 0 bytes, Stack size 0 bytes, startup_stm32f769xx.o(.text))
<BR>[Address Reference Count : 1]<UL><LI> startup_stm32f769xx.o(RESET)
</UL>
<P><STRONG><a name="[3a]"></a>I2C1_EV_IRQHandler</STRONG> (Thumb, 0 bytes, Stack size 0 bytes, startup_stm32f769xx.o(.text))
<BR>[Address Reference Count : 1]<UL><LI> startup_stm32f769xx.o(RESET)
</UL>
<P><STRONG><a name="[3d]"></a>I2C2_ER_IRQHandler</STRONG> (Thumb, 0 bytes, Stack size 0 bytes, startup_stm32f769xx.o(.text))
<BR>[Address Reference Count : 1]<UL><LI> startup_stm32f769xx.o(RESET)
</UL>
<P><STRONG><a name="[3c]"></a>I2C2_EV_IRQHandler</STRONG> (Thumb, 0 bytes, Stack size 0 bytes, startup_stm32f769xx.o(.text))
<BR>[Address Reference Count : 1]<UL><LI> startup_stm32f769xx.o(RESET)
</UL>
<P><STRONG><a name="[64]"></a>I2C3_ER_IRQHandler</STRONG> (Thumb, 0 bytes, Stack size 0 bytes, startup_stm32f769xx.o(.text))
<BR>[Address Reference Count : 1]<UL><LI> startup_stm32f769xx.o(RESET)
</UL>
<P><STRONG><a name="[63]"></a>I2C3_EV_IRQHandler</STRONG> (Thumb, 0 bytes, Stack size 0 bytes, startup_stm32f769xx.o(.text))
<BR>[Address Reference Count : 1]<UL><LI> startup_stm32f769xx.o(RESET)
</UL>
<P><STRONG><a name="[7a]"></a>I2C4_ER_IRQHandler</STRONG> (Thumb, 0 bytes, Stack size 0 bytes, startup_stm32f769xx.o(.text))
<BR>[Address Reference Count : 1]<UL><LI> startup_stm32f769xx.o(RESET)
</UL>
<P><STRONG><a name="[79]"></a>I2C4_EV_IRQHandler</STRONG> (Thumb, 0 bytes, Stack size 0 bytes, startup_stm32f769xx.o(.text))
<BR>[Address Reference Count : 1]<UL><LI> startup_stm32f769xx.o(RESET)
</UL>
<P><STRONG><a name="[86]"></a>JPEG_IRQHandler</STRONG> (Thumb, 0 bytes, Stack size 0 bytes, startup_stm32f769xx.o(.text))
<BR>[Address Reference Count : 1]<UL><LI> startup_stm32f769xx.o(RESET)
</UL>
<P><STRONG><a name="[77]"></a>LPTIM1_IRQHandler</STRONG> (Thumb, 0 bytes, Stack size 0 bytes, startup_stm32f769xx.o(.text))
<BR>[Address Reference Count : 1]<UL><LI> startup_stm32f769xx.o(RESET)
</UL>
<P><STRONG><a name="[73]"></a>LTDC_ER_IRQHandler</STRONG> (Thumb, 0 bytes, Stack size 0 bytes, startup_stm32f769xx.o(.text))
<BR>[Address Reference Count : 1]<UL><LI> startup_stm32f769xx.o(RESET)
</UL>
<P><STRONG><a name="[72]"></a>LTDC_IRQHandler</STRONG> (Thumb, 0 bytes, Stack size 0 bytes, startup_stm32f769xx.o(.text))
<BR>[Address Reference Count : 1]<UL><LI> startup_stm32f769xx.o(RESET)
</UL>
<P><STRONG><a name="[87]"></a>MDIOS_IRQHandler</STRONG> (Thumb, 0 bytes, Stack size 0 bytes, startup_stm32f769xx.o(.text))
<BR>[Address Reference Count : 1]<UL><LI> startup_stm32f769xx.o(RESET)
</UL>
<P><STRONG><a name="[45]"></a>OTG_FS_WKUP_IRQHandler</STRONG> (Thumb, 0 bytes, Stack size 0 bytes, startup_stm32f769xx.o(.text))
<BR>[Address Reference Count : 1]<UL><LI> startup_stm32f769xx.o(RESET)
</UL>
<P><STRONG><a name="[66]"></a>OTG_HS_EP1_IN_IRQHandler</STRONG> (Thumb, 0 bytes, Stack size 0 bytes, startup_stm32f769xx.o(.text))
<BR>[Address Reference Count : 1]<UL><LI> startup_stm32f769xx.o(RESET)
</UL>
<P><STRONG><a name="[65]"></a>OTG_HS_EP1_OUT_IRQHandler</STRONG> (Thumb, 0 bytes, Stack size 0 bytes, startup_stm32f769xx.o(.text))
<BR>[Address Reference Count : 1]<UL><LI> startup_stm32f769xx.o(RESET)
</UL>
<P><STRONG><a name="[68]"></a>OTG_HS_IRQHandler</STRONG> (Thumb, 0 bytes, Stack size 0 bytes, startup_stm32f769xx.o(.text))
<BR>[Address Reference Count : 1]<UL><LI> startup_stm32f769xx.o(RESET)
</UL>
<P><STRONG><a name="[67]"></a>OTG_HS_WKUP_IRQHandler</STRONG> (Thumb, 0 bytes, Stack size 0 bytes, startup_stm32f769xx.o(.text))
<BR>[Address Reference Count : 1]<UL><LI> startup_stm32f769xx.o(RESET)
</UL>
<P><STRONG><a name="[1c]"></a>PVD_IRQHandler</STRONG> (Thumb, 0 bytes, Stack size 0 bytes, startup_stm32f769xx.o(.text))
<BR>[Address Reference Count : 1]<UL><LI> startup_stm32f769xx.o(RESET)
</UL>
<P><STRONG><a name="[76]"></a>QUADSPI_IRQHandler</STRONG> (Thumb, 0 bytes, Stack size 0 bytes, startup_stm32f769xx.o(.text))
<BR>[Address Reference Count : 1]<UL><LI> startup_stm32f769xx.o(RESET)
</UL>
<P><STRONG><a name="[20]"></a>RCC_IRQHandler</STRONG> (Thumb, 0 bytes, Stack size 0 bytes, startup_stm32f769xx.o(.text))
<BR>[Address Reference Count : 1]<UL><LI> startup_stm32f769xx.o(RESET)
</UL>
<P><STRONG><a name="[6a]"></a>RNG_IRQHandler</STRONG> (Thumb, 0 bytes, Stack size 0 bytes, startup_stm32f769xx.o(.text))
<BR>[Address Reference Count : 1]<UL><LI> startup_stm32f769xx.o(RESET)
</UL>
<P><STRONG><a name="[44]"></a>RTC_Alarm_IRQHandler</STRONG> (Thumb, 0 bytes, Stack size 0 bytes, startup_stm32f769xx.o(.text))
<BR>[Address Reference Count : 1]<UL><LI> startup_stm32f769xx.o(RESET)
</UL>
<P><STRONG><a name="[1e]"></a>RTC_WKUP_IRQHandler</STRONG> (Thumb, 0 bytes, Stack size 0 bytes, startup_stm32f769xx.o(.text))
<BR>[Address Reference Count : 1]<UL><LI> startup_stm32f769xx.o(RESET)
</UL>
<P><STRONG><a name="[71]"></a>SAI1_IRQHandler</STRONG> (Thumb, 0 bytes, Stack size 0 bytes, startup_stm32f769xx.o(.text))
<BR>[Address Reference Count : 1]<UL><LI> startup_stm32f769xx.o(RESET)
</UL>
<P><STRONG><a name="[75]"></a>SAI2_IRQHandler</STRONG> (Thumb, 0 bytes, Stack size 0 bytes, startup_stm32f769xx.o(.text))
<BR>[Address Reference Count : 1]<UL><LI> startup_stm32f769xx.o(RESET)
</UL>
[...]
<LI><a href="#[199]">&gt;&gt;</a>&nbsp;&nbsp;&nbsp;cDevControlEncoder::cDevControlEncoder__sub_object(cDevDigital*, cHwTimer*)
</UL>

<P><STRONG><a name="[16e]"></a>operator new(unsigned)</STRONG> (Thumb, 4 bytes, Stack size 0 bytes, main.o(i._Znwj))
<BR><BR>[Stack]<UL><LI>Max Depth = 48<LI>Call Chain = operator new(unsigned) &rArr; malloc &rArr; __Heap_Full &rArr; __Heap_ProvideMemory &rArr; free
</UL>
<BR>[Calls]<UL><LI><a href="#[12b]">&gt;&gt;</a>&nbsp;&nbsp;&nbsp;malloc
</UL>
<BR>[Called By]<UL><LI><a href="#[16c]">&gt;&gt;</a>&nbsp;&nbsp;&nbsp;Controller::setupField()
</UL>

<P><STRONG><a name="[152]"></a>__ARM_fpclassify</STRONG> (Thumb, 48 bytes, Stack size 8 bytes, fpclassify.o(i.__ARM_fpclassify))
<BR><BR>[Stack]<UL><LI>Max Depth = 8<LI>Call Chain = __ARM_fpclassify
</UL>
<BR>[Called By]<UL><LI><a href="#[151]">&gt;&gt;</a>&nbsp;&nbsp;&nbsp;_printf_fp_dec_real
</UL>

<P><STRONG><a name="[91]"></a>__cxa_pure_virtual</STRONG> (Thumb, 4 bytes, Stack size 0 bytes, lib.o(i.__cxa_pure_virtual))
<BR><BR>[Stack]<UL><LI>Max Depth = 48 + Unknown Stack Size
<LI>Call Chain = __cxa_pure_virtual &rArr; abort &rArr; __rt_SIGABRT &rArr; __rt_SIGABRT_inner &rArr; __default_signal_display &rArr; _ttywrch
</UL>
<BR>[Calls]<UL><LI><a href="#[131]">&gt;&gt;</a>&nbsp;&nbsp;&nbsp;abort
</UL>
<BR>[Address Reference Count : 16]<UL><LI> rtos.o(.constdata__ZTVN5cRTOS4TaskE)
<LI> rtos.o(.constdata__ZTV5cRTOS)
<LI> disp_otm8009a.o(.constdata__ZTV16cHwDisp_OTM8009A)
<LI> lib.o(.constdata__ZTV8cHwTimer)
<LI> lib.o(.constdata__ZTV12cHwI2Cmaster)
<LI> lib.o(.constdata__ZTV17cHwDisplayGraphic)
<LI> lib.o(.constdata__ZTV6cHwADC)
<LI> lib.o(.constdata__ZTV13cDevAnalogOut)
<LI> lib.o(.constdata__ZTV18cDevControlEncoder)
<LI> lib.o(.constdata__ZTV6cHwRTC)
<LI> lib.o(.constdata__ZTV10cHwDisplay)
<LI> lib.o(.constdata__ZTV6cHwDAC)
<LI> lib.o(.constdata__ZTV8cHwTouch)
<LI> lib.o(.constdata__ZTV12cDevAnalogIn)
<LI> lib.o(.constdata__ZTV6cTimer)
<LI> lib.o(.constdata__ZTVN12cTaskHandler4TaskE)
</UL>
<P><STRONG><a name="[19c]"></a>__hardfp_sqrtf</STRONG> (Thumb, 58 bytes, Stack size 16 bytes, sqrtf.o(i.__hardfp_sqrtf))
<BR><BR>[Stack]<UL><LI>Max Depth = 24<LI>Call Chain = __hardfp_sqrtf &rArr; __set_errno
</UL>
<BR>[Calls]<UL><LI><a href="#[13b]">&gt;&gt;</a>&nbsp;&nbsp;&nbsp;__set_errno
</UL>
<BR>[Called By]<UL><LI><a href="#[c5]">&gt;&gt;</a>&nbsp;&nbsp;&nbsp;cDevDisplayGraphic::drawCircle(unsigned short, unsigned short, unsigned short, unsigned short)
</UL>

<P><STRONG><a name="[148]"></a>_is_digit</STRONG> (Thumb, 14 bytes, Stack size 0 bytes, __printf_wp.o(i._is_digit))
<BR><BR>[Called By]<UL><LI><a href="#[142]">&gt;&gt;</a>&nbsp;&nbsp;&nbsp;__printf
</UL>

<P><STRONG><a name="[125]"></a>main</STRONG> (Thumb, 338 bytes, Stack size 120 bytes, main.o(i.main))
<BR><BR>[Stack]<UL><LI>Max Depth = 296 + Unknown Stack Size
<LI>Call Chain = main &rArr; cDevDisplayGraphic::printf(unsigned char, unsigned char, unsigned char, const char*, ...) &rArr; __c89vsprintf &rArr; _printf_char_common &rArr; __printf
</UL>
<BR>[Calls]<UL><LI><a href="#[1ce]">&gt;&gt;</a>&nbsp;&nbsp;&nbsp;__aeabi_f2d
<LI><a href="#[d8]">&gt;&gt;</a>&nbsp;&nbsp;&nbsp;cHwRTC_0::get(cHwRTC::Properties&)
<LI><a href="#[bf]">&gt;&gt;</a>&nbsp;&nbsp;&nbsp;cDevDisplayGraphic::printf(unsigned char, unsigned char, unsigned char, const char*, ...)
<LI><a href="#[bc]">&gt;&gt;</a>&nbsp;&nbsp;&nbsp;cDevControlPointer::get()
<LI><a href="#[196]">&gt;&gt;</a>&nbsp;&nbsp;&nbsp;cDevControlEncoder::get()
<LI><a href="#[9c]">&gt;&gt;</a>&nbsp;&nbsp;&nbsp;cDevAnalogOut::set(float)
<LI><a href="#[98]">&gt;&gt;</a>&nbsp;&nbsp;&nbsp;cDevAnalogIn::get()
<LI><a href="#[96]">&gt;&gt;</a>&nbsp;&nbsp;&nbsp;cDevDigital::get()
<LI><a href="#[1cc]">&gt;&gt;</a>&nbsp;&nbsp;&nbsp;Button::Button(int, int, int, int)
<LI><a href="#[1cd]">&gt;&gt;</a>&nbsp;&nbsp;&nbsp;View::createStartView(Button, Button)
<LI><a href="#[16d]">&gt;&gt;</a>&nbsp;&nbsp;&nbsp;Controller::duringGame(cDevControlPointer::cData)
<LI><a href="#[169]">&gt;&gt;</a>&nbsp;&nbsp;&nbsp;Controller::beforeGame(cDevControlPointer::cData)
</UL>
<BR>[Called By]<UL><LI><a href="#[124]">&gt;&gt;</a>&nbsp;&nbsp;&nbsp;__rt_entry_main
</UL>

<P><STRONG><a name="[11c]"></a>_get_lc_numeric</STRONG> (Thumb, 44 bytes, Stack size 8 bytes, lc_numeric_c.o(locale$$code))
<BR><BR>[Stack]<UL><LI>Max Depth = 8<LI>Call Chain = _get_lc_numeric
</UL>
<BR>[Calls]<UL><LI><a href="#[1cf]">&gt;&gt;</a>&nbsp;&nbsp;&nbsp;strcmp
</UL>
<BR>[Called By]<UL><LI><a href="#[11b]">&gt;&gt;</a>&nbsp;&nbsp;&nbsp;__rt_lib_init_lc_numeric_2
</UL>

<P><STRONG><a name="[8c]"></a>_get_lc_ctype</STRONG> (Thumb, 44 bytes, Stack size 8 bytes, lc_ctype_c.o(locale$$code))
<BR><BR>[Stack]<UL><LI>Max Depth = 8<LI>Call Chain = _get_lc_ctype
</UL>
<BR>[Calls]<UL><LI><a href="#[1cf]">&gt;&gt;</a>&nbsp;&nbsp;&nbsp;strcmp
</UL>
<BR>[Called By]<UL><LI><a href="#[11a]">&gt;&gt;</a>&nbsp;&nbsp;&nbsp;__rt_lib_init_lc_ctype_2
</UL>
<BR>[Address Reference Count : 1]<UL><LI> rt_ctype_table.o(.text)
</UL>
<P><STRONG><a name="[19b]"></a>T1 RANGE&lang;short&rang;(T1, T1, T1)</STRONG> (Thumb, 16 bytes, Stack size 0 bytes, lib.o(t._Z5RANGEIsET_S0_S0_S0_))
<BR><BR>[Called By]<UL><LI><a href="#[bc]">&gt;&gt;</a>&nbsp;&nbsp;&nbsp;cDevControlPointer::get()
</UL>

<P><STRONG><a name="[197]"></a>cFifo&lang;cDevControlEncoder::tEvent&rang;::isFull()</STRONG> (Thumb, 30 bytes, Stack size 4 bytes, lib.o(t._ZN5cFifoIN18cDevControlEncoder6tEventEE6isFullEv))
<BR><BR>[Stack]<UL><LI>Max Depth = 4<LI>Call Chain = cFifo&lang;cDevControlEncoder::tEvent&rang;::isFull()
</UL>
<BR>[Calls]<UL><LI><a href="#[162]">&gt;&gt;</a>&nbsp;&nbsp;&nbsp;cSystem::disableInterrupt()
<LI><a href="#[164]">&gt;&gt;</a>&nbsp;&nbsp;&nbsp;cSystem::enableInterrupt()
</UL>
<BR>[Called By]<UL><LI><a href="#[ba]">&gt;&gt;</a>&nbsp;&nbsp;&nbsp;cDevControlEncoder::update()
</UL>

<P><STRONG><a name="[198]"></a>cFifo&lang;cDevControlEncoder::tEvent&rang;::operator &lang;&lang;(const cDevControlEncoder::tEvent&)</STRONG> (Thumb, 62 bytes, Stack size 12 bytes, lib.o(t._ZN5cFifoIN18cDevControlEncoder6tEventEElsERKS1_))
<BR><BR>[Stack]<UL><LI>Max Depth = 12<LI>Call Chain = cFifo&lang;cDevControlEncoder::tEvent&rang;::operator &lang;&lang;(const cDevControlEncoder::tEvent&)
</UL>
<BR>[Calls]<UL><LI><a href="#[162]">&gt;&gt;</a>&nbsp;&nbsp;&nbsp;cSystem::disableInterrupt()
<LI><a href="#[164]">&gt;&gt;</a>&nbsp;&nbsp;&nbsp;cSystem::enableInterrupt()
</UL>
<BR>[Called By]<UL><LI><a href="#[ba]">&gt;&gt;</a>&nbsp;&nbsp;&nbsp;cDevControlEncoder::update()
</UL>

<P><STRONG><a name="[d9]"></a>cRTOS_RR&lang;(unsigned char)3&rang;::add(unsigned)</STRONG> (Thumb, 46 bytes, Stack size 8 bytes, main.o(t._ZN8cRTOS_RRILh3EE3addEj))
<BR><BR>[Stack]<UL><LI>Max Depth = 8<LI>Call Chain = cRTOS_RR&lang;(unsigned char)3&rang;::add(unsigned)
</UL>
<BR>[Address Reference Count : 1]<UL><LI> main.o(.constdata__ZTV8cRTOS_RRILh3EE)
</UL>
<P><STRONG><a name="[da]"></a>cRTOS_RR&lang;(unsigned char)3&rang;::del(int)</STRONG> (Thumb, 14 bytes, Stack size 0 bytes, main.o(t._ZN8cRTOS_RRILh3EE3delEi))
<BR>[Address Reference Count : 1]<UL><LI> main.o(.constdata__ZTV8cRTOS_RRILh3EE)
</UL>
<P><STRONG><a name="[db]"></a>cRTOS_RR&lang;(unsigned char)3&rang;::get(int)</STRONG> (Thumb, 8 bytes, Stack size 0 bytes, main.o(t._ZN8cRTOS_RRILh3EE3getEi))
<BR>[Address Reference Count : 1]<UL><LI> main.o(.constdata__ZTV8cRTOS_RRILh3EE)
</UL>
<P><STRONG><a name="[dc]"></a>cRTOS_RR&lang;(unsigned char)3&rang;::scheduler(unsigned, bool)</STRONG> (Thumb, 64 bytes, Stack size 0 bytes, main.o(t._ZN8cRTOS_RRILh3EE9schedulerEjb))
<BR>[Address Reference Count : 1]<UL><LI> main.o(.constdata__ZTV8cRTOS_RRILh3EE)
</UL>
<P><STRONG><a name="[174]"></a>__aeabi_d2f</STRONG> (Thumb, 0 bytes, Stack size 32 bytes, d2f.o(x$fpl$d2f))
<BR><BR>[Stack]<UL><LI>Max Depth = 32<LI>Call Chain = __aeabi_d2f
</UL>
<BR>[Called By]<UL><LI><a href="#[16f]">&gt;&gt;</a>&nbsp;&nbsp;&nbsp;cHwTimer_N::cHwTimer_N(cHwTimer_N::TimerId, unsigned)
</UL>

<P><STRONG><a name="[1d0]"></a>_d2f</STRONG> (Thumb, 98 bytes, Stack size 32 bytes, d2f.o(x$fpl$d2f), UNUSED)
<BR><BR>[Calls]<UL><LI><a href="#[1d1]">&gt;&gt;</a>&nbsp;&nbsp;&nbsp;__fpl_fretinf
<LI><a href="#[1d2]">&gt;&gt;</a>&nbsp;&nbsp;&nbsp;__fpl_dnaninf
</UL>

<P><STRONG><a name="[22f]"></a>__aeabi_dadd</STRONG> (Thumb, 0 bytes, Stack size 16 bytes, daddsub_clz.o(x$fpl$dadd), UNUSED)

<P><STRONG><a name="[1d3]"></a>_dadd</STRONG> (Thumb, 332 bytes, Stack size 16 bytes, daddsub_clz.o(x$fpl$dadd), UNUSED)
<BR><BR>[Calls]<UL><LI><a href="#[1d4]">&gt;&gt;</a>&nbsp;&nbsp;&nbsp;_dsub1
<LI><a href="#[1d5]">&gt;&gt;</a>&nbsp;&nbsp;&nbsp;__fpl_dretinf
<LI><a href="#[1d2]">&gt;&gt;</a>&nbsp;&nbsp;&nbsp;__fpl_dnaninf
</UL>

<P><STRONG><a name="[175]"></a>__aeabi_ddiv</STRONG> (Thumb, 0 bytes, Stack size 32 bytes, ddiv.o(x$fpl$ddiv))
<BR><BR>[Stack]<UL><LI>Max Depth = 32<LI>Call Chain = __aeabi_ddiv
</UL>
<BR>[Called By]<UL><LI><a href="#[1a0]">&gt;&gt;</a>&nbsp;&nbsp;&nbsp;cHwDSI::Init(unsigned short, unsigned short, bool)
<LI><a href="#[16f]">&gt;&gt;</a>&nbsp;&nbsp;&nbsp;cHwTimer_N::cHwTimer_N(cHwTimer_N::TimerId, unsigned)
</UL>

<P><STRONG><a name="[1d6]"></a>_ddiv</STRONG> (Thumb, 552 bytes, Stack size 32 bytes, ddiv.o(x$fpl$ddiv), UNUSED)
<BR><BR>[Calls]<UL><LI><a href="#[1d5]">&gt;&gt;</a>&nbsp;&nbsp;&nbsp;__fpl_dretinf
<LI><a href="#[1d2]">&gt;&gt;</a>&nbsp;&nbsp;&nbsp;__fpl_dnaninf
</UL>

<P><STRONG><a name="[176]"></a>__aeabi_d2uiz</STRONG> (Thumb, 0 bytes, Stack size 32 bytes, dfixu.o(x$fpl$dfixu))
<BR><BR>[Stack]<UL><LI>Max Depth = 32<LI>Call Chain = __aeabi_d2uiz
</UL>
<BR>[Called By]<UL><LI><a href="#[1a0]">&gt;&gt;</a>&nbsp;&nbsp;&nbsp;cHwDSI::Init(unsigned short, unsigned short, bool)
<LI><a href="#[16f]">&gt;&gt;</a>&nbsp;&nbsp;&nbsp;cHwTimer_N::cHwTimer_N(cHwTimer_N::TimerId, unsigned)
<LI><a href="#[ee]">&gt;&gt;</a>&nbsp;&nbsp;&nbsp;__sti___8_main_cpp_sys
</UL>

<P><STRONG><a name="[1d7]"></a>_dfixu</STRONG> (Thumb, 90 bytes, Stack size 32 bytes, dfixu.o(x$fpl$dfixu), UNUSED)
<BR><BR>[Calls]<UL><LI><a href="#[1d2]">&gt;&gt;</a>&nbsp;&nbsp;&nbsp;__fpl_dnaninf
</UL>

<P><STRONG><a name="[172]"></a>__aeabi_ui2d</STRONG> (Thumb, 0 bytes, Stack size 0 bytes, dflt_clz.o(x$fpl$dfltu))
<BR><BR>[Called By]<UL><LI><a href="#[16f]">&gt;&gt;</a>&nbsp;&nbsp;&nbsp;cHwTimer_N::cHwTimer_N(cHwTimer_N::TimerId, unsigned)
<LI><a href="#[ee]">&gt;&gt;</a>&nbsp;&nbsp;&nbsp;__sti___8_main_cpp_sys
</UL>

<P><STRONG><a name="[230]"></a>_dfltu</STRONG> (Thumb, 38 bytes, Stack size 0 bytes, dflt_clz.o(x$fpl$dfltu), UNUSED)

<P><STRONG><a name="[173]"></a>__aeabi_dmul</STRONG> (Thumb, 0 bytes, Stack size 32 bytes, dmul.o(x$fpl$dmul))
<BR><BR>[Stack]<UL><LI>Max Depth = 32<LI>Call Chain = __aeabi_dmul
</UL>
<BR>[Called By]<UL><LI><a href="#[1a0]">&gt;&gt;</a>&nbsp;&nbsp;&nbsp;cHwDSI::Init(unsigned short, unsigned short, bool)
<LI><a href="#[16f]">&gt;&gt;</a>&nbsp;&nbsp;&nbsp;cHwTimer_N::cHwTimer_N(cHwTimer_N::TimerId, unsigned)
<LI><a href="#[ee]">&gt;&gt;</a>&nbsp;&nbsp;&nbsp;__sti___8_main_cpp_sys
</UL>

<P><STRONG><a name="[1d8]"></a>_dmul</STRONG> (Thumb, 332 bytes, Stack size 32 bytes, dmul.o(x$fpl$dmul), UNUSED)
<BR><BR>[Calls]<UL><LI><a href="#[1d5]">&gt;&gt;</a>&nbsp;&nbsp;&nbsp;__fpl_dretinf
<LI><a href="#[1d2]">&gt;&gt;</a>&nbsp;&nbsp;&nbsp;__fpl_dnaninf
</UL>

<P><STRONG><a name="[1d2]"></a>__fpl_dnaninf</STRONG> (Thumb, 156 bytes, Stack size 16 bytes, dnaninf.o(x$fpl$dnaninf), UNUSED)
<BR><BR>[Called By]<UL><LI><a href="#[1d8]">&gt;&gt;</a>&nbsp;&nbsp;&nbsp;_dmul
<LI><a href="#[1d7]">&gt;&gt;</a>&nbsp;&nbsp;&nbsp;_dfixu
<LI><a href="#[1d6]">&gt;&gt;</a>&nbsp;&nbsp;&nbsp;_ddiv
<LI><a href="#[1d9]">&gt;&gt;</a>&nbsp;&nbsp;&nbsp;_dsub
<LI><a href="#[1d3]">&gt;&gt;</a>&nbsp;&nbsp;&nbsp;_dadd
<LI><a href="#[1d0]">&gt;&gt;</a>&nbsp;&nbsp;&nbsp;_d2f
</UL>

<P><STRONG><a name="[1d5]"></a>__fpl_dretinf</STRONG> (Thumb, 12 bytes, Stack size 0 bytes, dretinf.o(x$fpl$dretinf), UNUSED)
<BR><BR>[Called By]<UL><LI><a href="#[1db]">&gt;&gt;</a>&nbsp;&nbsp;&nbsp;_f2d
<LI><a href="#[1d8]">&gt;&gt;</a>&nbsp;&nbsp;&nbsp;_dmul
<LI><a href="#[1d6]">&gt;&gt;</a>&nbsp;&nbsp;&nbsp;_ddiv
<LI><a href="#[1d3]">&gt;&gt;</a>&nbsp;&nbsp;&nbsp;_dadd
</UL>

<P><STRONG><a name="[1cb]"></a>__aeabi_dsub</STRONG> (Thumb, 0 bytes, Stack size 32 bytes, daddsub_clz.o(x$fpl$dsub))
<BR><BR>[Stack]<UL><LI>Max Depth = 32<LI>Call Chain = __aeabi_dsub
</UL>
<BR>[Called By]<UL><LI><a href="#[ee]">&gt;&gt;</a>&nbsp;&nbsp;&nbsp;__sti___8_main_cpp_sys
</UL>

<P><STRONG><a name="[1d9]"></a>_dsub</STRONG> (Thumb, 464 bytes, Stack size 32 bytes, daddsub_clz.o(x$fpl$dsub), UNUSED)
<BR><BR>[Calls]<UL><LI><a href="#[1da]">&gt;&gt;</a>&nbsp;&nbsp;&nbsp;_dadd1
<LI><a href="#[1d2]">&gt;&gt;</a>&nbsp;&nbsp;&nbsp;__fpl_dnaninf
</UL>

<P><STRONG><a name="[1ce]"></a>__aeabi_f2d</STRONG> (Thumb, 0 bytes, Stack size 16 bytes, f2d.o(x$fpl$f2d))
<BR><BR>[Stack]<UL><LI>Max Depth = 16<LI>Call Chain = __aeabi_f2d
</UL>
<BR>[Called By]<UL><LI><a href="#[125]">&gt;&gt;</a>&nbsp;&nbsp;&nbsp;main
</UL>

<P><STRONG><a name="[1db]"></a>_f2d</STRONG> (Thumb, 86 bytes, Stack size 16 bytes, f2d.o(x$fpl$f2d), UNUSED)
<BR><BR>[Calls]<UL><LI><a href="#[1dc]">&gt;&gt;</a>&nbsp;&nbsp;&nbsp;__fpl_fnaninf
<LI><a href="#[1d5]">&gt;&gt;</a>&nbsp;&nbsp;&nbsp;__fpl_dretinf
</UL>

<P><STRONG><a name="[1dc]"></a>__fpl_fnaninf</STRONG> (Thumb, 140 bytes, Stack size 8 bytes, fnaninf.o(x$fpl$fnaninf), UNUSED)
<BR><BR>[Called By]<UL><LI><a href="#[1db]">&gt;&gt;</a>&nbsp;&nbsp;&nbsp;_f2d
</UL>

<P><STRONG><a name="[115]"></a>_fp_init</STRONG> (Thumb, 10 bytes, Stack size 0 bytes, fpinit.o(x$fpl$fpinit))
<BR><BR>[Called By]<UL><LI><a href="#[114]">&gt;&gt;</a>&nbsp;&nbsp;&nbsp;__rt_lib_init_fp_1
</UL>

<P><STRONG><a name="[231]"></a>__fplib_config_fpu_vfp</STRONG> (Thumb, 0 bytes, Stack size unknown bytes, fpinit.o(x$fpl$fpinit), UNUSED)

<P><STRONG><a name="[232]"></a>__fplib_config_pureend_doubles</STRONG> (Thumb, 0 bytes, Stack size unknown bytes, fpinit.o(x$fpl$fpinit), UNUSED)

<P><STRONG><a name="[1d1]"></a>__fpl_fretinf</STRONG> (Thumb, 10 bytes, Stack size 0 bytes, fretinf.o(x$fpl$fretinf), UNUSED)
<BR><BR>[Called By]<UL><LI><a href="#[1d0]">&gt;&gt;</a>&nbsp;&nbsp;&nbsp;_d2f
</UL>

<P><STRONG><a name="[f9]"></a>_printf_fp_dec</STRONG> (Thumb, 4 bytes, Stack size 0 bytes, printf1.o(x$fpl$printf1))
<BR><BR>[Stack]<UL><LI>Max Depth = 324<LI>Call Chain = _printf_fp_dec &rArr; _printf_fp_dec_real &rArr; _fp_digits &rArr; _btod_etento &rArr; _btod_emul &rArr; _e2e
</UL>
<BR>[Calls]<UL><LI><a href="#[151]">&gt;&gt;</a>&nbsp;&nbsp;&nbsp;_printf_fp_dec_real
</UL>
<BR>[Called By]<UL><LI><a href="#[fb]">&gt;&gt;</a>&nbsp;&nbsp;&nbsp;_printf_g
<LI><a href="#[fa]">&gt;&gt;</a>&nbsp;&nbsp;&nbsp;_printf_e
<LI><a href="#[f8]">&gt;&gt;</a>&nbsp;&nbsp;&nbsp;_printf_f
</UL>
<P>
<H3>
Local Symbols
</H3>
<P><STRONG><a name="[ee]"></a>__sti___8_main_cpp_sys</STRONG> (Thumb, 708 bytes, Stack size 48 bytes, main.o(i.__sti___8_main_cpp_sys))
<BR><BR>[Stack]<UL><LI>Max Depth = 156<LI>Call Chain = __sti___8_main_cpp_sys &rArr; cHwI2Cmaster_N::cHwI2Cmaster_N(cHwI2Cmaster_N::I2C_ID, cHwI2Cmaster::MODE, unsigned char) &rArr; cHwPinConfig::set(cHwPinConfig::Function, unsigned) &rArr; cHwPinConfig::set(GPIO_TypeDef*, unsigned char, unsigned, unsigned char)
</UL>
<BR>[Calls]<UL><LI><a href="#[173]">&gt;&gt;</a>&nbsp;&nbsp;&nbsp;__aeabi_dmul
<LI><a href="#[172]">&gt;&gt;</a>&nbsp;&nbsp;&nbsp;__aeabi_ui2d
<LI><a href="#[176]">&gt;&gt;</a>&nbsp;&nbsp;&nbsp;__aeabi_d2uiz
<LI><a href="#[1cb]">&gt;&gt;</a>&nbsp;&nbsp;&nbsp;__aeabi_dsub
<LI><a href="#[133]">&gt;&gt;</a>&nbsp;&nbsp;&nbsp;__aeabi_atexit
<LI><a href="#[1c7]">&gt;&gt;</a>&nbsp;&nbsp;&nbsp;cHwPort_N::cHwPort_N(cHwPort_N::PortId)
<LI><a href="#[1b4]">&gt;&gt;</a>&nbsp;&nbsp;&nbsp;cHwRTC_0::cHwRTC_0(cHwRTC_0::RTC_ClockConfig_t)
<LI><a href="#[1b2]">&gt;&gt;</a>&nbsp;&nbsp;&nbsp;cHwDAC_0::cHwDAC_0()
<LI><a href="#[1b1]">&gt;&gt;</a>&nbsp;&nbsp;&nbsp;cHwADC_0::cHwADC_0(cHwTimer*)
<LI><a href="#[1af]">&gt;&gt;</a>&nbsp;&nbsp;&nbsp;cSystem::cSystem(unsigned char)
<LI><a href="#[178]">&gt;&gt;</a>&nbsp;&nbsp;&nbsp;cHwPort::Pin::Pin(cHwPort&, unsigned char)
<LI><a href="#[1ca]">&gt;&gt;</a>&nbsp;&nbsp;&nbsp;cRTOS::cRTOS__sub_object()
<LI><a href="#[1a6]">&gt;&gt;</a>&nbsp;&nbsp;&nbsp;cRTOS::Timer::Timer(unsigned short)
<LI><a href="#[1a5]">&gt;&gt;</a>&nbsp;&nbsp;&nbsp;cRTOS::Task::Task__sub_object(cRTOS&, unsigned)
<LI><a href="#[b5]">&gt;&gt;</a>&nbsp;&nbsp;&nbsp;cRTOS::Task::Start()
<LI><a href="#[1a1]">&gt;&gt;</a>&nbsp;&nbsp;&nbsp;cDevControlEncoderJoystick::cDevControlEncoderJoystick(cDevDigital*, cDevDigital*, cDevDigital*, cHwTimer*, unsigned short)
<LI><a href="#[19f]">&gt;&gt;</a>&nbsp;&nbsp;&nbsp;cHwDisp_OTM8009Aram::cHwDisp_OTM8009Aram(cHwDSI&, cHwPort::Pin&, cHwDisp_OTM8009A::Orientation, cHwDisplayFont, unsigned char)
<LI><a href="#[19d]">&gt;&gt;</a>&nbsp;&nbsp;&nbsp;cDevDisplayGraphic::cDevDisplayGraphic(cHwDisplayGraphic&)
<LI><a href="#[1c9]">&gt;&gt;</a>&nbsp;&nbsp;&nbsp;cDevControlPointer::cDevControlPointer(cHwTouch&)
<LI><a href="#[18b]">&gt;&gt;</a>&nbsp;&nbsp;&nbsp;cDevAnalogOutDAC::cDevAnalogOutDAC(cHwDAC&, unsigned char, float, float)
<LI><a href="#[189]">&gt;&gt;</a>&nbsp;&nbsp;&nbsp;cHwTouch_FT6206::cHwTouch_FT6206(cHwI2Cmaster&)
<LI><a href="#[188]">&gt;&gt;</a>&nbsp;&nbsp;&nbsp;cDevAnalogInADC::cDevAnalogInADC(cHwADC&, unsigned char, float, float, unsigned char)
<LI><a href="#[186]">&gt;&gt;</a>&nbsp;&nbsp;&nbsp;cHwI2Cmaster_N::cHwI2Cmaster_N(cHwI2Cmaster_N::I2C_ID, cHwI2Cmaster::MODE, unsigned char)
<LI><a href="#[1c8]">&gt;&gt;</a>&nbsp;&nbsp;&nbsp;cHwDisplayFont::cHwDisplayFont(const cHwDisplayFontProperties*, const unsigned char*)
<LI><a href="#[182]">&gt;&gt;</a>&nbsp;&nbsp;&nbsp;cTaskHandler::cTaskHandler(cHwTimer*)
<LI><a href="#[17f]">&gt;&gt;</a>&nbsp;&nbsp;&nbsp;cTaskHandler::Task::Task__sub_object(cTaskHandler&)
<LI><a href="#[177]">&gt;&gt;</a>&nbsp;&nbsp;&nbsp;cDevDigital::cDevDigital(cHwPort&, unsigned char, cDevDigital::Mode, bool)
<LI><a href="#[16f]">&gt;&gt;</a>&nbsp;&nbsp;&nbsp;cHwTimer_N::cHwTimer_N(cHwTimer_N::TimerId, unsigned)
<LI><a href="#[1ac]">&gt;&gt;</a>&nbsp;&nbsp;&nbsp;cHwFMC::cHwFMC(cHwFMC::FMCtype, bool)
</UL>
<BR>[Address Reference Count : 1]<UL><LI> main.o(.init_array)
</UL>
<P><STRONG><a name="[171]"></a>__NVIC_EnableIRQ(IRQn_Type)</STRONG> (Thumb, 26 bytes, Stack size 0 bytes, lib.o(i._Z16__NVIC_EnableIRQ9IRQn_Type))
<BR><BR>[Called By]<UL><LI><a href="#[1b1]">&gt;&gt;</a>&nbsp;&nbsp;&nbsp;cHwADC_0::cHwADC_0(cHwTimer*)
<LI><a href="#[16f]">&gt;&gt;</a>&nbsp;&nbsp;&nbsp;cHwTimer_N::cHwTimer_N(cHwTimer_N::TimerId, unsigned)
</UL>

<P><STRONG><a name="[1da]"></a>_dadd1</STRONG> (Thumb, 0 bytes, Stack size unknown bytes, daddsub_clz.o(x$fpl$dadd), UNUSED)
<BR><BR>[Called By]<UL><LI><a href="#[1d9]">&gt;&gt;</a>&nbsp;&nbsp;&nbsp;_dsub
</UL>

<P><STRONG><a name="[1d4]"></a>_dsub1</STRONG> (Thumb, 0 bytes, Stack size unknown bytes, daddsub_clz.o(x$fpl$dsub), UNUSED)
<BR><BR>[Called By]<UL><LI><a href="#[1d3]">&gt;&gt;</a>&nbsp;&nbsp;&nbsp;_dadd
</UL>

<P><STRONG><a name="[8b]"></a>_printf_input_char</STRONG> (Thumb, 10 bytes, Stack size 0 bytes, _printf_char_common.o(.text))
<BR>[Address Reference Count : 1]<UL><LI> _printf_char_common.o(.text)
</UL>
<P><STRONG><a name="[14c]"></a>_fp_digits</STRONG> (Thumb, 432 bytes, Stack size 96 bytes, _printf_fp_dec.o(.text))
<BR><BR>[Stack]<UL><LI>Max Depth = 220<LI>Call Chain = _fp_digits &rArr; _btod_etento &rArr; _btod_emul &rArr; _e2e
</UL>
<BR>[Calls]<UL><LI><a href="#[150]">&gt;&gt;</a>&nbsp;&nbsp;&nbsp;_btod_emul
<LI><a href="#[14f]">&gt;&gt;</a>&nbsp;&nbsp;&nbsp;_btod_ediv
<LI><a href="#[14e]">&gt;&gt;</a>&nbsp;&nbsp;&nbsp;_btod_d2e
<LI><a href="#[14d]">&gt;&gt;</a>&nbsp;&nbsp;&nbsp;_btod_etento
<LI><a href="#[145]">&gt;&gt;</a>&nbsp;&nbsp;&nbsp;_ll_udiv10
</UL>
<BR>[Called By]<UL><LI><a href="#[151]">&gt;&gt;</a>&nbsp;&nbsp;&nbsp;_printf_fp_dec_real
</UL>
<P>
<H3>
Undefined Global Symbols
</H3><HR></body></html>
