Component: ARM Compiler 5.06 update 5 (build 528) Tool: armlink [4d35e2]

==============================================================================

Section Cross References

    main.o(i.__sti___8_main_cpp_sys) refers to lib.o(i._ZN7cSystemC1Eh) for cSystem::cSystem(unsigned char)
    main.o(i.__sti___8_main_cpp_sys) refers to lib.o(i._ZN10cHwTimer_NC1ENS_7TimerIdEj) for cHwTimer_N::cHwTimer_N(cHwTimer_N::TimerId, unsigned)
    main.o(i.__sti___8_main_cpp_sys) refers to lib.o(i._ZN9cHwPort_NC1ENS_6PortIdE) for cHwPort_N::cHwPort_N(cHwPort_N::PortId)
    main.o(i.__sti___8_main_cpp_sys) refers to lib.o(i._ZN8cHwADC_0C1EP8cHwTimer) for cHwADC_0::cHwADC_0(cHwTimer*)
    main.o(i.__sti___8_main_cpp_sys) refers to lib.o(i._ZN8cHwDAC_0C1Ev) for cHwDAC_0::cHwDAC_0()
    main.o(i.__sti___8_main_cpp_sys) refers to lib.o(i._ZN14cHwSPImaster_NC1ENS_6SPI_IDEN12cHwSPImaster4MODEENS1_11ClockPolPhaE) for cHwSPImaster_N::cHwSPImaster_N(cHwSPImaster_N::SPI_ID, cHwSPImaster::MODE, cHwSPImaster::ClockPolPha)
    main.o(i.__sti___8_main_cpp_sys) refers to main.o(i._ZN12cHwSPImaster6DeviceC1ERS_R7cHwPorth) for cHwSPImaster::Device::Device(cHwSPImaster&, cHwPort&, unsigned char)
    main.o(i.__sti___8_main_cpp_sys) refers to disp_dip204spi.o(i._ZN17cHwDisp_DIP204spiC1ERN12cHwSPImaster6DeviceE) for cHwDisp_DIP204spi::cHwDisp_DIP204spi(cHwSPImaster::Device&)
    main.o(i.__sti___8_main_cpp_sys) refers to lib.o(i._ZN15cDevDisplayCharC1ER10cHwDisplay) for cDevDisplayChar::cDevDisplayChar(cHwDisplay&)
    main.o(i.__sti___8_main_cpp_sys) refers to lib.o(i._ZN11cDevDigitalC1ER7cHwPorthNS_4ModeEb) for cDevDigital::cDevDigital(cHwPort&, unsigned char, cDevDigital::Mode, bool)
    main.o(i.__sti___8_main_cpp_sys) refers to lib.o(i._ZN28cDevControlEncoderRotaryKnobC1EP11cDevDigitalS1_S1_P8cHwTimer) for cDevControlEncoderRotaryKnob::cDevControlEncoderRotaryKnob(cDevDigital*, cDevDigital*, cDevDigital*, cHwTimer*)
    main.o(i.__sti___8_main_cpp_sys) refers to main.o(.data) for sys
    main.o(i.__sti___8_main_cpp_sys) refers to main.o(.bss) for timerFast
    main.o(i.main) refers to lib.o(i._ZN15cDevDisplayChar6printfEhhhPKcz) for cDevDisplayChar::printf(unsigned char, unsigned char, unsigned char, const char*, ...)
    main.o(i.main) refers to lib.o(i._ZN11cDevDigital3getEv) for cDevDigital::get()
    main.o(i.main) refers to lib.o(i._ZN18cDevControlEncoder3getEv) for cDevControlEncoder::get()
    main.o(i.main) refers to lib.o(i._ZN11cDevDigital3setEb) for cDevDigital::set(bool)
    main.o(i.main) refers to lib.o(i._ZN15cDevDisplayChar7refreshEv) for cDevDisplayChar::refresh()
    main.o(i.main) refers to main.o(.data) for adc
    main.o(i.main) refers to main.o(.bss) for btnPlus
    main.o(.ARM.exidx) refers to main.o(i.main) for i.main
    main.o(.ARM.exidx) refers to main.o(i.__sti___8_main_cpp_sys) for i.__sti___8_main_cpp_sys
    main.o(.data) refers to main.o(.bss) for adc0
    main.o(.init_array) refers to main.o(i.__sti___8_main_cpp_sys) for __sti___8_main_cpp_sys
    main.o(.init_array) refers to init_aeabi.o(.text) for __cpp_initialize__aeabi_
    lib.o(i.ADC1_IRQHandler) refers to lib.o(.data) for cHwADC_0::adcPtr
    lib.o(i.PendSV_Handler) refers to rtoscontext.o(.text) for save_context
    lib.o(i.PendSV_Handler) refers to lib.o(.data) for stackPointer
    lib.o(i.SysTick_Handler) refers to rtoscontext.o(.text) for save_context
    lib.o(i.SysTick_Handler) refers to lib.o(.data) for stackPointer
    lib.o(i.TIM2_IRQHandler) refers to lib.o(i._ZN10cHwTimer_N3isrEv) for cHwTimer_N::isr()
    lib.o(i.TIM2_IRQHandler) refers to lib.o(.data) for cHwTimer_N::timerPtr_2
    lib.o(i.TIM3_IRQHandler) refers to lib.o(i._ZN10cHwTimer_N3isrEv) for cHwTimer_N::isr()
    lib.o(i.TIM3_IRQHandler) refers to lib.o(.data) for cHwTimer_N::timerPtr_3
    lib.o(i.TIM4_IRQHandler) refers to lib.o(i._ZN10cHwTimer_N3isrEv) for cHwTimer_N::isr()
    lib.o(i.TIM4_IRQHandler) refers to lib.o(.data) for cHwTimer_N::timerPtr_4
    lib.o(i.TIM5_IRQHandler) refers to lib.o(i._ZN10cHwTimer_N3isrEv) for cHwTimer_N::isr()
    lib.o(i.TIM5_IRQHandler) refers to lib.o(.data) for cHwTimer_N::timerPtr_5
    lib.o(i.TIM6_IRQHandler) refers to lib.o(i._ZN10cHwTimer_N3isrEv) for cHwTimer_N::isr()
    lib.o(i.TIM6_IRQHandler) refers to lib.o(.data) for cHwTimer_N::timerPtr_6
    lib.o(i.TIM7_IRQHandler) refers to lib.o(i._ZN10cHwTimer_N3isrEv) for cHwTimer_N::isr()
    lib.o(i.TIM7_IRQHandler) refers to lib.o(.data) for cHwTimer_N::timerPtr_7
    lib.o(i.USART1_IRQHandler) refers to lib.o(i._ZN9cHwUART_N3isrEv) for cHwUART_N::isr()
    lib.o(i.USART1_IRQHandler) refers to lib.o(.data) for cHwUART_N::uartPtr_1
    lib.o(i.USART2_IRQHandler) refers to lib.o(i._ZN9cHwUART_N3isrEv) for cHwUART_N::isr()
    lib.o(i.USART2_IRQHandler) refers to lib.o(.data) for cHwUART_N::uartPtr_2
    lib.o(i.USART3_IRQHandler) refers to lib.o(i._ZN9cHwUART_N3isrEv) for cHwUART_N::isr()
    lib.o(i.USART3_IRQHandler) refers to lib.o(.data) for cHwUART_N::uartPtr_3
[...]
    STACK                                    0x20000e90   Section     3072  startup_stm32l1xx_mdp.o(STACK)
    Stack_Mem                                0x20000e90   Data        3072  startup_stm32l1xx_mdp.o(STACK)
    __initial_sp                             0x20001a90   Data           0  startup_stm32l1xx_mdp.o(STACK)

    Global Symbols

    Symbol Name                              Value     Ov Type        Size  Object(Section)

    BuildAttributes$$THM_ISAv4$P$D$K$B$S$PE$A:L22UL41UL21$X:L11$S22US41US21$IEEE1$IW$USESV6$~STKCKD$USESV7$~SHL$OTIME$ROPI$IEEEJ$EBA8$UX$STANDARDLIB$REQ8$PRES8$EABIv2 0x00000000   Number         0  anon$$obj.o ABSOLUTE
    __ARM_use_no_argv                        0x00000000   Number         0  main.o ABSOLUTE
    _printf_flags                            0x00000000   Number         0  printf_stubs.o ABSOLUTE
    _printf_return_value                     0x00000000   Number         0  printf_stubs.o ABSOLUTE
    _printf_sizespec                         0x00000000   Number         0  printf_stubs.o ABSOLUTE
    _printf_widthprec                        0x00000000   Number         0  printf_stubs.o ABSOLUTE
    SHT$$ARM_EXIDX$$Base                      - Undefined Reference
    SHT$$ARM_EXIDX$$Limit                     - Undefined Reference
    __ARM::default_unexpected_handler()       - Undefined Weak Reference
    __ARM_exceptions_buffer_required          - Undefined Weak Reference
    __ARM_exceptions_init                     - Undefined Weak Reference
    __aeabi_unwind_cpp_pr1                    - Undefined Weak Reference
    __aeabi_unwind_cpp_pr2                    - Undefined Weak Reference
    __alloca_initialize                       - Undefined Weak Reference
    __arm_preinit_                            - Undefined Weak Reference
    __cxa_begin_cleanup                       - Undefined Weak Reference
    __cxa_call_unexpected                     - Undefined Weak Reference
    __cxa_finalize                            - Undefined Weak Reference
    __cxa_type_match                          - Undefined Weak Reference
    __sigvec_lookup                           - Undefined Weak Reference
    __user_heap_extent                        - Undefined Weak Reference
    _atexit_init                              - Undefined Weak Reference
    _call_atexit_fns                          - Undefined Weak Reference
    _clock_init                               - Undefined Weak Reference
    _fp_trap_init                             - Undefined Weak Reference
    _fp_trap_shutdown                         - Undefined Weak Reference
    _get_lc_collate                           - Undefined Weak Reference
    _get_lc_monetary                          - Undefined Weak Reference
    _get_lc_time                              - Undefined Weak Reference
    _getenv_init                              - Undefined Weak Reference
    _handle_redirection                       - Undefined Weak Reference
    _initio                                   - Undefined Weak Reference
    _mutex_acquire                            - Undefined Weak Reference
    _mutex_free                               - Undefined Weak Reference
    _mutex_release                            - Undefined Weak Reference
    _printf_fp_hex                            - Undefined Weak Reference
    _printf_mbtowc                            - Undefined Weak Reference
    _printf_wc                                - Undefined Weak Reference
    _rand_init                                - Undefined Weak Reference
    _signal_finish                            - Undefined Weak Reference
    _signal_init                              - Undefined Weak Reference
    _terminateio                              - Undefined Weak Reference
    __Vectors_Size                           0x00000124   Number         0  startup_stm32l1xx_mdp.o ABSOLUTE
    __Vectors                                0x08000000   Data           4  startup_stm32l1xx_mdp.o(RESET)
    __Vectors_End                            0x08000124   Data           0  startup_stm32l1xx_mdp.o(RESET)
    __main                                   0x08000125   Thumb Code     8  __main.o(!!!main)
    __scatterload                            0x0800012d   Thumb Code     0  __scatter.o(!!!scatter)
    __scatterload_rt2                        0x0800012d   Thumb Code    44  __scatter.o(!!!scatter)
    __scatterload_rt2_thumb_only             0x0800012d   Thumb Code     0  __scatter.o(!!!scatter)
    __scatterload_null                       0x0800013b   Thumb Code     0  __scatter.o(!!!scatter)
    __scatterload_copy                       0x08000161   Thumb Code    26  __scatter_copy.o(!!handler_copy)
    __scatterload_zeroinit                   0x0800017d   Thumb Code    28  __scatter_zi.o(!!handler_zi)
    _printf_n                                0x08000199   Thumb Code     0  _printf_n.o(.ARM.Collect$$_printf_percent$$00000001)
    _printf_percent                          0x08000199   Thumb Code     0  _printf_percent.o(.ARM.Collect$$_printf_percent$$00000000)
    _printf_p                                0x0800019f   Thumb Code     0  _printf_p.o(.ARM.Collect$$_printf_percent$$00000002)
    _printf_f                                0x080001a5   Thumb Code     0  _printf_f.o(.ARM.Collect$$_printf_percent$$00000003)
    _printf_e                                0x080001ab   Thumb Code     0  _printf_e.o(.ARM.Collect$$_printf_percent$$00000004)
    _printf_g                                0x080001b1   Thumb Code     0  _printf_g.o(.ARM.Collect$$_printf_percent$$00000005)
    _printf_a                                0x080001b7   Thumb Code     0  _printf_a.o(.ARM.Collect$$_printf_percent$$00000006)
    _printf_ll                               0x080001bd   Thumb Code     0  _printf_ll.o(.ARM.Collect$$_printf_percent$$00000007)
    _printf_i                                0x080001c7   Thumb Code     0  _printf_i.o(.ARM.Collect$$_printf_percent$$00000008)
    _printf_d                                0x080001cd   Thumb Code     0  _printf_d.o(.ARM.Collect$$_printf_percent$$00000009)
    _printf_u                                0x080001d3   Thumb Code     0  _printf_u.o(.ARM.Collect$$_printf_percent$$0000000A)
    _printf_o                                0x080001d9   Thumb Code     0  _printf_o.o(.ARM.Collect$$_printf_percent$$0000000B)
    _printf_x                                0x080001df   Thumb Code     0  _printf_x.o(.ARM.Collect$$_printf_percent$$0000000C)
    _printf_lli                              0x080001e5   Thumb Code     0  _printf_lli.o(.ARM.Collect$$_printf_percent$$0000000D)
    _printf_lld                              0x080001eb   Thumb Code     0  _printf_lld.o(.ARM.Collect$$_printf_percent$$0000000E)
    _printf_llu                              0x080001f1   Thumb Code     0  _printf_llu.o(.ARM.Collect$$_printf_percent$$0000000F)
    _printf_llo                              0x080001f7   Thumb Code     0  _printf_llo.o(.ARM.Collect$$_printf_percent$$00000010)
    _printf_llx                              0x080001fd   Thumb Code     0  _printf_llx.o(.ARM.Collect$$_printf_percent$$00000011)
    _printf_l                                0x08000203   Thumb Code     0  _printf_l.o(.ARM.Collect$$_printf_percent$$00000012)
    _printf_c                                0x0800020d   Thumb Code     0  _printf_c.o(.ARM.Collect$$_printf_percent$$00000013)
    _printf_s                                0x08000213   Thumb Code     0  _printf_s.o(.ARM.Collect$$_printf_percent$$00000014)
    _printf_lc                               0x08000219   Thumb Code     0  _printf_lc.o(.ARM.Collect$$_printf_percent$$00000015)
    _printf_ls                               0x0800021f   Thumb Code     0  _printf_ls.o(.ARM.Collect$$_printf_percent$$00000016)
    _printf_percent_end                      0x08000225   Thumb Code     0  _printf_percent_end.o(.ARM.Collect$$_printf_percent$$00000017)
    __rt_lib_init                            0x08000229   Thumb Code     0  libinit.o(.ARM.Collect$$libinit$$00000000)
    __rt_lib_init_fp_1                       0x0800022b   Thumb Code     0  libinit2.o(.ARM.Collect$$libinit$$00000002)
    __rt_lib_init_heap_2                     0x0800022b   Thumb Code     0  libinit2.o(.ARM.Collect$$libinit$$00000005)
    __rt_lib_init_preinit_1                  0x0800022b   Thumb Code     0  libinit2.o(.ARM.Collect$$libinit$$00000004)
    __rt_lib_init_heap_1                     0x08000233   Thumb Code     0  libinit2.o(.ARM.Collect$$libinit$$0000000A)
    __rt_lib_init_lc_common                  0x08000233   Thumb Code     0  libinit2.o(.ARM.Collect$$libinit$$0000000F)
    __rt_lib_init_rand_1                     0x08000233   Thumb Code     0  libinit2.o(.ARM.Collect$$libinit$$0000000E)
    __rt_lib_init_user_alloc_1               0x08000233   Thumb Code     0  libinit2.o(.ARM.Collect$$libinit$$0000000C)
    __rt_lib_init_lc_collate_1               0x08000239   Thumb Code     0  libinit2.o(.ARM.Collect$$libinit$$00000011)
    __rt_lib_init_lc_ctype_2                 0x08000239   Thumb Code     0  libinit2.o(.ARM.Collect$$libinit$$00000012)
    __rt_lib_init_lc_ctype_1                 0x08000245   Thumb Code     0  libinit2.o(.ARM.Collect$$libinit$$00000013)
    __rt_lib_init_lc_monetary_1              0x08000245   Thumb Code     0  libinit2.o(.ARM.Collect$$libinit$$00000015)
    __rt_lib_init_lc_numeric_2               0x08000245   Thumb Code     0  libinit2.o(.ARM.Collect$$libinit$$00000016)
    __rt_lib_init_alloca_1                   0x0800024f   Thumb Code     0  libinit2.o(.ARM.Collect$$libinit$$0000002E)
    __rt_lib_init_argv_1                     0x0800024f   Thumb Code     0  libinit2.o(.ARM.Collect$$libinit$$0000002C)
    __rt_lib_init_atexit_1                   0x0800024f   Thumb Code     0  libinit2.o(.ARM.Collect$$libinit$$0000001B)
    __rt_lib_init_clock_1                    0x0800024f   Thumb Code     0  libinit2.o(.ARM.Collect$$libinit$$00000021)
    __rt_lib_init_cpp_2                      0x0800024f   Thumb Code     0  libinit2.o(.ARM.Collect$$libinit$$00000031)
    __rt_lib_init_exceptions_1               0x0800024f   Thumb Code     0  libinit2.o(.ARM.Collect$$libinit$$00000030)
    __rt_lib_init_fp_trap_1                  0x0800024f   Thumb Code     0  libinit2.o(.ARM.Collect$$libinit$$0000001F)
    __rt_lib_init_getenv_1                   0x0800024f   Thumb Code     0  libinit2.o(.ARM.Collect$$libinit$$00000023)
    __rt_lib_init_lc_numeric_1               0x0800024f   Thumb Code     0  libinit2.o(.ARM.Collect$$libinit$$00000017)
    __rt_lib_init_lc_time_1                  0x0800024f   Thumb Code     0  libinit2.o(.ARM.Collect$$libinit$$00000019)
    __rt_lib_init_signal_1                   0x0800024f   Thumb Code     0  libinit2.o(.ARM.Collect$$libinit$$0000001D)
    __rt_lib_init_stdio_1                    0x0800024f   Thumb Code     0  libinit2.o(.ARM.Collect$$libinit$$00000025)
    __rt_lib_init_cpp_1                      0x08000253   Thumb Code     0  libinit2.o(.ARM.Collect$$libinit$$00000032)
    __rt_lib_init_return                     0x08000253   Thumb Code     0  libinit2.o(.ARM.Collect$$libinit$$00000033)
    __rt_lib_shutdown                        0x08000255   Thumb Code     0  libshutdown.o(.ARM.Collect$$libshutdown$$00000000)
    __rt_lib_shutdown_cpp_1                  0x08000257   Thumb Code     0  libshutdown2.o(.ARM.Collect$$libshutdown$$00000002)
    __rt_lib_shutdown_fp_trap_1              0x08000257   Thumb Code     0  libshutdown2.o(.ARM.Collect$$libshutdown$$00000007)
    __rt_lib_shutdown_heap_1                 0x08000257   Thumb Code     0  libshutdown2.o(.ARM.Collect$$libshutdown$$0000000F)
    __rt_lib_shutdown_return                 0x08000257   Thumb Code     0  libshutdown2.o(.ARM.Collect$$libshutdown$$00000010)
    __rt_lib_shutdown_signal_1               0x08000257   Thumb Code     0  libshutdown2.o(.ARM.Collect$$libshutdown$$0000000A)
    __rt_lib_shutdown_stdio_1                0x08000257   Thumb Code     0  libshutdown2.o(.ARM.Collect$$libshutdown$$00000004)
    __rt_lib_shutdown_user_alloc_1           0x08000257   Thumb Code     0  libshutdown2.o(.ARM.Collect$$libshutdown$$0000000C)
    __rt_entry                               0x08000259   Thumb Code     0  __rtentry.o(.ARM.Collect$$rtentry$$00000000)
    __rt_entry_presh_1                       0x08000259   Thumb Code     0  __rtentry2.o(.ARM.Collect$$rtentry$$00000002)
    __rt_entry_sh                            0x08000259   Thumb Code     0  __rtentry4.o(.ARM.Collect$$rtentry$$00000004)
    __rt_entry_li                            0x0800025f   Thumb Code     0  __rtentry2.o(.ARM.Collect$$rtentry$$0000000A)
    __rt_entry_postsh_1                      0x0800025f   Thumb Code     0  __rtentry2.o(.ARM.Collect$$rtentry$$00000009)
    __rt_entry_main                          0x08000263   Thumb Code     0  __rtentry2.o(.ARM.Collect$$rtentry$$0000000D)
    __rt_entry_postli_1                      0x08000263   Thumb Code     0  __rtentry2.o(.ARM.Collect$$rtentry$$0000000C)
    __rt_exit                                0x0800026b   Thumb Code     0  rtexit.o(.ARM.Collect$$rtexit$$00000000)
    __rt_exit_ls                             0x0800026d   Thumb Code     0  rtexit2.o(.ARM.Collect$$rtexit$$00000003)
    __rt_exit_prels_1                        0x0800026d   Thumb Code     0  rtexit2.o(.ARM.Collect$$rtexit$$00000002)
    __rt_exit_exit                           0x08000271   Thumb Code     0  rtexit2.o(.ARM.Collect$$rtexit$$00000004)
    Reset_Handler                            0x08000279   Thumb Code     8  startup_stm32l1xx_mdp.o(.text)
    _maybe_terminate_alloc                   0x08000279   Thumb Code     0  maybetermalloc1.o(.emb_text)
    NMI_Handler                              0x08000281   Thumb Code     2  startup_stm32l1xx_mdp.o(.text)
    HardFault_Handler                        0x08000283   Thumb Code     2  startup_stm32l1xx_mdp.o(.text)
    MemManage_Handler                        0x08000285   Thumb Code     2  startup_stm32l1xx_mdp.o(.text)
    BusFault_Handler                         0x08000287   Thumb Code     2  startup_stm32l1xx_mdp.o(.text)
    UsageFault_Handler                       0x08000289   Thumb Code     2  startup_stm32l1xx_mdp.o(.text)
    SVC_Handler                              0x0800028b   Thumb Code     2  startup_stm32l1xx_mdp.o(.text)
    DebugMon_Handler                         0x0800028d   Thumb Code     2  startup_stm32l1xx_mdp.o(.text)
    AES_IRQHandler                           0x08000293   Thumb Code     0  startup_stm32l1xx_mdp.o(.text)
    COMP_ACQ_IRQHandler                      0x08000293   Thumb Code     0  startup_stm32l1xx_mdp.o(.text)
    COMP_IRQHandler                          0x08000293   Thumb Code     0  startup_stm32l1xx_mdp.o(.text)
    DAC_IRQHandler                           0x08000293   Thumb Code     0  startup_stm32l1xx_mdp.o(.text)
    DMA1_Channel1_IRQHandler                 0x08000293   Thumb Code     0  startup_stm32l1xx_mdp.o(.text)
    DMA1_Channel2_IRQHandler                 0x08000293   Thumb Code     0  startup_stm32l1xx_mdp.o(.text)
    DMA1_Channel3_IRQHandler                 0x08000293   Thumb Code     0  startup_stm32l1xx_mdp.o(.text)
    DMA1_Channel4_IRQHandler                 0x08000293   Thumb Code     0  startup_stm32l1xx_mdp.o(.text)
    DMA1_Channel5_IRQHandler                 0x08000293   Thumb Code     0  startup_stm32l1xx_mdp.o(.text)
    DMA1_Channel6_IRQHandler                 0x08000293   Thumb Code     0  startup_stm32l1xx_mdp.o(.text)
    DMA1_Channel7_IRQHandler                 0x08000293   Thumb Code     0  startup_stm32l1xx_mdp.o(.text)
    DMA2_Channel1_IRQHandler                 0x08000293   Thumb Code     0  startup_stm32l1xx_mdp.o(.text)
    DMA2_Channel2_IRQHandler                 0x08000293   Thumb Code     0  startup_stm32l1xx_mdp.o(.text)
    DMA2_Channel3_IRQHandler                 0x08000293   Thumb Code     0  startup_stm32l1xx_mdp.o(.text)
    DMA2_Channel4_IRQHandler                 0x08000293   Thumb Code     0  startup_stm32l1xx_mdp.o(.text)
    DMA2_Channel5_IRQHandler                 0x08000293   Thumb Code     0  startup_stm32l1xx_mdp.o(.text)
    EXTI0_IRQHandler                         0x08000293   Thumb Code     0  startup_stm32l1xx_mdp.o(.text)
    EXTI15_10_IRQHandler                     0x08000293   Thumb Code     0  startup_stm32l1xx_mdp.o(.text)
    EXTI1_IRQHandler                         0x08000293   Thumb Code     0  startup_stm32l1xx_mdp.o(.text)
    EXTI2_IRQHandler                         0x08000293   Thumb Code     0  startup_stm32l1xx_mdp.o(.text)
    EXTI3_IRQHandler                         0x08000293   Thumb Code     0  startup_stm32l1xx_mdp.o(.text)
    EXTI4_IRQHandler                         0x08000293   Thumb Code     0  startup_stm32l1xx_mdp.o(.text)
    EXTI9_5_IRQHandler                       0x08000293   Thumb Code     0  startup_stm32l1xx_mdp.o(.text)
    FLASH_IRQHandler                         0x08000293   Thumb Code     0  startup_stm32l1xx_mdp.o(.text)
    I2C1_ER_IRQHandler                       0x08000293   Thumb Code     0  startup_stm32l1xx_mdp.o(.text)
    I2C1_EV_IRQHandler                       0x08000293   Thumb Code     0  startup_stm32l1xx_mdp.o(.text)
    I2C2_ER_IRQHandler                       0x08000293   Thumb Code     0  startup_stm32l1xx_mdp.o(.text)
    I2C2_EV_IRQHandler                       0x08000293   Thumb Code     0  startup_stm32l1xx_mdp.o(.text)
    LCD_IRQHandler                           0x08000293   Thumb Code     0  startup_stm32l1xx_mdp.o(.text)
    PVD_IRQHandler                           0x08000293   Thumb Code     0  startup_stm32l1xx_mdp.o(.text)
    RCC_IRQHandler                           0x08000293   Thumb Code     0  startup_stm32l1xx_mdp.o(.text)
    RTC_Alarm_IRQHandler                     0x08000293   Thumb Code     0  startup_stm32l1xx_mdp.o(.text)
    RTC_WKUP_IRQHandler                      0x08000293   Thumb Code     0  startup_stm32l1xx_mdp.o(.text)
    SPI1_IRQHandler                          0x08000293   Thumb Code     0  startup_stm32l1xx_mdp.o(.text)
    SPI2_IRQHandler                          0x08000293   Thumb Code     0  startup_stm32l1xx_mdp.o(.text)
    SPI3_IRQHandler                          0x08000293   Thumb Code     0  startup_stm32l1xx_mdp.o(.text)
    TAMPER_STAMP_IRQHandler                  0x08000293   Thumb Code     0  startup_stm32l1xx_mdp.o(.text)
    TIM10_IRQHandler                         0x08000293   Thumb Code     0  startup_stm32l1xx_mdp.o(.text)
    TIM11_IRQHandler                         0x08000293   Thumb Code     0  startup_stm32l1xx_mdp.o(.text)
    TIM9_IRQHandler                          0x08000293   Thumb Code     0  startup_stm32l1xx_mdp.o(.text)
    USB_FS_WKUP_IRQHandler                   0x08000293   Thumb Code     0  startup_stm32l1xx_mdp.o(.text)
    USB_HP_IRQHandler                        0x08000293   Thumb Code     0  startup_stm32l1xx_mdp.o(.text)
    WWDG_IRQHandler                          0x08000293   Thumb Code     0  startup_stm32l1xx_mdp.o(.text)
    __user_initial_stackheap                 0x08000295   Thumb Code     0  startup_stm32l1xx_mdp.o(.text)
    save_context                             0x080002b9   Thumb Code    14  rtoscontext.o(.text)
    load_context                             0x080002c7   Thumb Code    18  rtoscontext.o(.text)
    malloc                                   0x080002d9   Thumb Code    94  h1_alloc.o(.text)
    free                                     0x08000337   Thumb Code    78  h1_free.o(.text)
    __c89vsnprintf                           0x08000385   Thumb Code    48  c89vsnprintf.o(.text)
    abort                                    0x080003b9   Thumb Code    22  abort.o(.text)
    __use_two_region_memory                  0x080003cf   Thumb Code     2  heapauxi.o(.text)
    __rt_heap_escrow                         0x080003d1   Thumb Code     2  heapauxi.o(.text)
    __rt_heap_expand                         0x080003d3   Thumb Code     2  heapauxi.o(.text)
    __cpp_initialize__aeabi_                 0x080003d5   Thumb Code    26  init_aeabi.o(.text)
    _sys_exit                                0x080003f9   Thumb Code     8  sys_exit.o(.text)
    __rt_heap_descriptor                     0x08000405   Thumb Code     8  rt_heap_descriptor_intlibspace.o(.text)
    __use_no_heap                            0x0800040d   Thumb Code     2  hguard.o(.text)
    __heap$guard                             0x0800040f   Thumb Code     2  hguard.o(.text)
    _terminate_user_alloc                    0x08000411   Thumb Code     2  init_alloc.o(.text)
    _init_user_alloc                         0x08000413   Thumb Code     2  init_alloc.o(.text)
    __Heap_Full                              0x08000415   Thumb Code    34  init_alloc.o(.text)
    __Heap_Broken                            0x08000437   Thumb Code     6  init_alloc.o(.text)
    _init_alloc                              0x0800043d   Thumb Code    94  init_alloc.o(.text)
    __Heap_Initialize                        0x0800049b   Thumb Code    10  h1_init.o(.text)
    __Heap_DescSize                          0x080004a5   Thumb Code     4  h1_init.o(.text)
    _printf_pre_padding                      0x080004a9   Thumb Code    44  _printf_pad.o(.text)
    _printf_post_padding                     0x080004d5   Thumb Code    34  _printf_pad.o(.text)
    _printf_truncate_signed                  0x080004f7   Thumb Code    18  _printf_truncate.o(.text)
    _printf_truncate_unsigned                0x08000509   Thumb Code    18  _printf_truncate.o(.text)
    _printf_str                              0x0800051b   Thumb Code    82  _printf_str.o(.text)
    _printf_int_dec                          0x0800056d   Thumb Code   104  _printf_dec.o(.text)
    _printf_charcount                        0x080005e5   Thumb Code    40  _printf_charcount.o(.text)
    _printf_char_common                      0x08000617   Thumb Code    32  _printf_char_common.o(.text)
    _sputc                                   0x0800063d   Thumb Code    10  _sputc.o(.text)
    _snputc                                  0x08000647   Thumb Code    16  _snputc.o(.text)
    _printf_wctomb                           0x08000659   Thumb Code   182  _printf_wctomb.o(.text)
    _printf_longlong_dec                     0x08000715   Thumb Code   108  _printf_longlong_dec.o(.text)
    _printf_longlong_oct                     0x08000791   Thumb Code    66  _printf_oct_int_ll.o(.text)
    _printf_int_oct                          0x080007d3   Thumb Code    24  _printf_oct_int_ll.o(.text)
    _printf_ll_oct                           0x080007eb   Thumb Code    12  _printf_oct_int_ll.o(.text)
    _printf_longlong_hex                     0x08000801   Thumb Code    86  _printf_hex_int_ll_ptr.o(.text)
    _printf_int_hex                          0x08000857   Thumb Code    28  _printf_hex_int_ll_ptr.o(.text)
    _printf_ll_hex                           0x08000873   Thumb Code    12  _printf_hex_int_ll_ptr.o(.text)
    _printf_hex_ptr                          0x0800087f   Thumb Code    18  _printf_hex_int_ll_ptr.o(.text)
    __printf                                 0x08000895   Thumb Code   388  __printf_flags_ss_wp.o(.text)
    __rt_SIGABRT                             0x08000a1d   Thumb Code    14  defsig_abrt_outer.o(.text)
    __user_libspace                          0x08000a2d   Thumb Code     8  libspace.o(.text)
    __user_perproc_libspace                  0x08000a2d   Thumb Code     0  libspace.o(.text)
    __user_perthread_libspace                0x08000a2d   Thumb Code     0  libspace.o(.text)
    __I$use$semihosting                      0x08000a35   Thumb Code     0  use_no_semi.o(.text)
    __use_no_semihosting_swi                 0x08000a35   Thumb Code     2  use_no_semi.o(.text)
    __Heap_ProvideMemory                     0x08000a37   Thumb Code    52  h1_extend.o(.text)
    __semihosting_library_function           0x08000a37   Thumb Code     0  indicate_semi.o(.text)
    _ll_udiv10                               0x08000a6b   Thumb Code   138  lludiv10.o(.text)
    _printf_int_common                       0x08000af5   Thumb Code   178  _printf_intcommon.o(.text)
    __lib_sel_fp_printf                      0x08000ba7   Thumb Code     2  _printf_fp_dec.o(.text)
    _printf_fp_dec_real                      0x08000d59   Thumb Code   620  _printf_fp_dec.o(.text)
    _printf_cs_common                        0x08000fc5   Thumb Code    20  _printf_char.o(.text)
    _printf_char                             0x08000fd9   Thumb Code    16  _printf_char.o(.text)
    _printf_string                           0x08000fe9   Thumb Code     8  _printf_char.o(.text)
    _printf_lcs_common                       0x08000ff1   Thumb Code    20  _printf_wchar.o(.text)
    _printf_wchar                            0x08001005   Thumb Code    16  _printf_wchar.o(.text)
    _printf_wstring                          0x08001015   Thumb Code     8  _printf_wchar.o(.text)
    _wcrtomb                                 0x0800101d   Thumb Code    64  _wcrtomb.o(.text)
    __sig_exit                               0x0800105d   Thumb Code    10  defsig_exit.o(.text)
    __rt_SIGABRT_inner                       0x08001069   Thumb Code    14  defsig_abrt_inner.o(.text)
    __rt_SIGRTMEM                            0x08001099   Thumb Code    14  defsig_rtmem_outer.o(.text)
    __user_setup_stackheap                   0x080010a7   Thumb Code    74  sys_stackheap_outer.o(.text)
    __rt_ctype_table                         0x080010f1   Thumb Code    16  rt_ctype_table.o(.text)
    __rt_locale                              0x08001101   Thumb Code     8  rt_locale_intlibspace.o(.text)
    _printf_fp_infnan                        0x08001109   Thumb Code   112  _printf_fp_infnan.o(.text)
    _btod_etento                             0x08001189   Thumb Code   224  bigflt0.o(.text)
    exit                                     0x0800126d   Thumb Code    18  exit.o(.text)
    __default_signal_display                 0x0800127f   Thumb Code    50  defsig_general.o(.text)
    __rt_SIGRTMEM_inner                      0x080012b1   Thumb Code    22  defsig_rtmem_inner.o(.text)
    _ttywrch                                 0x08001301   Thumb Code    14  sys_wrch.o(.text)
    strcmp                                   0x08001311   Thumb Code   128  strcmpv7m.o(.text)
    _btod_d2e                                0x08001391   Thumb Code    62  btod.o(CL$$btod_d2e)
    _d2e_denorm_low                          0x080013cf   Thumb Code    70  btod.o(CL$$btod_d2e_denorm_low)
    _d2e_norm_op1                            0x08001415   Thumb Code    96  btod.o(CL$$btod_d2e_norm_op1)
    __btod_div_common                        0x08001475   Thumb Code   696  btod.o(CL$$btod_div_common)
    _e2e                                     0x080017ad   Thumb Code   220  btod.o(CL$$btod_e2e)
    _btod_ediv                               0x08001889   Thumb Code    42  btod.o(CL$$btod_ediv)
    _btod_emul                               0x080018b3   Thumb Code    42  btod.o(CL$$btod_emul)
    __btod_mult_common                       0x080018dd   Thumb Code   580  btod.o(CL$$btod_mult_common)
    ADC1_IRQHandler                          0x08001b21   Thumb Code    30  lib.o(i.ADC1_IRQHandler)
    PendSV_Handler                           0x08001b49   Thumb Code    36  lib.o(i.PendSV_Handler)
    SysTick_Handler                          0x08001b75   Thumb Code    46  lib.o(i.SysTick_Handler)
    SystemInit                               0x08001bb1   Thumb Code   300  lib.o(i.SystemInit)
    TIM2_IRQHandler                          0x08001cf5   Thumb Code    12  lib.o(i.TIM2_IRQHandler)
    TIM3_IRQHandler                          0x08001d05   Thumb Code    12  lib.o(i.TIM3_IRQHandler)
    TIM4_IRQHandler                          0x08001d15   Thumb Code    12  lib.o(i.TIM4_IRQHandler)
    TIM5_IRQHandler                          0x08001d25   Thumb Code    12  lib.o(i.TIM5_IRQHandler)
    TIM6_IRQHandler                          0x08001d35   Thumb Code    12  lib.o(i.TIM6_IRQHandler)
    TIM7_IRQHandler                          0x08001d45   Thumb Code    12  lib.o(i.TIM7_IRQHandler)
    USART1_IRQHandler                        0x08001d55   Thumb Code    12  lib.o(i.USART1_IRQHandler)
    USART2_IRQHandler                        0x08001d65   Thumb Code    12  lib.o(i.USART2_IRQHandler)
    USART3_IRQHandler                        0x08001d75   Thumb Code    12  lib.o(i.USART3_IRQHandler)
    USB_LP_IRQHandler                        0x08001d85   Thumb Code    12  lib.o(i.USB_LP_IRQHandler)
    cHwDisplay::cHwDisplay__sub_object(unsigned char, unsigned char) 0x08001db1   Thumb Code    10  lib.o(i._ZN10cHwDisplayC2Ehh)
    cHwTimer_N::isr()                        0x08001dc1   Thumb Code    20  lib.o(i._ZN10cHwTimer_N3isrEv)
    cHwTimer_N::cHwTimer_N(cHwTimer_N::TimerId, unsigned) 0x08001dd5   Thumb Code   390  lib.o(i._ZN10cHwTimer_NC1ENS_7TimerIdEj)
    cHwTimer_N::cHwTimer_N__sub_object(cHwTimer_N::TimerId, unsigned) 0x08001dd5   Thumb Code     0  lib.o(i._ZN10cHwTimer_NC1ENS_7TimerIdEj)
    cDevDigital::get()                       0x08001fad   Thumb Code    26  lib.o(i._ZN11cDevDigital3getEv)
    cDevDigital::set(bool)                   0x08001fc7   Thumb Code    32  lib.o(i._ZN11cDevDigital3setEb)
    cDevDigital::getEvent()                  0x08001fe7   Thumb Code    40  lib.o(i._ZN11cDevDigital8getEventEv)
    cDevDigital::cDevDigital(cHwPort&, unsigned char, cDevDigital::Mode, bool) 0x08002011   Thumb Code    68  lib.o(i._ZN11cDevDigitalC1ER7cHwPorthNS_4ModeEb)
    cDevDigital::cDevDigital__sub_object(cHwPort&, unsigned char, cDevDigital::Mode, bool) 0x08002011   Thumb Code     0  lib.o(i._ZN11cDevDigitalC1ER7cHwPorthNS_4ModeEb)
    cDevDisplay::cDevDisplay__sub_object()   0x08002059   Thumb Code     6  lib.o(i._ZN11cDevDisplayC2Ev)
    cHwPinConfig::set(cHwPinConfig::Function, unsigned) 0x08002065   Thumb Code   124  lib.o(i._ZN12cHwPinConfig3setENS_8FunctionEj)
    cHwPinConfig::set(GPIO_TypeDef*, unsigned char, unsigned, unsigned char) 0x080020ed   Thumb Code   198  lib.o(i._ZN12cHwPinConfig3setEP12GPIO_TypeDefhjh)
    cHwSPImaster::Device::transceive(unsigned char*, unsigned short) 0x080021b3   Thumb Code    58  lib.o(i._ZN12cHwSPImaster6Device10transceiveEPht)
    cHwSPImaster::Device::stop()             0x080021ed   Thumb Code    14  lib.o(i._ZN12cHwSPImaster6Device4stopEv)
    cHwSPImaster::Device::start()            0x080021fb   Thumb Code    14  lib.o(i._ZN12cHwSPImaster6Device5startEv)
    cHwSPImaster::Device::Device(cHwSPImaster&, cHwPort&, unsigned char) 0x08002209   Thumb Code    72  main.o(i._ZN12cHwSPImaster6DeviceC1ERS_R7cHwPorth)
    cHwSPImaster::Device::Device__sub_object(cHwSPImaster&, cHwPort&, unsigned char) 0x08002209   Thumb Code     0  main.o(i._ZN12cHwSPImaster6DeviceC1ERS_R7cHwPorth)
    cHwSPImaster::cHwSPImaster__sub_object() 0x08002255   Thumb Code     6  lib.o(i._ZN12cHwSPImasterC2Ev)
    cHwSPImaster_N::transceiveByte(unsigned char) 0x08002261   Thumb Code    58  lib.o(i._ZN14cHwSPImaster_N14transceiveByteEh)
    cHwSPImaster_N::cHwSPImaster_N(cHwSPImaster_N::SPI_ID, cHwSPImaster::MODE, cHwSPImaster::ClockPolPha) 0x0800229d   Thumb Code   318  lib.o(i._ZN14cHwSPImaster_NC1ENS_6SPI_IDEN12cHwSPImaster4MODEENS1_11ClockPolPhaE)
    cHwSPImaster_N::cHwSPImaster_N__sub_object(cHwSPImaster_N::SPI_ID, cHwSPImaster::MODE, cHwSPImaster::ClockPolPha) 0x0800229d   Thumb Code     0  lib.o(i._ZN14cHwSPImaster_NC1ENS_6SPI_IDEN12cHwSPImaster4MODEENS1_11ClockPolPhaE)
    cDevDisplayChar::printf(unsigned char, unsigned char, unsigned char, const char*, ...) 0x080023f1   Thumb Code   102  lib.o(i._ZN15cDevDisplayChar6printfEhhhPKcz)
    cDevDisplayChar::refresh()               0x08002457   Thumb Code    14  lib.o(i._ZN15cDevDisplayChar7refreshEv)
    cDevDisplayChar::cDevDisplayChar(cHwDisplay&) 0x08002465   Thumb Code    32  lib.o(i._ZN15cDevDisplayCharC1ER10cHwDisplay)
    cDevDisplayChar::cDevDisplayChar__sub_object(cHwDisplay&) 0x08002465   Thumb Code     0  lib.o(i._ZN15cDevDisplayCharC1ER10cHwDisplay)
    cHwDisp_DIP204spi::gotoTextPos(unsigned char, unsigned char) 0x08002489   Thumb Code    46  disp_dip204spi.o(i._ZN17cHwDisp_DIP204spi11gotoTextPosEhh)
    cHwDisp_DIP204spi::init()                0x080024b7   Thumb Code    46  disp_dip204spi.o(i._ZN17cHwDisp_DIP204spi4initEv)
    cHwDisp_DIP204spi::clear()               0x080024e5   Thumb Code    14  disp_dip204spi.o(i._ZN17cHwDisp_DIP204spi5clearEv)
    cHwDisp_DIP204spi::putChar(char)         0x080024f3   Thumb Code    34  disp_dip204spi.o(i._ZN17cHwDisp_DIP204spi7putCharEc)
    cHwDisp_DIP204spi::refresh()             0x08002515   Thumb Code     2  disp_dip204spi.o(i._ZN17cHwDisp_DIP204spi7refreshEv)
    cHwDisp_DIP204spi::waitBusy()            0x08002517   Thumb Code    58  disp_dip204spi.o(i._ZN17cHwDisp_DIP204spi8waitBusyEv)
    cHwDisp_DIP204spi::writeCmd(unsigned char) 0x08002551   Thumb Code    46  disp_dip204spi.o(i._ZN17cHwDisp_DIP204spi8writeCmdEh)
    cHwDisp_DIP204spi::writeDat(unsigned char) 0x0800257f   Thumb Code    46  disp_dip204spi.o(i._ZN17cHwDisp_DIP204spi8writeDatEh)
    cHwDisp_DIP204spi::cHwDisp_DIP204spi(cHwSPImaster::Device&) 0x080025ad   Thumb Code    34  disp_dip204spi.o(i._ZN17cHwDisp_DIP204spiC1ERN12cHwSPImaster6DeviceE)
    cHwDisp_DIP204spi::cHwDisp_DIP204spi__sub_object(cHwSPImaster::Device&) 0x080025ad   Thumb Code     0  disp_dip204spi.o(i._ZN17cHwDisp_DIP204spiC1ERN12cHwSPImaster6DeviceE)
    cDevControlEncoder::get()                0x080025d5   Thumb Code   100  lib.o(i._ZN18cDevControlEncoder3getEv)
    cDevControlEncoder::update()             0x08002639   Thumb Code   134  lib.o(i._ZN18cDevControlEncoder6updateEv)
    cDevControlEncoder::getCtrl()            0x080026bf   Thumb Code    38  lib.o(i._ZN18cDevControlEncoder7getCtrlEv)
    cDevControlEncoder::cDevControlEncoder__sub_object(cDevDigital*, cHwTimer*) 0x080026e5   Thumb Code    84  lib.o(i._ZN18cDevControlEncoderC2EP11cDevDigitalP8cHwTimer)
    cDevControlEncoderRotaryKnob::getIncrement() 0x0800273d   Thumb Code   116  lib.o(i._ZN28cDevControlEncoderRotaryKnob12getIncrementEv)
    cDevControlEncoderRotaryKnob::cDevControlEncoderRotaryKnob(cDevDigital*, cDevDigital*, cDevDigital*, cHwTimer*) 0x080027b1   Thumb Code    42  lib.o(i._ZN28cDevControlEncoderRotaryKnobC1EP11cDevDigitalS1_S1_P8cHwTimer)
    cDevControlEncoderRotaryKnob::cDevControlEncoderRotaryKnob__sub_object(cDevDigital*, cDevDigital*, cDevDigital*, cHwTimer*) 0x080027b1   Thumb Code     0  lib.o(i._ZN28cDevControlEncoderRotaryKnobC1EP11cDevDigitalS1_S1_P8cHwTimer)
    cList::add(cList::Item*)                 0x080027e1   Thumb Code    44  lib.o(i._ZN5cList3addEPNS_4ItemE)
    cList::Item::update()                    0x0800280d   Thumb Code     2  lib.o(i._ZN5cList4Item6updateEv)
    cList::Item::Item(cList*)                0x08002811   Thumb Code    28  lib.o(i._ZN5cList4ItemC1EPS_)
    cList::Item::Item__sub_object(cList*)    0x08002811   Thumb Code     0  lib.o(i._ZN5cList4ItemC1EPS_)
    cList::updateAll()                       0x08002831   Thumb Code    24  lib.o(i._ZN5cList9updateAllEv)
    cList::cList()                           0x08002849   Thumb Code     6  lib.o(i._ZN5cListC1Ev)
    cList::cList__sub_object()               0x08002849   Thumb Code     0  lib.o(i._ZN5cListC1Ev)
    cHwADC::get(unsigned char)               0x0800284f   Thumb Code    40  lib.o(i._ZN6cHwADC3getEh)
    cHwADC::isr()                            0x08002877   Thumb Code    88  lib.o(i._ZN6cHwADC3isrEv)
    cHwADC::enable(unsigned char, unsigned char) 0x080028cf   Thumb Code   106  lib.o(i._ZN6cHwADC6enableEhh)
    cHwADC::update()                         0x08002939   Thumb Code    52  lib.o(i._ZN6cHwADC6updateEv)
    cHwADC::cHwADC__sub_object(unsigned char, cHwTimer*) 0x0800296d   Thumb Code    78  lib.o(i._ZN6cHwADCC2EhP8cHwTimer)
    cHwDAC::cHwDAC__sub_object(unsigned char) 0x080029c1   Thumb Code     8  lib.o(i._ZN6cHwDACC2Eh)
    cHwPort::Pin::clr()                      0x080029cd   Thumb Code    16  lib.o(i._ZN7cHwPort3Pin3clrEv)
    cHwPort::Pin::get()                      0x080029dd   Thumb Code    26  lib.o(i._ZN7cHwPort3Pin3getEv)
    cHwPort::Pin::set(bool)                  0x080029f7   Thumb Code    32  lib.o(i._ZN7cHwPort3Pin3setEb)
    cHwPort::Pin::set()                      0x08002a17   Thumb Code    16  lib.o(i._ZN7cHwPort3Pin3setEv)
    cHwPort::Pin::setMode(cHwPort::Mode)     0x08002a27   Thumb Code    20  lib.o(i._ZN7cHwPort3Pin7setModeENS_4ModeE)
    cHwPort::Pin::Pin(cHwPort&, unsigned char) 0x08002a3d   Thumb Code    20  lib.o(i._ZN7cHwPort3PinC1ERS_h)
    cHwPort::Pin::Pin__sub_object(cHwPort&, unsigned char) 0x08002a3d   Thumb Code     0  lib.o(i._ZN7cHwPort3PinC1ERS_h)
    cSystem::disableWatchdog()               0x08002a55   Thumb Code     2  lib.o(i._ZN7cSystem15disableWatchdogEv)
    cSystem::enableInterrupt()               0x08002a59   Thumb Code    36  lib.o(i._ZN7cSystem15enableInterruptEv)
    cSystem::disableInterrupt()              0x08002a81   Thumb Code    20  lib.o(i._ZN7cSystem16disableInterruptEv)
    cSystem::cSystem(unsigned char)          0x08002a99   Thumb Code    20  lib.o(i._ZN7cSystemC1Eh)
    cSystem::cSystem__sub_object(unsigned char) 0x08002a99   Thumb Code     0  lib.o(i._ZN7cSystemC1Eh)
    cHwADC_0::startCh(unsigned char)         0x08002aad   Thumb Code    26  lib.o(i._ZN8cHwADC_07startChEh)
    cHwADC_0::configCh(unsigned char, unsigned char) 0x08002acd   Thumb Code   118  lib.o(i._ZN8cHwADC_08configChEhh)
    cHwADC_0::getResult()                    0x08002b45   Thumb Code    10  lib.o(i._ZN8cHwADC_09getResultEv)
    cHwADC_0::cHwADC_0(cHwTimer*)            0x08002b55   Thumb Code    90  lib.o(i._ZN8cHwADC_0C1EP8cHwTimer)
    cHwADC_0::cHwADC_0__sub_object(cHwTimer*) 0x08002b55   Thumb Code     0  lib.o(i._ZN8cHwADC_0C1EP8cHwTimer)
    cHwDAC_0::set(unsigned short, unsigned char) 0x08002bc1   Thumb Code    40  lib.o(i._ZN8cHwDAC_03setEth)
    cHwDAC_0::enable(unsigned char)          0x08002bed   Thumb Code    62  lib.o(i._ZN8cHwDAC_06enableEh)
    cHwDAC_0::cHwDAC_0()                     0x08002c31   Thumb Code    34  lib.o(i._ZN8cHwDAC_0C1Ev)
    cHwDAC_0::cHwDAC_0__sub_object()         0x08002c31   Thumb Code     0  lib.o(i._ZN8cHwDAC_0C1Ev)
    cHwTimer::isrHandler()                   0x08002c5d   Thumb Code    14  lib.o(i._ZN8cHwTimer10isrHandlerEv)
    cHwTimer::add(cList::Item*)              0x08002c6b   Thumb Code    18  lib.o(i._ZN8cHwTimer3addEPN5cList4ItemE)
    cHwUSB_0::isr()                          0x08002c7d   Thumb Code   166  lib.o(i._ZN8cHwUSB_03isrEv)
    cHwUSB_0::EPconfig::clrCTR_RX()          0x08002d2d   Thumb Code    12  lib.o(i._ZN8cHwUSB_08EPconfig9clrCTR_RXEv)
    cHwUSB_0::EPconfig::clrCTR_TX()          0x08002d39   Thumb Code    12  lib.o(i._ZN8cHwUSB_08EPconfig9clrCTR_TXEv)
    cHwPort_N::setPinMode(unsigned char, cHwPort::Mode) 0x08002d45   Thumb Code   136  lib.o(i._ZN9cHwPort_N10setPinModeEhN7cHwPort4ModeE)
    cHwPort_N::clr(unsigned)                 0x08002dcd   Thumb Code     6  lib.o(i._ZN9cHwPort_N3clrEj)
    cHwPort_N::get()                         0x08002dd3   Thumb Code     8  lib.o(i._ZN9cHwPort_N3getEv)
    cHwPort_N::set(unsigned)                 0x08002ddb   Thumb Code     6  lib.o(i._ZN9cHwPort_N3setEj)
    cHwPort_N::cHwPort_N(cHwPort_N::PortId)  0x08002de1   Thumb Code   176  lib.o(i._ZN9cHwPort_NC1ENS_6PortIdE)
    cHwPort_N::cHwPort_N__sub_object(cHwPort_N::PortId) 0x08002de1   Thumb Code     0  lib.o(i._ZN9cHwPort_NC1ENS_6PortIdE)
    cHwUART_N::isr()                         0x08002ebd   Thumb Code    50  lib.o(i._ZN9cHwUART_N3isrEv)
    operator new[] (unsigned)                0x08002eef   Thumb Code    12  lib.o(i._Znaj)
    __ARM_fpclassify                         0x08002efb   Thumb Code    40  fpclassify.o(i.__ARM_fpclassify)
    __cxa_pure_virtual                       0x08002f23   Thumb Code     4  lib.o(i.__cxa_pure_virtual)
    _is_digit                                0x08003079   Thumb Code    14  __printf_wp.o(i._is_digit)
    main                                     0x08003089   Thumb Code   322  main.o(i.main)
    _get_lc_numeric                          0x08003235   Thumb Code    44  lc_numeric_c.o(locale$$code)
    _get_lc_ctype                            0x08003261   Thumb Code    44  lc_ctype_c.o(locale$$code)
    cFifo<cDevControlEncoder::tEvent>::isFull() 0x0800328d   Thumb Code    32  lib.o(t._ZN5cFifoIN18cDevControlEncoder6tEventEE6isFullEv)
    cFifo<cDevControlEncoder::tEvent>::operator <<(const cDevControlEncoder::tEvent&) 0x080032ad   Thumb Code    64  lib.o(t._ZN5cFifoIN18cDevControlEncoder6tEventEElsERKS1_)
    __aeabi_ddiv                             0x080032ed   Thumb Code     0  ddiv.o(x$fpl$ddiv)
    _ddiv                                    0x080032ed   Thumb Code   552  ddiv.o(x$fpl$ddiv)
    __aeabi_d2uiz                            0x0800359d   Thumb Code     0  dfixu.o(x$fpl$dfixu)
    _dfixu                                   0x0800359d   Thumb Code    90  dfixu.o(x$fpl$dfixu)
    __aeabi_ui2d                             0x080035f7   Thumb Code     0  dflt_clz.o(x$fpl$dfltu)
    _dfltu                                   0x080035f7   Thumb Code    38  dflt_clz.o(x$fpl$dfltu)
    __aeabi_dmul                             0x0800361d   Thumb Code     0  dmul.o(x$fpl$dmul)
    _dmul                                    0x0800361d   Thumb Code   332  dmul.o(x$fpl$dmul)
    __fpl_dnaninf                            0x08003771   Thumb Code   156  dnaninf.o(x$fpl$dnaninf)
    __fpl_dretinf                            0x0800380d   Thumb Code    12  dretinf.o(x$fpl$dretinf)
    __fpl_fcmp_Inf                           0x08003819   Thumb Code    24  fcmpi.o(x$fpl$fcmpinf)
    __aeabi_fdiv                             0x08003831   Thumb Code     0  fdiv.o(x$fpl$fdiv)
    _fdiv                                    0x08003831   Thumb Code   384  fdiv.o(x$fpl$fdiv)
    __aeabi_f2uiz                            0x080039b5   Thumb Code     0  ffixu.o(x$fpl$ffixu)
    _ffixu                                   0x080039b5   Thumb Code    62  ffixu.o(x$fpl$ffixu)
    __aeabi_ui2f                             0x080039f5   Thumb Code     0  fflt_clz.o(x$fpl$ffltu)
    _ffltu                                   0x080039f5   Thumb Code    38  fflt_clz.o(x$fpl$ffltu)
    __aeabi_cfcmple                          0x08003a1d   Thumb Code     0  fleqf.o(x$fpl$fleqf)
    _fcmple                                  0x08003a1d   Thumb Code   104  fleqf.o(x$fpl$fleqf)
    __fpl_fcmple_InfNaN                      0x08003a6f   Thumb Code     0  fleqf.o(x$fpl$fleqf)
    __aeabi_fmul                             0x08003a85   Thumb Code     0  fmul.o(x$fpl$fmul)
    _fmul                                    0x08003a85   Thumb Code   258  fmul.o(x$fpl$fmul)
    __fpl_fnaninf                            0x08003b87   Thumb Code   140  fnaninf.o(x$fpl$fnaninf)
    __fpl_fretinf                            0x08003c13   Thumb Code    10  fretinf.o(x$fpl$fretinf)
    __aeabi_cfrcmple                         0x08003c1d   Thumb Code     0  frleqf.o(x$fpl$frleqf)
    _frcmple                                 0x08003c1d   Thumb Code    98  frleqf.o(x$fpl$frleqf)
    _printf_fp_dec                           0x08003c7f   Thumb Code     4  printf1.o(x$fpl$printf1)
    __I$use$fp                               0x08003c82   Number         0  usenofp.o(x$fpl$usenofp)
    vtable for cHwDisplay                    0x08003d5c   Data          32  lib.o(.constdata__ZTV10cHwDisplay)
    vtable for cHwTimer_N                    0x08003d7c   Data          28  lib.o(.constdata__ZTV10cHwTimer_N)
    vtable for cDevDigital                   0x08003d98   Data          48  lib.o(.constdata__ZTV11cDevDigital)
    vtable for cDevDisplay                   0x08003dc8   Data          20  lib.o(.constdata__ZTV11cDevDisplay)
    vtable for cHwSPImaster                  0x08003ddc   Data          16  lib.o(.constdata__ZTV12cHwSPImaster)
    vtable for cHwSPImaster_N                0x08003dec   Data          16  lib.o(.constdata__ZTV14cHwSPImaster_N)
    vtable for cDevDisplayChar               0x08003dfc   Data          24  lib.o(.constdata__ZTV15cDevDisplayChar)
    vtable for cHwDisp_DIP204spi             0x08003e14   Data          32  disp_dip204spi.o(.constdata__ZTV17cHwDisp_DIP204spi)
    vtable for cDevControlEncoder            0x08003e34   Data          20  lib.o(.constdata__ZTV18cDevControlEncoder)
    vtable for cDevControlEncoderRotaryKnob  0x08003e48   Data          20  lib.o(.constdata__ZTV28cDevControlEncoderRotaryKnob)
    vtable for cHwADC                        0x08003e5c   Data          40  lib.o(.constdata__ZTV6cHwADC)
    vtable for cHwDAC                        0x08003e84   Data          20  lib.o(.constdata__ZTV6cHwDAC)
    vtable for cHwPort                       0x08003e98   Data          32  lib.o(.constdata__ZTV7cHwPort)
    vtable for cHwADC_0                      0x08003eb8   Data          40  lib.o(.constdata__ZTV8cHwADC_0)
    vtable for cHwDAC_0                      0x08003ee0   Data          20  lib.o(.constdata__ZTV8cHwDAC_0)
    vtable for cHwTimer                      0x08003ef4   Data          28  lib.o(.constdata__ZTV8cHwTimer)
    vtable for cHwPort_N                     0x08003f10   Data          32  lib.o(.constdata__ZTV9cHwPort_N)
    vtable for cHwSPImaster::Device          0x08003f30   Data          44  lib.o(.constdata__ZTVN12cHwSPImaster6DeviceE)
    vtable for cList::Item                   0x08003f5c   Data          12  lib.o(.constdata__ZTVN5cList4ItemE)
    vtable for cHwPort::Pin                  0x08003f68   Data          28  lib.o(.constdata__ZTVN7cHwPort3PinE)
    Region$$Table$$Base                      0x08003f84   Number         0  anon$$obj.o(Region$$Table)
    Region$$Table$$Limit                     0x08003fa4   Number         0  anon$$obj.o(Region$$Table)
    __ctype                                  0x08003fcd   Data           0  lc_ctype_c.o(locale$$data)
    SHT$$INIT_ARRAY$$Base                    0x080040d0   Number         0  main.o(.init_array)
    SHT$$INIT_ARRAY$$Limit                   0x080040d4   Number         0  init_aeabi.o(.init_array)
    sys                                      0x20000000   Data           1  main.o(.data)
    portA                                    0x20000004   Data           8  main.o(.data)
    portB                                    0x2000000c   Data           8  main.o(.data)
    portC                                    0x20000014   Data           8  main.o(.data)
    portD                                    0x2000001c   Data           8  main.o(.data)
    adc                                      0x20000024   Data           4  main.o(.data)
    dac0                                     0x20000028   Data           8  main.o(.data)
    dac                                      0x20000030   Data           4  main.o(.data)
    spi2                                     0x20000034   Data           8  main.o(.data)
    disp                                     0x2000003c   Data           8  main.o(.data)
    cHwPinConfig::table                      0x20000044   Data          96  main.o(.data)
    cSystem::cntInterrupt                    0x200000a4   Data           1  lib.o(.data)
    cHwRTOS_MCU::schedule                    0x200000a8   Data           4  lib.o(.data)
    cHwRTOS_MCU::sysTic                      0x200000ac   Data           4  lib.o(.data)
    cHwRTOS_MCU::sysTicTime                  0x200000b0   Data           4  lib.o(.data)
    cHwADC_0::adcPtr                         0x200000b4   Data           4  lib.o(.data)
    cHwTimer_N::timerPtr_2                   0x200000b8   Data           4  lib.o(.data)
    cHwTimer_N::timerPtr_3                   0x200000bc   Data           4  lib.o(.data)
    cHwTimer_N::timerPtr_4                   0x200000c0   Data           4  lib.o(.data)
    cHwTimer_N::timerPtr_5                   0x200000c4   Data           4  lib.o(.data)
    cHwTimer_N::timerPtr_6                   0x200000c8   Data           4  lib.o(.data)
    cHwTimer_N::timerPtr_7                   0x200000cc   Data           4  lib.o(.data)
    cHwUART_N::uartPtr_1                     0x200000d0   Data           4  lib.o(.data)
    cHwUART_N::uartPtr_2                     0x200000d4   Data           4  lib.o(.data)
    cHwUART_N::uartPtr_3                     0x200000d8   Data           4  lib.o(.data)
    cHwUSB_0::usbPtr                         0x200000dc   Data           4  lib.o(.data)
    cHwUSB_0::EPconfig::offset               0x200000e0   Data           2  lib.o(.data)
    timerFast                                0x200000f4   Data          24  main.o(.bss)
    timerSlow                                0x2000010c   Data          24  main.o(.bss)
    adc0                                     0x20000124   Data          32  main.o(.bss)
    spiDisplay                               0x20000144   Data          24  main.o(.bss)
    dispHw                                   0x2000015c   Data          16  main.o(.bss)
    btnLeft                                  0x2000016c   Data          24  main.o(.bss)
    btnCtrl                                  0x20000184   Data          24  main.o(.bss)
    btnRight                                 0x2000019c   Data          24  main.o(.bss)
    enc                                      0x200001b4   Data          28  main.o(.bss)
    switch0                                  0x200001d0   Data          24  main.o(.bss)
    btnPlus                                  0x200001e8   Data          24  main.o(.bss)
    btnMinus                                 0x20000200   Data          24  main.o(.bss)
    led0                                     0x20000218   Data          24  main.o(.bss)
    __libspace_start                         0x20000230   Data          96  libspace.o(.bss)
    __temporary_stack_top$libspace           0x20000290   Data           0  libspace.o(.bss)



==============================================================================

Memory Map of the image

  Image Entry point : 0x08000125

  Load Region LR_IROM1 (Base: 0x08000000, Size: 0x000041c8, Max: 0x00040000, ABSOLUTE)

    Execution Region ER_IROM1 (Exec base: 0x08000000, Load base: 0x08000000, Size: 0x000040d4, Max: 0x00040000, ABSOLUTE)

    Exec Addr    Load Addr    Size         Type   Attr      Idx    E Section Name        Object

    0x08000000   0x08000000   0x00000124   Data   RO         4329    RESET               startup_stm32l1xx_mdp.o
    0x08000124   0x08000124   0x00000008   Code   RO         4953  * !!!main             c_w.l(__main.o)
    0x0800012c   0x0800012c   0x00000034   Code   RO         5578    !!!scatter          c_w.l(__scatter.o)
    0x08000160   0x08000160   0x0000001a   Code   RO         5580    !!handler_copy      c_w.l(__scatter_copy.o)
    0x0800017a   0x0800017a   0x00000002   PAD
    0x0800017c   0x0800017c   0x0000001c   Code   RO         5582    !!handler_zi        c_w.l(__scatter_zi.o)
    0x08000198   0x08000198   0x00000000   Code   RO         5255    .ARM.Collect$$_printf_percent$$00000000  c_w.l(_printf_percent.o)
    0x08000198   0x08000198   0x00000006   Code   RO         5244    .ARM.Collect$$_printf_percent$$00000001  c_w.l(_printf_n.o)
    0x0800019e   0x0800019e   0x00000006   Code   RO         5246    .ARM.Collect$$_printf_percent$$00000002  c_w.l(_printf_p.o)
    0x080001a4   0x080001a4   0x00000006   Code   RO         5251    .ARM.Collect$$_printf_percent$$00000003  c_w.l(_printf_f.o)
    0x080001aa   0x080001aa   0x00000006   Code   RO         5252    .ARM.Collect$$_printf_percent$$00000004  c_w.l(_printf_e.o)
    0x080001b0   0x080001b0   0x00000006   Code   RO         5253    .ARM.Collect$$_printf_percent$$00000005  c_w.l(_printf_g.o)
    0x080001b6   0x080001b6   0x00000006   Code   RO         5254    .ARM.Collect$$_printf_percent$$00000006  c_w.l(_printf_a.o)
    0x080001bc   0x080001bc   0x0000000a   Code   RO         5259    .ARM.Collect$$_printf_percent$$00000007  c_w.l(_printf_ll.o)
    0x080001c6   0x080001c6   0x00000006   Code   RO         5248    .ARM.Collect$$_printf_percent$$00000008  c_w.l(_printf_i.o)
    0x080001cc   0x080001cc   0x00000006   Code   RO         5249    .ARM.Collect$$_printf_percent$$00000009  c_w.l(_printf_d.o)
    0x080001d2   0x080001d2   0x00000006   Code   RO         5250    .ARM.Collect$$_printf_percent$$0000000A  c_w.l(_printf_u.o)
    0x080001d8   0x080001d8   0x00000006   Code   RO         5247    .ARM.Collect$$_printf_percent$$0000000B  c_w.l(_printf_o.o)
    0x080001de   0x080001de   0x00000006   Code   RO         5245    .ARM.Collect$$_printf_percent$$0000000C  c_w.l(_printf_x.o)
    0x080001e4   0x080001e4   0x00000006   Code   RO         5256    .ARM.Collect$$_printf_percent$$0000000D  c_w.l(_printf_lli.o)
    0x080001ea   0x080001ea   0x00000006   Code   RO         5257    .ARM.Collect$$_printf_percent$$0000000E  c_w.l(_printf_lld.o)
    0x080001f0   0x080001f0   0x00000006   Code   RO         5258    .ARM.Collect$$_printf_percent$$0000000F  c_w.l(_printf_llu.o)
    0x080001f6   0x080001f6   0x00000006   Code   RO         5263    .ARM.Collect$$_printf_percent$$00000010  c_w.l(_printf_llo.o)
    0x080001fc   0x080001fc   0x00000006   Code   RO         5264    .ARM.Collect$$_printf_percent$$00000011  c_w.l(_printf_llx.o)
    0x08000202   0x08000202   0x0000000a   Code   RO         5260    .ARM.Collect$$_printf_percent$$00000012  c_w.l(_printf_l.o)
    0x0800020c   0x0800020c   0x00000006   Code   RO         5242    .ARM.Collect$$_printf_percent$$00000013  c_w.l(_printf_c.o)
    0x08000212   0x08000212   0x00000006   Code   RO         5243    .ARM.Collect$$_printf_percent$$00000014  c_w.l(_printf_s.o)
    0x08000218   0x08000218   0x00000006   Code   RO         5261    .ARM.Collect$$_printf_percent$$00000015  c_w.l(_printf_lc.o)
    0x0800021e   0x0800021e   0x00000006   Code   RO         5262    .ARM.Collect$$_printf_percent$$00000016  c_w.l(_printf_ls.o)
    0x08000224   0x08000224   0x00000004   Code   RO         5403    .ARM.Collect$$_printf_percent$$00000017  c_w.l(_printf_percent_end.o)
    0x08000228   0x08000228   0x00000002   Code   RO         5504    .ARM.Collect$$libinit$$00000000  c_w.l(libinit.o)
    0x0800022a   0x0800022a   0x00000000   Code   RO         5276    .ARM.Collect$$libinit$$00000002  c_w.l(libinit2.o)
    0x0800022a   0x0800022a   0x00000000   Code   RO         5278    .ARM.Collect$$libinit$$00000004  c_w.l(libinit2.o)
    0x0800022a   0x0800022a   0x00000008   Code   RO         5279    .ARM.Collect$$libinit$$00000005  c_w.l(libinit2.o)
    0x08000232   0x08000232   0x00000000   Code   RO         5281    .ARM.Collect$$libinit$$0000000A  c_w.l(libinit2.o)
    0x08000232   0x08000232   0x00000000   Code   RO         5283    .ARM.Collect$$libinit$$0000000C  c_w.l(libinit2.o)
    0x08000232   0x08000232   0x00000000   Code   RO         5285    .ARM.Collect$$libinit$$0000000E  c_w.l(libinit2.o)
    0x08000232   0x08000232   0x00000006   Code   RO         5286    .ARM.Collect$$libinit$$0000000F  c_w.l(libinit2.o)
    0x08000238   0x08000238   0x00000000   Code   RO         5288    .ARM.Collect$$libinit$$00000011  c_w.l(libinit2.o)
    0x08000238   0x08000238   0x0000000c   Code   RO         5289    .ARM.Collect$$libinit$$00000012  c_w.l(libinit2.o)
    0x08000244   0x08000244   0x00000000   Code   RO         5290    .ARM.Collect$$libinit$$00000013  c_w.l(libinit2.o)
    0x08000244   0x08000244   0x00000000   Code   RO         5292    .ARM.Collect$$libinit$$00000015  c_w.l(libinit2.o)
    0x08000244   0x08000244   0x0000000a   Code   RO         5293    .ARM.Collect$$libinit$$00000016  c_w.l(libinit2.o)
    0x0800024e   0x0800024e   0x00000000   Code   RO         5294    .ARM.Collect$$libinit$$00000017  c_w.l(libinit2.o)
    0x0800024e   0x0800024e   0x00000000   Code   RO         5296    .ARM.Collect$$libinit$$00000019  c_w.l(libinit2.o)
    0x0800024e   0x0800024e   0x00000000   Code   RO         5298    .ARM.Collect$$libinit$$0000001B  c_w.l(libinit2.o)
    0x0800024e   0x0800024e   0x00000000   Code   RO         5300    .ARM.Collect$$libinit$$0000001D  c_w.l(libinit2.o)
    0x0800024e   0x0800024e   0x00000000   Code   RO         5302    .ARM.Collect$$libinit$$0000001F  c_w.l(libinit2.o)
    0x0800024e   0x0800024e   0x00000000   Code   RO         5304    .ARM.Collect$$libinit$$00000021  c_w.l(libinit2.o)
    0x0800024e   0x0800024e   0x00000000   Code   RO         5306    .ARM.Collect$$libinit$$00000023  c_w.l(libinit2.o)
    0x0800024e   0x0800024e   0x00000000   Code   RO         5308    .ARM.Collect$$libinit$$00000025  c_w.l(libinit2.o)
    0x0800024e   0x0800024e   0x00000000   Code   RO         5312    .ARM.Collect$$libinit$$0000002C  c_w.l(libinit2.o)
    0x0800024e   0x0800024e   0x00000000   Code   RO         5314    .ARM.Collect$$libinit$$0000002E  c_w.l(libinit2.o)
    0x0800024e   0x0800024e   0x00000000   Code   RO         5316    .ARM.Collect$$libinit$$00000030  c_w.l(libinit2.o)
    0x0800024e   0x0800024e   0x00000004   Code   RO         5317    .ARM.Collect$$libinit$$00000031  c_w.l(libinit2.o)
    0x08000252   0x08000252   0x00000000   Code   RO         5318    .ARM.Collect$$libinit$$00000032  c_w.l(libinit2.o)
    0x08000252   0x08000252   0x00000002   Code   RO         5319    .ARM.Collect$$libinit$$00000033  c_w.l(libinit2.o)
    0x08000254   0x08000254   0x00000002   Code   RO         5575    .ARM.Collect$$libshutdown$$00000000  c_w.l(libshutdown.o)
    0x08000256   0x08000256   0x00000000   Code   RO         5539    .ARM.Collect$$libshutdown$$00000002  c_w.l(libshutdown2.o)
    0x08000256   0x08000256   0x00000000   Code   RO         5541    .ARM.Collect$$libshutdown$$00000004  c_w.l(libshutdown2.o)
    0x08000256   0x08000256   0x00000000   Code   RO         5544    .ARM.Collect$$libshutdown$$00000007  c_w.l(libshutdown2.o)
    0x08000256   0x08000256   0x00000000   Code   RO         5547    .ARM.Collect$$libshutdown$$0000000A  c_w.l(libshutdown2.o)
    0x08000256   0x08000256   0x00000000   Code   RO         5549    .ARM.Collect$$libshutdown$$0000000C  c_w.l(libshutdown2.o)
    0x08000256   0x08000256   0x00000000   Code   RO         5552    .ARM.Collect$$libshutdown$$0000000F  c_w.l(libshutdown2.o)
    0x08000256   0x08000256   0x00000002   Code   RO         5553    .ARM.Collect$$libshutdown$$00000010  c_w.l(libshutdown2.o)
    0x08000258   0x08000258   0x00000000   Code   RO         5140    .ARM.Collect$$rtentry$$00000000  c_w.l(__rtentry.o)
    0x08000258   0x08000258   0x00000000   Code   RO         5360    .ARM.Collect$$rtentry$$00000002  c_w.l(__rtentry2.o)
    0x08000258   0x08000258   0x00000006   Code   RO         5372    .ARM.Collect$$rtentry$$00000004  c_w.l(__rtentry4.o)
    0x0800025e   0x0800025e   0x00000000   Code   RO         5362    .ARM.Collect$$rtentry$$00000009  c_w.l(__rtentry2.o)
    0x0800025e   0x0800025e   0x00000004   Code   RO         5363    .ARM.Collect$$rtentry$$0000000A  c_w.l(__rtentry2.o)
    0x08000262   0x08000262   0x00000000   Code   RO         5365    .ARM.Collect$$rtentry$$0000000C  c_w.l(__rtentry2.o)
    0x08000262   0x08000262   0x00000008   Code   RO         5366    .ARM.Collect$$rtentry$$0000000D  c_w.l(__rtentry2.o)
    0x0800026a   0x0800026a   0x00000002   Code   RO         5521    .ARM.Collect$$rtexit$$00000000  c_w.l(rtexit.o)
    0x0800026c   0x0800026c   0x00000000   Code   RO         5555    .ARM.Collect$$rtexit$$00000002  c_w.l(rtexit2.o)
    0x0800026c   0x0800026c   0x00000004   Code   RO         5556    .ARM.Collect$$rtexit$$00000003  c_w.l(rtexit2.o)
    0x08000270   0x08000270   0x00000006   Code   RO         5557    .ARM.Collect$$rtexit$$00000004  c_w.l(rtexit2.o)
    0x08000276   0x08000276   0x00000002   PAD
    0x08000278   0x08000278   0x00000000   Code   RO         5385    .emb_text           c_w.l(maybetermalloc1.o)
    0x08000278   0x08000278   0x00000040   Code   RO         4330    .text               startup_stm32l1xx_mdp.o
    0x080002b8   0x080002b8   0x00000020   Code   RO         4334    .text               rtoscontext.o
    0x080002d8   0x080002d8   0x0000005e   Code   RO         4875    .text               c_w.l(h1_alloc.o)
    0x08000336   0x08000336   0x0000004e   Code   RO         4877    .text               c_w.l(h1_free.o)
    0x08000384   0x08000384   0x00000034   Code   RO         4937    .text               c_w.l(c89vsnprintf.o)
    0x080003b8   0x080003b8   0x00000016   Code   RO         4939    .text               c_w.l(abort.o)
    0x080003ce   0x080003ce   0x00000006   Code   RO         4951    .text               c_w.l(heapauxi.o)
    0x080003d4   0x080003d4   0x00000024   Code   RO         4958    .text               c_w.l(init_aeabi.o)
    0x080003f8   0x080003f8   0x0000000c   Code   RO         5136    .text               c_w.l(sys_exit.o)
    0x08000404   0x08000404   0x00000008   Code   RO         5148    .text               c_w.l(rt_heap_descriptor_intlibspace.o)
    0x0800040c   0x0800040c   0x00000004   Code   RO         5150    .text               c_w.l(hguard.o)
    0x08000410   0x08000410   0x0000008a   Code   RO         5152    .text               c_w.l(init_alloc.o)
    0x0800049a   0x0800049a   0x0000000e   Code   RO         5156    .text               c_w.l(h1_init.o)
    0x080004a8   0x080004a8   0x0000004e   Code   RO         5174    .text               c_w.l(_printf_pad.o)
    0x080004f6   0x080004f6   0x00000024   Code   RO         5176    .text               c_w.l(_printf_truncate.o)
    0x0800051a   0x0800051a   0x00000052   Code   RO         5178    .text               c_w.l(_printf_str.o)
    0x0800056c   0x0800056c   0x00000078   Code   RO         5180    .text               c_w.l(_printf_dec.o)
    0x080005e4   0x080005e4   0x00000028   Code   RO         5182    .text               c_w.l(_printf_charcount.o)
    0x0800060c   0x0800060c   0x00000030   Code   RO         5184    .text               c_w.l(_printf_char_common.o)
    0x0800063c   0x0800063c   0x0000000a   Code   RO         5186    .text               c_w.l(_sputc.o)
    0x08000646   0x08000646   0x00000010   Code   RO         5188    .text               c_w.l(_snputc.o)
    0x08000656   0x08000656   0x00000002   PAD
    0x08000658   0x08000658   0x000000bc   Code   RO         5190    .text               c_w.l(_printf_wctomb.o)
    0x08000714   0x08000714   0x0000007c   Code   RO         5193    .text               c_w.l(_printf_longlong_dec.o)
    0x08000790   0x08000790   0x00000070   Code   RO         5199    .text               c_w.l(_printf_oct_int_ll.o)
    0x08000800   0x08000800   0x00000094   Code   RO         5219    .text               c_w.l(_printf_hex_int_ll_ptr.o)
    0x08000894   0x08000894   0x00000188   Code   RO         5239    .text               c_w.l(__printf_flags_ss_wp.o)
    0x08000a1c   0x08000a1c   0x0000000e   Code   RO         5265    .text               c_w.l(defsig_abrt_outer.o)
    0x08000a2a   0x08000a2a   0x00000002   PAD
    0x08000a2c   0x08000a2c   0x00000008   Code   RO         5353    .text               c_w.l(libspace.o)
    0x08000a34   0x08000a34   0x00000002   Code   RO         5356    .text               c_w.l(use_no_semi.o)
    0x08000a36   0x08000a36   0x00000000   Code   RO         5358    .text               c_w.l(indicate_semi.o)
    0x08000a36   0x08000a36   0x00000034   Code   RO         5387    .text               c_w.l(h1_extend.o)
    0x08000a6a   0x08000a6a   0x0000008a   Code   RO         5391    .text               c_w.l(lludiv10.o)
    0x08000af4   0x08000af4   0x000000b2   Code   RO         5393    .text               c_w.l(_printf_intcommon.o)
    0x08000ba6   0x08000ba6   0x0000041e   Code   RO         5395    .text               c_w.l(_printf_fp_dec.o)
    0x08000fc4   0x08000fc4   0x0000002c   Code   RO         5399    .text               c_w.l(_printf_char.o)
    0x08000ff0   0x08000ff0   0x0000002c   Code   RO         5401    .text               c_w.l(_printf_wchar.o)
    0x0800101c   0x0800101c   0x00000040   Code   RO         5404    .text               c_w.l(_wcrtomb.o)
    0x0800105c   0x0800105c   0x0000000a   Code   RO         5406    .text               c_w.l(defsig_exit.o)
    0x08001066   0x08001066   0x00000002   PAD
    0x08001068   0x08001068   0x00000030   Code   RO         5408    .text               c_w.l(defsig_abrt_inner.o)
    0x08001098   0x08001098   0x0000000e   Code   RO         5410    .text               c_w.l(defsig_rtmem_outer.o)
    0x080010a6   0x080010a6   0x0000004a   Code   RO         5437    .text               c_w.l(sys_stackheap_outer.o)
    0x080010f0   0x080010f0   0x00000010   Code   RO         5439    .text               c_w.l(rt_ctype_table.o)
    0x08001100   0x08001100   0x00000008   Code   RO         5444    .text               c_w.l(rt_locale_intlibspace.o)
    0x08001108   0x08001108   0x00000080   Code   RO         5453    .text               c_w.l(_printf_fp_infnan.o)
    0x08001188   0x08001188   0x000000e4   Code   RO         5455    .text               c_w.l(bigflt0.o)
    0x0800126c   0x0800126c   0x00000012   Code   RO         5483    .text               c_w.l(exit.o)
    0x0800127e   0x0800127e   0x00000032   Code   RO         5487    .text               c_w.l(defsig_general.o)
    0x080012b0   0x080012b0   0x00000050   Code   RO         5493    .text               c_w.l(defsig_rtmem_inner.o)
    0x08001300   0x08001300   0x0000000e   Code   RO         5519    .text               c_w.l(sys_wrch.o)
    0x0800130e   0x0800130e   0x00000002   PAD
    0x08001310   0x08001310   0x00000080   Code   RO         5536    .text               c_w.l(strcmpv7m.o)
    0x08001390   0x08001390   0x0000003e   Code   RO         5458    CL$$btod_d2e        c_w.l(btod.o)
    0x080013ce   0x080013ce   0x00000046   Code   RO         5460    CL$$btod_d2e_denorm_low  c_w.l(btod.o)
    0x08001414   0x08001414   0x00000060   Code   RO         5459    CL$$btod_d2e_norm_op1  c_w.l(btod.o)
    0x08001474   0x08001474   0x00000338   Code   RO         5468    CL$$btod_div_common  c_w.l(btod.o)
    0x080017ac   0x080017ac   0x000000dc   Code   RO         5465    CL$$btod_e2e        c_w.l(btod.o)
    0x08001888   0x08001888   0x0000002a   Code   RO         5462    CL$$btod_ediv       c_w.l(btod.o)
    0x080018b2   0x080018b2   0x0000002a   Code   RO         5461    CL$$btod_emul       c_w.l(btod.o)
    0x080018dc   0x080018dc   0x00000244   Code   RO         5467    CL$$btod_mult_common  c_w.l(btod.o)
    0x08001b20   0x08001b20   0x00000028   Code   RO          338    i.ADC1_IRQHandler   lib.o
    0x08001b48   0x08001b48   0x0000002c   Code   RO          339    i.PendSV_Handler    lib.o
    0x08001b74   0x08001b74   0x0000003c   Code   RO          340    i.SysTick_Handler   lib.o
    0x08001bb0   0x08001bb0   0x00000144   Code   RO          341    i.SystemInit        lib.o
    0x08001cf4   0x08001cf4   0x00000010   Code   RO          342    i.TIM2_IRQHandler   lib.o
    0x08001d04   0x08001d04   0x00000010   Code   RO          343    i.TIM3_IRQHandler   lib.o
    0x08001d14   0x08001d14   0x00000010   Code   RO          344    i.TIM4_IRQHandler   lib.o
    0x08001d24   0x08001d24   0x00000010   Code   RO          345    i.TIM5_IRQHandler   lib.o
    0x08001d34   0x08001d34   0x00000010   Code   RO          346    i.TIM6_IRQHandler   lib.o
    0x08001d44   0x08001d44   0x00000010   Code   RO          347    i.TIM7_IRQHandler   lib.o
    0x08001d54   0x08001d54   0x00000010   Code   RO          348    i.USART1_IRQHandler  lib.o
    0x08001d64   0x08001d64   0x00000010   Code   RO          349    i.USART2_IRQHandler  lib.o
    0x08001d74   0x08001d74   0x00000010   Code   RO          350    i.USART3_IRQHandler  lib.o
    0x08001d84   0x08001d84   0x00000010   Code   RO          351    i.USB_LP_IRQHandler  lib.o
    0x08001d94   0x08001d94   0x0000001a   Code   RO          352    i._Z16__NVIC_EnableIRQ4IRQn  lib.o
    0x08001dae   0x08001dae   0x00000002   PAD
    0x08001db0   0x08001db0   0x00000010   Code   RO          369    i._ZN10cHwDisplayC2Ehh  lib.o
    0x08001dc0   0x08001dc0   0x00000014   Code   RO          370    i._ZN10cHwTimer_N3isrEv  lib.o
    0x08001dd4   0x08001dd4   0x000001d8   Code   RO          373    i._ZN10cHwTimer_NC1ENS_7TimerIdEj  lib.o
    0x08001fac   0x08001fac   0x0000001a   Code   RO          387    i._ZN11cDevDigital3getEv  lib.o
    0x08001fc6   0x08001fc6   0x00000020   Code   RO          388    i._ZN11cDevDigital3setEb  lib.o
    0x08001fe6   0x08001fe6   0x00000028   Code   RO         3284    i._ZN11cDevDigital8getEventEv  lib.o
    0x0800200e   0x0800200e   0x00000002   PAD
    0x08002010   0x08002010   0x00000048   Code   RO          390    i._ZN11cDevDigitalC1ER7cHwPorthNS_4ModeEb  lib.o
    0x08002058   0x08002058   0x0000000c   Code   RO          391    i._ZN11cDevDisplayC2Ev  lib.o
    0x08002064   0x08002064   0x00000088   Code   RO          421    i._ZN12cHwPinConfig3setENS_8FunctionEj  lib.o
    0x080020ec   0x080020ec   0x000000c6   Code   RO          422    i._ZN12cHwPinConfig3setEP12GPIO_TypeDefhjh  lib.o
    0x080021b2   0x080021b2   0x0000003a   Code   RO          423    i._ZN12cHwSPImaster6Device10transceiveEPht  lib.o
    0x080021ec   0x080021ec   0x0000000e   Code   RO         2946    i._ZN12cHwSPImaster6Device4stopEv  lib.o
    0x080021fa   0x080021fa   0x0000000e   Code   RO         2940    i._ZN12cHwSPImaster6Device5startEv  lib.o
    0x08002208   0x08002208   0x0000004c   Code   RO           33    i._ZN12cHwSPImaster6DeviceC1ERS_R7cHwPorth  main.o
    0x08002254   0x08002254   0x0000000c   Code   RO          425    i._ZN12cHwSPImasterC2Ev  lib.o
    0x08002260   0x08002260   0x0000003a   Code   RO          449    i._ZN14cHwSPImaster_N14transceiveByteEh  lib.o
    0x0800229a   0x0800229a   0x00000002   PAD
    0x0800229c   0x0800229c   0x00000154   Code   RO          451    i._ZN14cHwSPImaster_NC1ENS_6SPI_IDEN12cHwSPImaster4MODEENS1_11ClockPolPhaE  lib.o
    0x080023f0   0x080023f0   0x00000066   Code   RO          473    i._ZN15cDevDisplayChar6printfEhhhPKcz  lib.o
    0x08002456   0x08002456   0x0000000e   Code   RO          474    i._ZN15cDevDisplayChar7refreshEv  lib.o
    0x08002464   0x08002464   0x00000024   Code   RO          475    i._ZN15cDevDisplayCharC1ER10cHwDisplay  lib.o
    0x08002488   0x08002488   0x0000002e   Code   RO         4744    i._ZN17cHwDisp_DIP204spi11gotoTextPosEhh  disp_dip204spi.o
    0x080024b6   0x080024b6   0x0000002e   Code   RO         4745    i._ZN17cHwDisp_DIP204spi4initEv  disp_dip204spi.o
    0x080024e4   0x080024e4   0x0000000e   Code   RO         4746    i._ZN17cHwDisp_DIP204spi5clearEv  disp_dip204spi.o
    0x080024f2   0x080024f2   0x00000022   Code   RO         4747    i._ZN17cHwDisp_DIP204spi7putCharEc  disp_dip204spi.o
    0x08002514   0x08002514   0x00000002   Code   RO         4809    i._ZN17cHwDisp_DIP204spi7refreshEv  disp_dip204spi.o
    0x08002516   0x08002516   0x0000003a   Code   RO         4748    i._ZN17cHwDisp_DIP204spi8waitBusyEv  disp_dip204spi.o
    0x08002550   0x08002550   0x0000002e   Code   RO         4749    i._ZN17cHwDisp_DIP204spi8writeCmdEh  disp_dip204spi.o
    0x0800257e   0x0800257e   0x0000002e   Code   RO         4750    i._ZN17cHwDisp_DIP204spi8writeDatEh  disp_dip204spi.o
    0x080025ac   0x080025ac   0x00000028   Code   RO         4751    i._ZN17cHwDisp_DIP204spiC1ERN12cHwSPImaster6DeviceE  disp_dip204spi.o
    0x080025d4   0x080025d4   0x00000064   Code   RO          513    i._ZN18cDevControlEncoder3getEv  lib.o
    0x08002638   0x08002638   0x00000086   Code   RO          514    i._ZN18cDevControlEncoder6updateEv  lib.o
    0x080026be   0x080026be   0x00000026   Code   RO          515    i._ZN18cDevControlEncoder7getCtrlEv  lib.o
    0x080026e4   0x080026e4   0x00000058   Code   RO          516    i._ZN18cDevControlEncoderC2EP11cDevDigitalP8cHwTimer  lib.o
    0x0800273c   0x0800273c   0x00000074   Code   RO          543    i._ZN28cDevControlEncoderRotaryKnob12getIncrementEv  lib.o
    0x080027b0   0x080027b0   0x00000030   Code   RO          544    i._ZN28cDevControlEncoderRotaryKnobC1EP11cDevDigitalS1_S1_P8cHwTimer  lib.o
    0x080027e0   0x080027e0   0x0000002c   Code   RO          549    i._ZN5cList3addEPNS_4ItemE  lib.o
    0x0800280c   0x0800280c   0x00000002   Code   RO         3577    i._ZN5cList4Item6updateEv  lib.o
    0x0800280e   0x0800280e   0x00000002   PAD
    0x08002810   0x08002810   0x00000020   Code   RO          552    i._ZN5cList4ItemC1EPS_  lib.o
    0x08002830   0x08002830   0x00000018   Code   RO          554    i._ZN5cList9updateAllEv  lib.o
    0x08002848   0x08002848   0x00000006   Code   RO          555    i._ZN5cListC1Ev     lib.o
    0x0800284e   0x0800284e   0x00000028   Code   RO         2833    i._ZN6cHwADC3getEh  lib.o
    0x08002876   0x08002876   0x00000058   Code   RO         2852    i._ZN6cHwADC3isrEv  lib.o
    0x080028ce   0x080028ce   0x0000006a   Code   RO          557    i._ZN6cHwADC6enableEhh  lib.o
    0x08002938   0x08002938   0x00000034   Code   RO         2845    i._ZN6cHwADC6updateEv  lib.o
    0x0800296c   0x0800296c   0x00000054   Code   RO          558    i._ZN6cHwADCC2EhP8cHwTimer  lib.o
    0x080029c0   0x080029c0   0x0000000c   Code   RO          559    i._ZN6cHwDACC2Eh    lib.o
    0x080029cc   0x080029cc   0x00000010   Code   RO         3394    i._ZN7cHwPort3Pin3clrEv  lib.o
    0x080029dc   0x080029dc   0x0000001a   Code   RO         2672    i._ZN7cHwPort3Pin3getEv  lib.o
    0x080029f6   0x080029f6   0x00000020   Code   RO         2665    i._ZN7cHwPort3Pin3setEb  lib.o
    0x08002a16   0x08002a16   0x00000010   Code   RO         3387    i._ZN7cHwPort3Pin3setEv  lib.o
    0x08002a26   0x08002a26   0x00000014   Code   RO         2658    i._ZN7cHwPort3Pin7setModeENS_4ModeE  lib.o
    0x08002a3a   0x08002a3a   0x00000002   PAD
    0x08002a3c   0x08002a3c   0x00000018   Code   RO          575    i._ZN7cHwPort3PinC1ERS_h  lib.o
    0x08002a54   0x08002a54   0x00000002   Code   RO          627    i._ZN7cSystem15disableWatchdogEv  lib.o
    0x08002a56   0x08002a56   0x00000002   PAD
    0x08002a58   0x08002a58   0x00000028   Code   RO          628    i._ZN7cSystem15enableInterruptEv  lib.o
    0x08002a80   0x08002a80   0x00000018   Code   RO          629    i._ZN7cSystem16disableInterruptEv  lib.o
    0x08002a98   0x08002a98   0x00000014   Code   RO          634    i._ZN7cSystemC1Eh   lib.o
    0x08002aac   0x08002aac   0x00000020   Code   RO         2865    i._ZN8cHwADC_07startChEh  lib.o
    0x08002acc   0x08002acc   0x00000076   Code   RO          635    i._ZN8cHwADC_08configChEhh  lib.o
    0x08002b42   0x08002b42   0x00000002   PAD
    0x08002b44   0x08002b44   0x00000010   Code   RO         2859    i._ZN8cHwADC_09getResultEv  lib.o
    0x08002b54   0x08002b54   0x0000006c   Code   RO          636    i._ZN8cHwADC_0C1EP8cHwTimer  lib.o
    0x08002bc0   0x08002bc0   0x0000002c   Code   RO         3589    i._ZN8cHwDAC_03setEth  lib.o
    0x08002bec   0x08002bec   0x00000044   Code   RO         3595    i._ZN8cHwDAC_06enableEh  lib.o
    0x08002c30   0x08002c30   0x0000002c   Code   RO          637    i._ZN8cHwDAC_0C1Ev  lib.o
    0x08002c5c   0x08002c5c   0x0000000e   Code   RO         2827    i._ZN8cHwTimer10isrHandlerEv  lib.o
    0x08002c6a   0x08002c6a   0x00000012   Code   RO          642    i._ZN8cHwTimer3addEPN5cList4ItemE  lib.o
    0x08002c7c   0x08002c7c   0x000000b0   Code   RO         2814    i._ZN8cHwUSB_03isrEv  lib.o
    0x08002d2c   0x08002d2c   0x0000000c   Code   RO          655    i._ZN8cHwUSB_08EPconfig9clrCTR_RXEv  lib.o
    0x08002d38   0x08002d38   0x0000000c   Code   RO          656    i._ZN8cHwUSB_08EPconfig9clrCTR_TXEv  lib.o
    0x08002d44   0x08002d44   0x00000088   Code   RO          669    i._ZN9cHwPort_N10setPinModeEhN7cHwPort4ModeE  lib.o
    0x08002dcc   0x08002dcc   0x00000006   Code   RO         2928    i._ZN9cHwPort_N3clrEj  lib.o
    0x08002dd2   0x08002dd2   0x00000008   Code   RO         2934    i._ZN9cHwPort_N3getEv  lib.o
    0x08002dda   0x08002dda   0x00000006   Code   RO         2916    i._ZN9cHwPort_N3setEj  lib.o
    0x08002de0   0x08002de0   0x000000dc   Code   RO          671    i._ZN9cHwPort_NC1ENS_6PortIdE  lib.o
    0x08002ebc   0x08002ebc   0x00000032   Code   RO          672    i._ZN9cHwUART_N3isrEv  lib.o
    0x08002eee   0x08002eee   0x0000000c   Code   RO         2808    i._Znaj             lib.o
    0x08002efa   0x08002efa   0x00000028   Code   RO         5517    i.__ARM_fpclassify  m_ws.l(fpclassify.o)
    0x08002f22   0x08002f22   0x00000004   Code   RO          677    i.__cxa_pure_virtual  lib.o
    0x08002f26   0x08002f26   0x00000002   PAD
    0x08002f28   0x08002f28   0x00000150   Code   RO            4    i.__sti___8_main_cpp_sys  main.o
    0x08003078   0x08003078   0x0000000e   Code   RO         5232    i._is_digit         c_w.l(__printf_wp.o)
    0x08003086   0x08003086   0x00000002   PAD
    0x08003088   0x08003088   0x000001ac   Code   RO            5    i.main              main.o
    0x08003234   0x08003234   0x0000002c   Code   RO         5481    locale$$code        c_w.l(lc_numeric_c.o)
    0x08003260   0x08003260   0x0000002c   Code   RO         5528    locale$$code        c_w.l(lc_ctype_c.o)
    0x0800328c   0x0800328c   0x00000020   Code   RO         2796    t._ZN5cFifoIN18cDevControlEncoder6tEventEE6isFullEv  lib.o
    0x080032ac   0x080032ac   0x00000040   Code   RO         2802    t._ZN5cFifoIN18cDevControlEncoder6tEventEElsERKS1_  lib.o
    0x080032ec   0x080032ec   0x000002b0   Code   RO         5077    x$fpl$ddiv          fz_ws.l(ddiv.o)
    0x0800359c   0x0800359c   0x0000005a   Code   RO         5084    x$fpl$dfixu         fz_ws.l(dfixu.o)
    0x080035f6   0x080035f6   0x00000026   Code   RO         5088    x$fpl$dfltu         fz_ws.l(dflt_clz.o)
    0x0800361c   0x0800361c   0x00000154   Code   RO         5094    x$fpl$dmul          fz_ws.l(dmul.o)
    0x08003770   0x08003770   0x0000009c   Code   RO         5336    x$fpl$dnaninf       fz_ws.l(dnaninf.o)
    0x0800380c   0x0800380c   0x0000000c   Code   RO         5338    x$fpl$dretinf       fz_ws.l(dretinf.o)
    0x08003818   0x08003818   0x00000018   Code   RO         5340    x$fpl$fcmpinf       fz_ws.l(fcmpi.o)
    0x08003830   0x08003830   0x00000184   Code   RO         5103    x$fpl$fdiv          fz_ws.l(fdiv.o)
    0x080039b4   0x080039b4   0x0000003e   Code   RO         5112    x$fpl$ffixu         fz_ws.l(ffixu.o)
    0x080039f2   0x080039f2   0x00000002   PAD
    0x080039f4   0x080039f4   0x00000026   Code   RO         5116    x$fpl$ffltu         fz_ws.l(fflt_clz.o)
    0x08003a1a   0x08003a1a   0x00000002   PAD
    0x08003a1c   0x08003a1c   0x00000068   Code   RO         5122    x$fpl$fleqf         fz_ws.l(fleqf.o)
    0x08003a84   0x08003a84   0x00000102   Code   RO         5124    x$fpl$fmul          fz_ws.l(fmul.o)
    0x08003b86   0x08003b86   0x0000008c   Code   RO         5342    x$fpl$fnaninf       fz_ws.l(fnaninf.o)
    0x08003c12   0x08003c12   0x0000000a   Code   RO         5344    x$fpl$fretinf       fz_ws.l(fretinf.o)
    0x08003c1c   0x08003c1c   0x00000062   Code   RO         5126    x$fpl$frleqf        fz_ws.l(frleqf.o)
    0x08003c7e   0x08003c7e   0x00000004   Code   RO         5348    x$fpl$printf1       fz_ws.l(printf1.o)
    0x08003c82   0x08003c82   0x00000000   Code   RO         5350    x$fpl$usenofp       fz_ws.l(usenofp.o)
    0x08003c82   0x08003c82   0x00000002   PAD
    0x08003c84   0x08003c84   0x00000008   Data   RO         5191    .constdata          c_w.l(_printf_wctomb.o)
    0x08003c8c   0x08003c8c   0x00000028   Data   RO         5220    .constdata          c_w.l(_printf_hex_int_ll_ptr.o)
    0x08003cb4   0x08003cb4   0x00000011   Data   RO         5240    .constdata          c_w.l(__printf_flags_ss_wp.o)
    0x08003cc5   0x08003cc5   0x00000003   PAD
    0x08003cc8   0x08003cc8   0x00000094   Data   RO         5456    .constdata          c_w.l(bigflt0.o)
    0x08003d5c   0x08003d5c   0x00000020   Data   RO         3421    .constdata__ZTV10cHwDisplay  lib.o
    0x08003d7c   0x08003d7c   0x0000001c   Data   RO         2612    .constdata__ZTV10cHwTimer_N  lib.o
    0x08003d98   0x08003d98   0x00000030   Data   RO         2586    .constdata__ZTV11cDevDigital  lib.o
    0x08003dc8   0x08003dc8   0x00000014   Data   RO         3423    .constdata__ZTV11cDevDisplay  lib.o
    0x08003ddc   0x08003ddc   0x00000010   Data   RO         3437    .constdata__ZTV12cHwSPImaster  lib.o
    0x08003dec   0x08003dec   0x00000010   Data   RO         2610    .constdata__ZTV14cHwSPImaster_N  lib.o
    0x08003dfc   0x08003dfc   0x00000018   Data   RO         2636    .constdata__ZTV15cDevDisplayChar  lib.o
    0x08003e14   0x08003e14   0x00000020   Data   RO         4808    .constdata__ZTV17cHwDisp_DIP204spi  disp_dip204spi.o
    0x08003e34   0x08003e34   0x00000014   Data   RO         2640    .constdata__ZTV18cDevControlEncoder  lib.o
    0x08003e48   0x08003e48   0x00000014   Data   RO         2644    .constdata__ZTV28cDevControlEncoderRotaryKnob  lib.o
    0x08003e5c   0x08003e5c   0x00000028   Data   RO         2594    .constdata__ZTV6cHwADC  lib.o
    0x08003e84   0x08003e84   0x00000014   Data   RO         3429    .constdata__ZTV6cHwDAC  lib.o
    0x08003e98   0x08003e98   0x00000020   Data   RO         3406    .constdata__ZTV7cHwPort  lib.o
    0x08003eb8   0x08003eb8   0x00000028   Data   RO         2596    .constdata__ZTV8cHwADC_0  lib.o
    0x08003ee0   0x08003ee0   0x00000014   Data   RO         3431    .constdata__ZTV8cHwDAC_0  lib.o
    0x08003ef4   0x08003ef4   0x0000001c   Data   RO         2562    .constdata__ZTV8cHwTimer  lib.o
    0x08003f10   0x08003f10   0x00000020   Data   RO         2566    .constdata__ZTV9cHwPort_N  lib.o
    0x08003f30   0x08003f30   0x0000002c   Data   RO         2568    .constdata__ZTVN12cHwSPImaster6DeviceE  lib.o
    0x08003f5c   0x08003f5c   0x0000000c   Data   RO         3402    .constdata__ZTVN5cList4ItemE  lib.o
    0x08003f68   0x08003f68   0x0000001c   Data   RO         3404    .constdata__ZTVN7cHwPort3PinE  lib.o
    0x08003f84   0x08003f84   0x00000020   Data   RO         5576    Region$$Table       anon$$obj.o
    0x08003fa4   0x08003fa4   0x0000001c   Data   RO         5480    locale$$data        c_w.l(lc_numeric_c.o)
    0x08003fc0   0x08003fc0   0x00000110   Data   RO         5527    locale$$data        c_w.l(lc_ctype_c.o)
    0x080040d0   0x080040d0   0x00000004   Data   RO           10    .init_array         main.o
    0x080040d4   0x080040d0   0x00000000   Data   RO         4956    .init_array         c_w.l(init_aeabi.o)


    Execution Region RW_IRAM1 (Exec base: 0x20000000, Load base: 0x080040d4, Size: 0x00001a90, Max: 0x00004000, ABSOLUTE)

    Exec Addr    Load Addr    Size         Type   Attr      Idx    E Section Name        Object

    0x20000000   0x080040d4   0x000000a4   Data   RW            9    .data               main.o
    0x200000a4   0x08004178   0x00000050   Data   RW         1019    .data               lib.o
    0x200000f4        -       0x0000013c   Zero   RW            8    .bss                main.o
    0x20000230        -       0x00000060   Zero   RW         5354    .bss                c_w.l(libspace.o)
    0x20000290        -       0x00000c00   Zero   RW         4328    HEAP                startup_stm32l1xx_mdp.o
    0x20000e90        -       0x00000c00   Zero   RW         4327    STACK               startup_stm32l1xx_mdp.o


==============================================================================

Image component sizes


      Code (inc. data)   RO Data    RW Data    ZI Data      Debug   Object Name

       332          6         32          0          0       9088   disp_dip204spi.o
      4760        412        520         80          0     298231   lib.o
       840        196          4        164        316     203418   main.o
        32          0          0          0          0        420   rtoscontext.o
        64         26        292          0       6144        836   startup_stm32l1xx_mdp.o

    ----------------------------------------------------------------------
      6044        640        880        244       6460     511993   Object Totals
         0          0         32          0          0          0   (incl. Generated)
        16          0          0          0          0          0   (incl. Padding)

    ----------------------------------------------------------------------

      Code (inc. data)   RO Data    RW Data    ZI Data      Debug   Library Member Name

         8          0          0          0          0         68   __main.o
       392          4         17          0          0         92   __printf_flags_ss_wp.o
        14          0          0          0          0         68   __printf_wp.o
         0          0          0          0          0          0   __rtentry.o
        12          0          0          0          0          0   __rtentry2.o
         6          0          0          0          0          0   __rtentry4.o
        52          8          0          0          0          0   __scatter.o
        26          0          0          0          0          0   __scatter_copy.o
        28          0          0          0          0          0   __scatter_zi.o
         6          0          0          0          0          0   _printf_a.o
         6          0          0          0          0          0   _printf_c.o
        44          0          0          0          0        108   _printf_char.o
        48          6          0          0          0         96   _printf_char_common.o
        40          0          0          0          0         68   _printf_charcount.o
         6          0          0          0          0          0   _printf_d.o
       120         16          0          0          0         92   _printf_dec.o
         6          0          0          0          0          0   _printf_e.o
         6          0          0          0          0          0   _printf_f.o
      1054          0          0          0          0        216   _printf_fp_dec.o
       128         16          0          0          0         84   _printf_fp_infnan.o
         6          0          0          0          0          0   _printf_g.o
       148          4         40          0          0        160   _printf_hex_int_ll_ptr.o
         6          0          0          0          0          0   _printf_i.o
       178          0          0          0          0         88   _printf_intcommon.o
        10          0          0          0          0          0   _printf_l.o
         6          0          0          0          0          0   _printf_lc.o
        10          0          0          0          0          0   _printf_ll.o
         6          0          0          0          0          0   _printf_lld.o
         6          0          0          0          0          0   _printf_lli.o
         6          0          0          0          0          0   _printf_llo.o
         6          0          0          0          0          0   _printf_llu.o
         6          0          0          0          0          0   _printf_llx.o
       124         16          0          0          0         92   _printf_longlong_dec.o
         6          0          0          0          0          0   _printf_ls.o
         6          0          0          0          0          0   _printf_n.o
         6          0          0          0          0          0   _printf_o.o
       112         10          0          0          0        124   _printf_oct_int_ll.o
         6          0          0          0          0          0   _printf_p.o
        78          0          0          0          0        108   _printf_pad.o
         0          0          0          0          0          0   _printf_percent.o
         4          0          0          0          0          0   _printf_percent_end.o
         6          0          0          0          0          0   _printf_s.o
        82          0          0          0          0         80   _printf_str.o
        36          0          0          0          0         84   _printf_truncate.o
         6          0          0          0          0          0   _printf_u.o
        44          0          0          0          0        108   _printf_wchar.o
       188          6          8          0          0         92   _printf_wctomb.o
         6          0          0          0          0          0   _printf_x.o
        16          0          0          0          0         68   _snputc.o
        10          0          0          0          0         68   _sputc.o
        64          0          0          0          0         92   _wcrtomb.o
        22          0          0          0          0         80   abort.o
       228          4        148          0          0         96   bigflt0.o
      1936        128          0          0          0        672   btod.o
        52          4          0          0          0         80   c89vsnprintf.o
        48         34          0          0          0         76   defsig_abrt_inner.o
        14          0          0          0          0         80   defsig_abrt_outer.o
        10          0          0          0          0         68   defsig_exit.o
        50          0          0          0          0         88   defsig_general.o
        80         58          0          0          0         76   defsig_rtmem_inner.o
        14          0          0          0          0         80   defsig_rtmem_outer.o
        18          0          0          0          0         80   exit.o
        94          0          0          0          0         80   h1_alloc.o
        52          0          0          0          0         68   h1_extend.o
        78          0          0          0          0         80   h1_free.o
        14          0          0          0          0         84   h1_init.o
         6          0          0          0          0        152   heapauxi.o
         4          0          0          0          0        136   hguard.o
         0          0          0          0          0          0   indicate_semi.o
        36         10          0          0          0         80   init_aeabi.o
       138          0          0          0          0        168   init_alloc.o
        44         10        272          0          0         76   lc_ctype_c.o
        44         10         28          0          0         76   lc_numeric_c.o
         2          0          0          0          0          0   libinit.o
        42          0          0          0          0          0   libinit2.o
         2          0          0          0          0          0   libshutdown.o
         2          0          0          0          0          0   libshutdown2.o
         8          4          0          0         96         68   libspace.o
       138          0          0          0          0         80   lludiv10.o
         0          0          0          0          0          0   maybetermalloc1.o
        16          4          0          0          0         76   rt_ctype_table.o
         8          4          0          0          0         68   rt_heap_descriptor_intlibspace.o
         8          4          0          0          0         68   rt_locale_intlibspace.o
         2          0          0          0          0          0   rtexit.o
        10          0          0          0          0          0   rtexit2.o
       128          0          0          0          0         68   strcmpv7m.o
        12          4          0          0          0         68   sys_exit.o
        74          0          0          0          0         80   sys_stackheap_outer.o
        14          0          0          0          0         76   sys_wrch.o
         2          0          0          0          0         68   use_no_semi.o
       688        140          0          0          0        208   ddiv.o
        90          4          0          0          0         92   dfixu.o
        38          0          0          0          0         68   dflt_clz.o
       340         12          0          0          0        104   dmul.o
       156          4          0          0          0         92   dnaninf.o
        12          0          0          0          0         68   dretinf.o
        24          0          0          0          0         68   fcmpi.o
       388         76          0          0          0         96   fdiv.o
        62          4          0          0          0         84   ffixu.o
        38          0          0          0          0         68   fflt_clz.o
       104          4          0          0          0         84   fleqf.o
       258          4          0          0          0         84   fmul.o
       140          4          0          0          0         84   fnaninf.o
        10          0          0          0          0         68   fretinf.o
        98          0          0          0          0         68   frleqf.o
         4          0          0          0          0         68   printf1.o
         0          0          0          0          0          0   usenofp.o
        40          0          0          0          0         68   fpclassify.o

    ----------------------------------------------------------------------
      9156        616        516          0         96       6724   Library Totals
        20          0          3          0          0          0   (incl. Padding)

    ----------------------------------------------------------------------

      Code (inc. data)   RO Data    RW Data    ZI Data      Debug   Library Name

      6646        364        513          0         96       5252   c_w.l
      2450        252          0          0          0       1404   fz_ws.l
        40          0          0          0          0         68   m_ws.l

    ----------------------------------------------------------------------
      9156        616        516          0         96       6724   Library Totals

    ----------------------------------------------------------------------

==============================================================================


      Code (inc. data)   RO Data    RW Data    ZI Data      Debug   

     15200       1256       1396        244       6556     510081   Grand Totals
     15200       1256       1396        244       6556     510081   ELF Image Totals
     15200       1256       1396        244          0          0   ROM Totals

==============================================================================

    Total RO  Size (Code + RO Data)                16596 (  16.21kB)
    Total RW  Size (RW Data + ZI Data)              6800 (   6.64kB)
    Total ROM Size (Code + RO Data + RW Data)      16840 (  16.45kB)

==============================================================================

